pushbutton.c:38:6:pushbutton_init	80	static
pushbutton.c:60:6:pushbutton_led_on	8	static
pushbutton.c:61:6:pushbutton_led_off	8	static
pushbutton.c:62:6:pushbutton_led_fade	8	static
pushbutton.c:63:6:pushbutton_led_flash	8	static
pushbutton.c:65:6:pushbutton_released	24	static
pushbutton.c:71:6:pushbutton_bumped	24	static
pushbutton.c:77:6:pushbutton_short_pressed	24	static
pushbutton.c:83:6:pushbutton_long_pressed	24	static
pushbutton.c:89:10:pushbutton_stack_space	8	static
pushbutton.c:93:10:led_stack_space	8	static
pushbutton.c:98:13:button_thread	32	static
pushbutton.c:151:13:led_thread	16	static
pushbutton.c:183:13:do_led_on	4	static
pushbutton.c:187:13:do_led_off	4	static
pushbutton.c:191:13:do_led_fade	16	static
pushbutton.c:215:13:do_led_flash	8	static
