Archive member included to satisfy reference by file (symbol)

c:/st/stm32cubeide_1.4.0/stm32cubeide/plugins/com.st.stm32cube.ide.mcu.externaltools.gnu-tools-for-stm32.7-2018-q2-update.win32_1.4.0.202007081208/tools/bin/../lib/gcc/arm-none-eabi/7.3.1/../../../../arm-none-eabi/lib/thumb/v7e-m/fpv4-sp/hard\libc_nano.a(lib_a-errno.o)
                              Src/syscalls.o (__errno)
c:/st/stm32cubeide_1.4.0/stm32cubeide/plugins/com.st.stm32cube.ide.mcu.externaltools.gnu-tools-for-stm32.7-2018-q2-update.win32_1.4.0.202007081208/tools/bin/../lib/gcc/arm-none-eabi/7.3.1/../../../../arm-none-eabi/lib/thumb/v7e-m/fpv4-sp/hard\libc_nano.a(lib_a-exit.o)
                              c:/st/stm32cubeide_1.4.0/stm32cubeide/plugins/com.st.stm32cube.ide.mcu.externaltools.gnu-tools-for-stm32.7-2018-q2-update.win32_1.4.0.202007081208/tools/bin/../lib/gcc/arm-none-eabi/7.3.1/../../../../arm-none-eabi/lib/thumb/v7e-m/fpv4-sp/hard/crt0.o (exit)
c:/st/stm32cubeide_1.4.0/stm32cubeide/plugins/com.st.stm32cube.ide.mcu.externaltools.gnu-tools-for-stm32.7-2018-q2-update.win32_1.4.0.202007081208/tools/bin/../lib/gcc/arm-none-eabi/7.3.1/../../../../arm-none-eabi/lib/thumb/v7e-m/fpv4-sp/hard\libc_nano.a(lib_a-impure.o)
                              c:/st/stm32cubeide_1.4.0/stm32cubeide/plugins/com.st.stm32cube.ide.mcu.externaltools.gnu-tools-for-stm32.7-2018-q2-update.win32_1.4.0.202007081208/tools/bin/../lib/gcc/arm-none-eabi/7.3.1/../../../../arm-none-eabi/lib/thumb/v7e-m/fpv4-sp/hard\libc_nano.a(lib_a-exit.o) (_global_impure_ptr)
c:/st/stm32cubeide_1.4.0/stm32cubeide/plugins/com.st.stm32cube.ide.mcu.externaltools.gnu-tools-for-stm32.7-2018-q2-update.win32_1.4.0.202007081208/tools/bin/../lib/gcc/arm-none-eabi/7.3.1/../../../../arm-none-eabi/lib/thumb/v7e-m/fpv4-sp/hard\libc_nano.a(lib_a-init.o)
                              c:/st/stm32cubeide_1.4.0/stm32cubeide/plugins/com.st.stm32cube.ide.mcu.externaltools.gnu-tools-for-stm32.7-2018-q2-update.win32_1.4.0.202007081208/tools/bin/../lib/gcc/arm-none-eabi/7.3.1/../../../../arm-none-eabi/lib/thumb/v7e-m/fpv4-sp/hard/crt0.o (__libc_init_array)
c:/st/stm32cubeide_1.4.0/stm32cubeide/plugins/com.st.stm32cube.ide.mcu.externaltools.gnu-tools-for-stm32.7-2018-q2-update.win32_1.4.0.202007081208/tools/bin/../lib/gcc/arm-none-eabi/7.3.1/../../../../arm-none-eabi/lib/thumb/v7e-m/fpv4-sp/hard\libc_nano.a(lib_a-memcpy-stub.o)
                              Middlewares/Third_Party/FreeRTOS/Source/CMSIS_RTOS_V2/cmsis_os2.o (memcpy)
c:/st/stm32cubeide_1.4.0/stm32cubeide/plugins/com.st.stm32cube.ide.mcu.externaltools.gnu-tools-for-stm32.7-2018-q2-update.win32_1.4.0.202007081208/tools/bin/../lib/gcc/arm-none-eabi/7.3.1/../../../../arm-none-eabi/lib/thumb/v7e-m/fpv4-sp/hard\libc_nano.a(lib_a-memset.o)
                              c:/st/stm32cubeide_1.4.0/stm32cubeide/plugins/com.st.stm32cube.ide.mcu.externaltools.gnu-tools-for-stm32.7-2018-q2-update.win32_1.4.0.202007081208/tools/bin/../lib/gcc/arm-none-eabi/7.3.1/../../../../arm-none-eabi/lib/thumb/v7e-m/fpv4-sp/hard/crt0.o (memset)
c:/st/stm32cubeide_1.4.0/stm32cubeide/plugins/com.st.stm32cube.ide.mcu.externaltools.gnu-tools-for-stm32.7-2018-q2-update.win32_1.4.0.202007081208/tools/bin/../lib/gcc/arm-none-eabi/7.3.1/thumb/v7e-m/fpv4-sp/hard\libgcc.a(_aeabi_uldivmod.o)
                              Drivers/STM32F4xx_HAL_Driver/Src/stm32f4xx_hal_rcc.o (__aeabi_uldivmod)
c:/st/stm32cubeide_1.4.0/stm32cubeide/plugins/com.st.stm32cube.ide.mcu.externaltools.gnu-tools-for-stm32.7-2018-q2-update.win32_1.4.0.202007081208/tools/bin/../lib/gcc/arm-none-eabi/7.3.1/thumb/v7e-m/fpv4-sp/hard\libgcc.a(_udivmoddi4.o)
                              c:/st/stm32cubeide_1.4.0/stm32cubeide/plugins/com.st.stm32cube.ide.mcu.externaltools.gnu-tools-for-stm32.7-2018-q2-update.win32_1.4.0.202007081208/tools/bin/../lib/gcc/arm-none-eabi/7.3.1/thumb/v7e-m/fpv4-sp/hard\libgcc.a(_aeabi_uldivmod.o) (__udivmoddi4)
c:/st/stm32cubeide_1.4.0/stm32cubeide/plugins/com.st.stm32cube.ide.mcu.externaltools.gnu-tools-for-stm32.7-2018-q2-update.win32_1.4.0.202007081208/tools/bin/../lib/gcc/arm-none-eabi/7.3.1/thumb/v7e-m/fpv4-sp/hard\libgcc.a(_dvmd_tls.o)
                              c:/st/stm32cubeide_1.4.0/stm32cubeide/plugins/com.st.stm32cube.ide.mcu.externaltools.gnu-tools-for-stm32.7-2018-q2-update.win32_1.4.0.202007081208/tools/bin/../lib/gcc/arm-none-eabi/7.3.1/thumb/v7e-m/fpv4-sp/hard\libgcc.a(_aeabi_uldivmod.o) (__aeabi_ldiv0)

Allocating common symbols
Common symbol       size              file

pushbutton_flags    0x4               Src/main.o
uwTick              0x4               Drivers/STM32F4xx_HAL_Driver/Src/stm32f4xx_hal.o
xQueueRegistry      0x40              Middlewares/Third_Party/FreeRTOS/Source/queue.o
pFlash              0x20              Drivers/STM32F4xx_HAL_Driver/Src/stm32f4xx_hal_flash.o
htim5               0x40              Src/main.o
StateMachineHandle  0x4               Src/main.o
htim11              0x40              Src/stm32f4xx_hal_timebase_tim.o
[...]
Memory Configuration

Name             Origin             Length             Attributes
RAM              0x0000000020000000 0x0000000000018000 xrw
FLASH            0x0000000008000000 0x0000000000080000 xr
*default*        0x0000000000000000 0xffffffffffffffff

Linker script and memory map

LOAD c:/st/stm32cubeide_1.4.0/stm32cubeide/plugins/com.st.stm32cube.ide.mcu.externaltools.gnu-tools-for-stm32.7-2018-q2-update.win32_1.4.0.202007081208/tools/bin/../lib/gcc/arm-none-eabi/7.3.1/thumb/v7e-m/fpv4-sp/hard/crti.o
LOAD c:/st/stm32cubeide_1.4.0/stm32cubeide/plugins/com.st.stm32cube.ide.mcu.externaltools.gnu-tools-for-stm32.7-2018-q2-update.win32_1.4.0.202007081208/tools/bin/../lib/gcc/arm-none-eabi/7.3.1/thumb/v7e-m/fpv4-sp/hard/crtbegin.o
LOAD c:/st/stm32cubeide_1.4.0/stm32cubeide/plugins/com.st.stm32cube.ide.mcu.externaltools.gnu-tools-for-stm32.7-2018-q2-update.win32_1.4.0.202007081208/tools/bin/../lib/gcc/arm-none-eabi/7.3.1/../../../../arm-none-eabi/lib/thumb/v7e-m/fpv4-sp/hard/crt0.o
LOAD Drivers/STM32F4xx_HAL_Driver/Src/stm32f4xx_hal.o
LOAD Drivers/STM32F4xx_HAL_Driver/Src/stm32f4xx_hal_cortex.o
LOAD Drivers/STM32F4xx_HAL_Driver/Src/stm32f4xx_hal_dma.o
LOAD Drivers/STM32F4xx_HAL_Driver/Src/stm32f4xx_hal_dma_ex.o
LOAD Drivers/STM32F4xx_HAL_Driver/Src/stm32f4xx_hal_exti.o
LOAD Drivers/STM32F4xx_HAL_Driver/Src/stm32f4xx_hal_flash.o
LOAD Drivers/STM32F4xx_HAL_Driver/Src/stm32f4xx_hal_flash_ex.o
LOAD Drivers/STM32F4xx_HAL_Driver/Src/stm32f4xx_hal_flash_ramfunc.o
LOAD Drivers/STM32F4xx_HAL_Driver/Src/stm32f4xx_hal_gpio.o
LOAD Drivers/STM32F4xx_HAL_Driver/Src/stm32f4xx_hal_pwr.o
LOAD Drivers/STM32F4xx_HAL_Driver/Src/stm32f4xx_hal_pwr_ex.o
LOAD Drivers/STM32F4xx_HAL_Driver/Src/stm32f4xx_hal_rcc.o
LOAD Drivers/STM32F4xx_HAL_Driver/Src/stm32f4xx_hal_rcc_ex.o
LOAD Drivers/STM32F4xx_HAL_Driver/Src/stm32f4xx_hal_tim.o
LOAD Drivers/STM32F4xx_HAL_Driver/Src/stm32f4xx_hal_tim_ex.o
LOAD Middlewares/Third_Party/FreeRTOS/Source/CMSIS_RTOS_V2/cmsis_os2.o
LOAD Middlewares/Third_Party/FreeRTOS/Source/croutine.o
LOAD Middlewares/Third_Party/FreeRTOS/Source/event_groups.o
LOAD Middlewares/Third_Party/FreeRTOS/Source/list.o
LOAD Middlewares/Third_Party/FreeRTOS/Source/queue.o
LOAD Middlewares/Third_Party/FreeRTOS/Source/stream_buffer.o
LOAD Middlewares/Third_Party/FreeRTOS/Source/tasks.o
LOAD Middlewares/Third_Party/FreeRTOS/Source/timers.o
LOAD Middlewares/Third_Party/FreeRTOS/Source/portable/GCC/ARM_CM4F/port.o
LOAD Middlewares/Third_Party/FreeRTOS/Source/portable/MemMang/heap_4.o
LOAD Src/bargraph.o
LOAD Src/buzzer.o
LOAD Src/freertos.o
LOAD Src/main.o
LOAD Src/pushbutton.o
LOAD Src/stm32f4xx_hal_msp.o
LOAD Src/stm32f4xx_hal_timebase_tim.o
LOAD Src/stm32f4xx_it.o
LOAD Src/syscalls.o
LOAD Src/sysmem.o
LOAD Src/system_stm32f4xx.o
LOAD Startup/startup_stm32f401retx.o
START GROUP
LOAD c:/st/stm32cubeide_1.4.0/stm32cubeide/plugins/com.st.stm32cube.ide.mcu.externaltools.gnu-tools-for-stm32.7-2018-q2-update.win32_1.4.0.202007081208/tools/bin/../lib/gcc/arm-none-eabi/7.3.1/../../../../arm-none-eabi/lib/thumb/v7e-m/fpv4-sp/hard\libc_nano.a
LOAD c:/st/stm32cubeide_1.4.0/stm32cubeide/plugins/com.st.stm32cube.ide.mcu.externaltools.gnu-tools-for-stm32.7-2018-q2-update.win32_1.4.0.202007081208/tools/bin/../lib/gcc/arm-none-eabi/7.3.1/../../../../arm-none-eabi/lib/thumb/v7e-m/fpv4-sp/hard\libm.a
END GROUP
START GROUP
LOAD c:/st/stm32cubeide_1.4.0/stm32cubeide/plugins/com.st.stm32cube.ide.mcu.externaltools.gnu-tools-for-stm32.7-2018-q2-update.win32_1.4.0.202007081208/tools/bin/../lib/gcc/arm-none-eabi/7.3.1/thumb/v7e-m/fpv4-sp/hard\libgcc.a
LOAD c:/st/stm32cubeide_1.4.0/stm32cubeide/plugins/com.st.stm32cube.ide.mcu.externaltools.gnu-tools-for-stm32.7-2018-q2-update.win32_1.4.0.202007081208/tools/bin/../lib/gcc/arm-none-eabi/7.3.1/../../../../arm-none-eabi/lib/thumb/v7e-m/fpv4-sp/hard\libc_nano.a
END GROUP
START GROUP
LOAD c:/st/stm32cubeide_1.4.0/stm32cubeide/plugins/com.st.stm32cube.ide.mcu.externaltools.gnu-tools-for-stm32.7-2018-q2-update.win32_1.4.0.202007081208/tools/bin/../lib/gcc/arm-none-eabi/7.3.1/thumb/v7e-m/fpv4-sp/hard\libgcc.a
LOAD c:/st/stm32cubeide_1.4.0/stm32cubeide/plugins/com.st.stm32cube.ide.mcu.externaltools.gnu-tools-for-stm32.7-2018-q2-update.win32_1.4.0.202007081208/tools/bin/../lib/gcc/arm-none-eabi/7.3.1/../../../../arm-none-eabi/lib/thumb/v7e-m/fpv4-sp/hard\libc_nano.a
LOAD c:/st/stm32cubeide_1.4.0/stm32cubeide/plugins/com.st.stm32cube.ide.mcu.externaltools.gnu-tools-for-stm32.7-2018-q2-update.win32_1.4.0.202007081208/tools/bin/../lib/gcc/arm-none-eabi/7.3.1/../../../../arm-none-eabi/lib/thumb/v7e-m/fpv4-sp/hard\libnosys.a
END GROUP
START GROUP
LOAD c:/st/stm32cubeide_1.4.0/stm32cubeide/plugins/com.st.stm32cube.ide.mcu.externaltools.gnu-tools-for-stm32.7-2018-q2-update.win32_1.4.0.202007081208/tools/bin/../lib/gcc/arm-none-eabi/7.3.1/thumb/v7e-m/fpv4-sp/hard\libgcc.a
LOAD c:/st/stm32cubeide_1.4.0/stm32cubeide/plugins/com.st.stm32cube.ide.mcu.externaltools.gnu-tools-for-stm32.7-2018-q2-update.win32_1.4.0.202007081208/tools/bin/../lib/gcc/arm-none-eabi/7.3.1/../../../../arm-none-eabi/lib/thumb/v7e-m/fpv4-sp/hard\libc_nano.a
LOAD c:/st/stm32cubeide_1.4.0/stm32cubeide/plugins/com.st.stm32cube.ide.mcu.externaltools.gnu-tools-for-stm32.7-2018-q2-update.win32_1.4.0.202007081208/tools/bin/../lib/gcc/arm-none-eabi/7.3.1/../../../../arm-none-eabi/lib/thumb/v7e-m/fpv4-sp/hard\libnosys.a
END GROUP
LOAD c:/st/stm32cubeide_1.4.0/stm32cubeide/plugins/com.st.stm32cube.ide.mcu.externaltools.gnu-tools-for-stm32.7-2018-q2-update.win32_1.4.0.202007081208/tools/bin/../lib/gcc/arm-none-eabi/7.3.1/thumb/v7e-m/fpv4-sp/hard/crtend.o
LOAD c:/st/stm32cubeide_1.4.0/stm32cubeide/plugins/com.st.stm32cube.ide.mcu.externaltools.gnu-tools-for-stm32.7-2018-q2-update.win32_1.4.0.202007081208/tools/bin/../lib/gcc/arm-none-eabi/7.3.1/thumb/v7e-m/fpv4-sp/hard/crtn.o
                0x0000000020018000                _estack = 0x20018000
                0x0000000000000200                _Min_Heap_Size = 0x200
                0x0000000000000800                _Min_Stack_Size = 0x800

.isr_vector     0x0000000008000000      0x194
                0x0000000008000000                . = ALIGN (0x4)
 *(.isr_vector)
 .isr_vector    0x0000000008000000      0x194 Startup/startup_stm32f401retx.o
                0x0000000008000000                g_pfnVectors
                0x0000000008000194                . = ALIGN (0x4)

.text           0x00000000080001a0     0x61c4
                0x00000000080001a0                . = ALIGN (0x4)
 *(.text)
 .text          0x00000000080001a0       0x40 c:/st/stm32cubeide_1.4.0/stm32cubeide/plugins/com.st.stm32cube.ide.mcu.externaltools.gnu-tools-for-stm32.7-2018-q2-update.win32_1.4.0.202007081208/tools/bin/../lib/gcc/arm-none-eabi/7.3.1/thumb/v7e-m/fpv4-sp/hard/crtbegin.o
 .text          0x00000000080001e0       0x30 c:/st/stm32cubeide_1.4.0/stm32cubeide/plugins/com.st.stm32cube.ide.mcu.externaltools.gnu-tools-for-stm32.7-2018-q2-update.win32_1.4.0.202007081208/tools/bin/../lib/gcc/arm-none-eabi/7.3.1/thumb/v7e-m/fpv4-sp/hard\libgcc.a(_aeabi_uldivmod.o)
                0x00000000080001e0                __aeabi_uldivmod
 .text          0x0000000008000210      0x2cc c:/st/stm32cubeide_1.4.0/stm32cubeide/plugins/com.st.stm32cube.ide.mcu.externaltools.gnu-tools-for-stm32.7-2018-q2-update.win32_1.4.0.202007081208/tools/bin/../lib/gcc/arm-none-eabi/7.3.1/thumb/v7e-m/fpv4-sp/hard\libgcc.a(_udivmoddi4.o)
                0x0000000008000210                __udivmoddi4
 .text          0x00000000080004dc        0x4 c:/st/stm32cubeide_1.4.0/stm32cubeide/plugins/com.st.stm32cube.ide.mcu.externaltools.gnu-tools-for-stm32.7-2018-q2-update.win32_1.4.0.202007081208/tools/bin/../lib/gcc/arm-none-eabi/7.3.1/thumb/v7e-m/fpv4-sp/hard\libgcc.a(_dvmd_tls.o)
                0x00000000080004dc                __aeabi_idiv0
                0x00000000080004dc                __aeabi_ldiv0
 *(.text*)
 .text.HAL_Init
                0x00000000080004e0       0x44 Drivers/STM32F4xx_HAL_Driver/Src/stm32f4xx_hal.o
                0x00000000080004e0                HAL_Init
 .text.HAL_IncTick
                0x0000000008000524       0x28 Drivers/STM32F4xx_HAL_Driver/Src/stm32f4xx_hal.o
                0x0000000008000524                HAL_IncTick
 .text.HAL_GetTick
                0x000000000800054c       0x18 Drivers/STM32F4xx_HAL_Driver/Src/stm32f4xx_hal.o
                0x000000000800054c                HAL_GetTick
 .text.__NVIC_SetPriorityGrouping
                0x0000000008000564       0x48 Drivers/STM32F4xx_HAL_Driver/Src/stm32f4xx_hal_cortex.o
 .text.__NVIC_GetPriorityGrouping
                0x00000000080005ac       0x1c Drivers/STM32F4xx_HAL_Driver/Src/stm32f4xx_hal_cortex.o
 .text.__NVIC_EnableIRQ
                0x00000000080005c8       0x3c Drivers/STM32F4xx_HAL_Driver/Src/stm32f4xx_hal_cortex.o
 .text.__NVIC_SetPriority
                0x0000000008000604       0x54 Drivers/STM32F4xx_HAL_Driver/Src/stm32f4xx_hal_cortex.o
 .text.NVIC_EncodePriority
                0x0000000008000658       0x66 Drivers/STM32F4xx_HAL_Driver/Src/stm32f4xx_hal_cortex.o
 .text.HAL_NVIC_SetPriorityGrouping
                0x00000000080006be       0x16 Drivers/STM32F4xx_HAL_Driver/Src/stm32f4xx_hal_cortex.o
                0x00000000080006be                HAL_NVIC_SetPriorityGrouping
 .text.HAL_NVIC_SetPriority
                0x00000000080006d4       0x38 Drivers/STM32F4xx_HAL_Driver/Src/stm32f4xx_hal_cortex.o
                0x00000000080006d4                HAL_NVIC_SetPriority
 .text.HAL_NVIC_EnableIRQ
                0x000000000800070c       0x1c Drivers/STM32F4xx_HAL_Driver/Src/stm32f4xx_hal_cortex.o
                0x000000000800070c                HAL_NVIC_EnableIRQ
 .text.HAL_GPIO_Init
                0x0000000008000728      0x304 Drivers/STM32F4xx_HAL_Driver/Src/stm32f4xx_hal_gpio.o
                0x0000000008000728                HAL_GPIO_Init
 .text.HAL_GPIO_ReadPin
                0x0000000008000a2c       0x30 Drivers/STM32F4xx_HAL_Driver/Src/stm32f4xx_hal_gpio.o
                0x0000000008000a2c                HAL_GPIO_ReadPin
 .text.HAL_GPIO_WritePin
                0x0000000008000a5c       0x32 Drivers/STM32F4xx_HAL_Driver/Src/stm32f4xx_hal_gpio.o
                0x0000000008000a5c                HAL_GPIO_WritePin
 .text.HAL_GPIO_TogglePin
                0x0000000008000a8e       0x36 Drivers/STM32F4xx_HAL_Driver/Src/stm32f4xx_hal_gpio.o
                0x0000000008000a8e                HAL_GPIO_TogglePin
 .text.HAL_RCC_OscConfig
                0x0000000008000ac4      0x4e0 Drivers/STM32F4xx_HAL_Driver/Src/stm32f4xx_hal_rcc.o
                0x0000000008000ac4                HAL_RCC_OscConfig
 .text.HAL_RCC_ClockConfig
                0x0000000008000fa4      0x1cc Drivers/STM32F4xx_HAL_Driver/Src/stm32f4xx_hal_rcc.o
                0x0000000008000fa4                HAL_RCC_ClockConfig
 .text.HAL_RCC_GetSysClockFreq
                0x0000000008001170      0x1b0 Drivers/STM32F4xx_HAL_Driver/Src/stm32f4xx_hal_rcc.o
                0x0000000008001170                HAL_RCC_GetSysClockFreq
 .text.HAL_RCC_GetHCLKFreq
                0x0000000008001320       0x18 Drivers/STM32F4xx_HAL_Driver/Src/stm32f4xx_hal_rcc.o
                0x0000000008001320                HAL_RCC_GetHCLKFreq
 .text.HAL_RCC_GetPCLK2Freq
                0x0000000008001338       0x28 Drivers/STM32F4xx_HAL_Driver/Src/stm32f4xx_hal_rcc.o
                0x0000000008001338                HAL_RCC_GetPCLK2Freq
 .text.HAL_RCC_GetClockConfig
                0x0000000008001360       0x64 Drivers/STM32F4xx_HAL_Driver/Src/stm32f4xx_hal_rcc.o
                0x0000000008001360                HAL_RCC_GetClockConfig
 .text.HAL_TIM_Base_Init
                0x00000000080013c4       0x56 Drivers/STM32F4xx_HAL_Driver/Src/stm32f4xx_hal_tim.o
                0x00000000080013c4                HAL_TIM_Base_Init
 .text.HAL_TIM_Base_Start_IT
                0x000000000800141a       0x48 Drivers/STM32F4xx_HAL_Driver/Src/stm32f4xx_hal_tim.o
                0x000000000800141a                HAL_TIM_Base_Start_IT
 .text.HAL_TIM_OC_Init
                0x0000000008001462       0x56 Drivers/STM32F4xx_HAL_Driver/Src/stm32f4xx_hal_tim.o
                0x0000000008001462                HAL_TIM_OC_Init
 .text.HAL_TIM_OC_MspInit
                0x00000000080014b8       0x14 Drivers/STM32F4xx_HAL_Driver/Src/stm32f4xx_hal_tim.o
                0x00000000080014b8                HAL_TIM_OC_MspInit
 .text.HAL_TIM_PWM_Init
                0x00000000080014cc       0x56 Drivers/STM32F4xx_HAL_Driver/Src/stm32f4xx_hal_tim.o
                0x00000000080014cc                HAL_TIM_PWM_Init
 *fill*         0x0000000008001522        0x2 
 .text.HAL_TIM_PWM_Start
                0x0000000008001524       0x64 Drivers/STM32F4xx_HAL_Driver/Src/stm32f4xx_hal_tim.o
                0x0000000008001524                HAL_TIM_PWM_Start
 .text.HAL_TIM_IRQHandler
                0x0000000008001588      0x210 Drivers/STM32F4xx_HAL_Driver/Src/stm32f4xx_hal_tim.o
                0x0000000008001588                HAL_TIM_IRQHandler
 .text.HAL_TIM_OC_ConfigChannel
                0x0000000008001798       0xc0 Drivers/STM32F4xx_HAL_Driver/Src/stm32f4xx_hal_tim.o
                0x0000000008001798                HAL_TIM_OC_ConfigChannel
 .text.HAL_TIM_PWM_ConfigChannel
                0x0000000008001858      0x18c Drivers/STM32F4xx_HAL_Driver/Src/stm32f4xx_hal_tim.o
                0x0000000008001858                HAL_TIM_PWM_ConfigChannel
 .text.HAL_TIM_ConfigClockSource
                0x00000000080019e4      0x16e Drivers/STM32F4xx_HAL_Driver/Src/stm32f4xx_hal_tim.o
                0x00000000080019e4                HAL_TIM_ConfigClockSource
 .text.HAL_TIM_OC_DelayElapsedCallback
                0x0000000008001b52       0x14 Drivers/STM32F4xx_HAL_Driver/Src/stm32f4xx_hal_tim.o
                0x0000000008001b52                HAL_TIM_OC_DelayElapsedCallback
 .text.HAL_TIM_IC_CaptureCallback
                0x0000000008001b66       0x14 Drivers/STM32F4xx_HAL_Driver/Src/stm32f4xx_hal_tim.o
                0x0000000008001b66                HAL_TIM_IC_CaptureCallback
 .text.HAL_TIM_PWM_PulseFinishedCallback
                0x0000000008001b7a       0x14 Drivers/STM32F4xx_HAL_Driver/Src/stm32f4xx_hal_tim.o
                0x0000000008001b7a                HAL_TIM_PWM_PulseFinishedCallback
 .text.HAL_TIM_TriggerCallback
                0x0000000008001b8e       0x14 Drivers/STM32F4xx_HAL_Driver/Src/stm32f4xx_hal_tim.o
                0x0000000008001b8e                HAL_TIM_TriggerCallback
 *fill*         0x0000000008001ba2        0x2 
 .text.TIM_Base_SetConfig
                0x0000000008001ba4      0x100 Drivers/STM32F4xx_HAL_Driver/Src/stm32f4xx_hal_tim.o
                0x0000000008001ba4                TIM_Base_SetConfig
 .text.TIM_OC1_SetConfig
                0x0000000008001ca4       0xcc Drivers/STM32F4xx_HAL_Driver/Src/stm32f4xx_hal_tim.o
 .text.TIM_OC2_SetConfig
                0x0000000008001d70       0xd8 Drivers/STM32F4xx_HAL_Driver/Src/stm32f4xx_hal_tim.o
                0x0000000008001d70                TIM_OC2_SetConfig
 .text.TIM_OC3_SetConfig
                0x0000000008001e48       0xd4 Drivers/STM32F4xx_HAL_Driver/Src/stm32f4xx_hal_tim.o
 .text.TIM_OC4_SetConfig
                0x0000000008001f1c       0xa0 Drivers/STM32F4xx_HAL_Driver/Src/stm32f4xx_hal_tim.o
 .text.TIM_TI1_ConfigInputStage
                0x0000000008001fbc       0x5e Drivers/STM32F4xx_HAL_Driver/Src/stm32f4xx_hal_tim.o
 .text.TIM_TI2_ConfigInputStage
                0x000000000800201a       0x60 Drivers/STM32F4xx_HAL_Driver/Src/stm32f4xx_hal_tim.o
 .text.TIM_ITRx_SetConfig
                0x000000000800207a       0x36 Drivers/STM32F4xx_HAL_Driver/Src/stm32f4xx_hal_tim.o
 .text.TIM_ETR_SetConfig
                0x00000000080020b0       0x40 Drivers/STM32F4xx_HAL_Driver/Src/stm32f4xx_hal_tim.o
                0x00000000080020b0                TIM_ETR_SetConfig
 .text.TIM_CCxChannelCmd
                0x00000000080020f0       0x4a Drivers/STM32F4xx_HAL_Driver/Src/stm32f4xx_hal_tim.o
                0x00000000080020f0                TIM_CCxChannelCmd
 *fill*         0x000000000800213a        0x2 
 .text.HAL_TIMEx_MasterConfigSynchronization
                0x000000000800213c       0xdc Drivers/STM32F4xx_HAL_Driver/Src/stm32f4xx_hal_tim_ex.o
                0x000000000800213c                HAL_TIMEx_MasterConfigSynchronization
 .text.HAL_TIMEx_CommutCallback
                0x0000000008002218       0x14 Drivers/STM32F4xx_HAL_Driver/Src/stm32f4xx_hal_tim_ex.o
                0x0000000008002218                HAL_TIMEx_CommutCallback
 .text.HAL_TIMEx_BreakCallback
                0x000000000800222c       0x14 Drivers/STM32F4xx_HAL_Driver/Src/stm32f4xx_hal_tim_ex.o
                0x000000000800222c                HAL_TIMEx_BreakCallback
 .text.SVC_Setup
                0x0000000008002240        0xe Middlewares/Third_Party/FreeRTOS/Source/CMSIS_RTOS_V2/cmsis_os2.o
 *fill*         0x000000000800224e        0x2 
 .text.osKernelInitialize
                0x0000000008002250       0x68 Middlewares/Third_Party/FreeRTOS/Source/CMSIS_RTOS_V2/cmsis_os2.o
                0x0000000008002250                osKernelInitialize
 .text.osKernelStart
                0x00000000080022b8       0x6c Middlewares/Third_Party/FreeRTOS/Source/CMSIS_RTOS_V2/cmsis_os2.o
                0x00000000080022b8                osKernelStart
 .text.osThreadNew
                0x0000000008002324      0x14c Middlewares/Third_Party/FreeRTOS/Source/CMSIS_RTOS_V2/cmsis_os2.o
                0x0000000008002324                osThreadNew
 .text.osThreadGetStackSpace
                0x0000000008002470       0x5c Middlewares/Third_Party/FreeRTOS/Source/CMSIS_RTOS_V2/cmsis_os2.o
                0x0000000008002470                osThreadGetStackSpace
 .text.osDelay  0x00000000080024cc       0x5c Middlewares/Third_Party/FreeRTOS/Source/CMSIS_RTOS_V2/cmsis_os2.o
                0x00000000080024cc                osDelay
 .text.osEventFlagsNew
                0x0000000008002528       0xa4 Middlewares/Third_Party/FreeRTOS/Source/CMSIS_RTOS_V2/cmsis_os2.o
                0x0000000008002528                osEventFlagsNew
 .text.osEventFlagsSet
                0x00000000080025cc       0xb0 Middlewares/Third_Party/FreeRTOS/Source/CMSIS_RTOS_V2/cmsis_os2.o
                0x00000000080025cc                osEventFlagsSet
 .text.osEventFlagsClear
                0x000000000800267c       0x88 Middlewares/Third_Party/FreeRTOS/Source/CMSIS_RTOS_V2/cmsis_os2.o
                0x000000000800267c                osEventFlagsClear
 .text.osEventFlagsGet
                0x0000000008002704       0x68 Middlewares/Third_Party/FreeRTOS/Source/CMSIS_RTOS_V2/cmsis_os2.o
                0x0000000008002704                osEventFlagsGet
 .text.osEventFlagsWait
                0x000000000800276c       0xec Middlewares/Third_Party/FreeRTOS/Source/CMSIS_RTOS_V2/cmsis_os2.o
                0x000000000800276c                osEventFlagsWait
 .text.vApplicationGetIdleTaskMemory
                0x0000000008002858       0x34 Middlewares/Third_Party/FreeRTOS/Source/CMSIS_RTOS_V2/cmsis_os2.o
                0x0000000008002858                vApplicationGetIdleTaskMemory
 .text.vApplicationGetTimerTaskMemory
                0x000000000800288c       0x34 Middlewares/Third_Party/FreeRTOS/Source/CMSIS_RTOS_V2/cmsis_os2.o
                0x000000000800288c                vApplicationGetTimerTaskMemory
 .text.xEventGroupCreateStatic
                0x00000000080028c0       0x6a Middlewares/Third_Party/FreeRTOS/Source/event_groups.o
                0x00000000080028c0                xEventGroupCreateStatic
 .text.xEventGroupCreate
                0x000000000800292a       0x34 Middlewares/Third_Party/FreeRTOS/Source/event_groups.o
                0x000000000800292a                xEventGroupCreate
 *fill*         0x000000000800295e        0x2 
 .text.xEventGroupWaitBits
                0x0000000008002960      0x194 Middlewares/Third_Party/FreeRTOS/Source/event_groups.o
                0x0000000008002960                xEventGroupWaitBits
 .text.xEventGroupClearBits
                0x0000000008002af4       0x6c Middlewares/Third_Party/FreeRTOS/Source/event_groups.o
                0x0000000008002af4                xEventGroupClearBits
 .text.xEventGroupClearBitsFromISR
                0x0000000008002b60       0x28 Middlewares/Third_Party/FreeRTOS/Source/event_groups.o
                0x0000000008002b60                xEventGroupClearBitsFromISR
 .text.xEventGroupGetBitsFromISR
                0x0000000008002b88       0x46 Middlewares/Third_Party/FreeRTOS/Source/event_groups.o
                0x0000000008002b88                xEventGroupGetBitsFromISR
 .text.xEventGroupSetBits
                0x0000000008002bce      0x112 Middlewares/Third_Party/FreeRTOS/Source/event_groups.o
                0x0000000008002bce                xEventGroupSetBits
 .text.vEventGroupSetBitsCallback
                0x0000000008002ce0       0x1a Middlewares/Third_Party/FreeRTOS/Source/event_groups.o
                0x0000000008002ce0                vEventGroupSetBitsCallback
 .text.vEventGroupClearBitsCallback
                0x0000000008002cfa       0x1a Middlewares/Third_Party/FreeRTOS/Source/event_groups.o
                0x0000000008002cfa                vEventGroupClearBitsCallback
 .text.prvTestWaitCondition
                0x0000000008002d14       0x44 Middlewares/Third_Party/FreeRTOS/Source/event_groups.o
 .text.xEventGroupSetBitsFromISR
                0x0000000008002d58       0x28 Middlewares/Third_Party/FreeRTOS/Source/event_groups.o
                0x0000000008002d58                xEventGroupSetBitsFromISR
 .text.vListInitialise
                0x0000000008002d80       0x40 Middlewares/Third_Party/FreeRTOS/Source/list.o
                0x0000000008002d80                vListInitialise
 .text.vListInitialiseItem
                0x0000000008002dc0       0x1a Middlewares/Third_Party/FreeRTOS/Source/list.o
                0x0000000008002dc0                vListInitialiseItem
 .text.vListInsertEnd
                0x0000000008002dda       0x48 Middlewares/Third_Party/FreeRTOS/Source/list.o
                0x0000000008002dda                vListInsertEnd
 .text.vListInsert
                0x0000000008002e22       0x72 Middlewares/Third_Party/FreeRTOS/Source/list.o
                0x0000000008002e22                vListInsert
 .text.uxListRemove
                0x0000000008002e94       0x54 Middlewares/Third_Party/FreeRTOS/Source/list.o
                0x0000000008002e94                uxListRemove
 .text.xQueueGenericReset
                0x0000000008002ee8       0xd0 Middlewares/Third_Party/FreeRTOS/Source/queue.o
                0x0000000008002ee8                xQueueGenericReset
 .text.xQueueGenericCreateStatic
                0x0000000008002fb8       0xe6 Middlewares/Third_Party/FreeRTOS/Source/queue.o
                0x0000000008002fb8                xQueueGenericCreateStatic
 .text.prvInitialiseNewQueue
                0x000000000800309e       0x46 Middlewares/Third_Party/FreeRTOS/Source/queue.o
 .text.xQueueGenericSend
                0x00000000080030e4      0x1f4 Middlewares/Third_Party/FreeRTOS/Source/queue.o
                0x00000000080030e4                xQueueGenericSend
 .text.xQueueGenericSendFromISR
                0x00000000080032d8      0x128 Middlewares/Third_Party/FreeRTOS/Source/queue.o
                0x00000000080032d8                xQueueGenericSendFromISR
 .text.xQueueReceive
                0x0000000008003400      0x1b8 Middlewares/Third_Party/FreeRTOS/Source/queue.o
                0x0000000008003400                xQueueReceive
 .text.prvCopyDataToQueue
                0x00000000080035b8       0xd4 Middlewares/Third_Party/FreeRTOS/Source/queue.o
 .text.prvCopyDataFromQueue
                0x000000000800368c       0x4c Middlewares/Third_Party/FreeRTOS/Source/queue.o
 .text.prvUnlockQueue
                0x00000000080036d8       0xa4 Middlewares/Third_Party/FreeRTOS/Source/queue.o
 .text.prvIsQueueEmpty
                0x000000000800377c       0x2c Middlewares/Third_Party/FreeRTOS/Source/queue.o
 .text.prvIsQueueFull
                0x00000000080037a8       0x30 Middlewares/Third_Party/FreeRTOS/Source/queue.o
 .text.vQueueAddToRegistry
                0x00000000080037d8       0x50 Middlewares/Third_Party/FreeRTOS/Source/queue.o
                0x00000000080037d8                vQueueAddToRegistry
 .text.vQueueWaitForMessageRestricted
                0x0000000008003828       0x68 Middlewares/Third_Party/FreeRTOS/Source/queue.o
                0x0000000008003828                vQueueWaitForMessageRestricted
 .text.xTaskCreateStatic
                0x0000000008003890       0xb4 Middlewares/Third_Party/FreeRTOS/Source/tasks.o
                0x0000000008003890                xTaskCreateStatic
 .text.xTaskCreate
                0x0000000008003944       0x8a Middlewares/Third_Party/FreeRTOS/Source/tasks.o
                0x0000000008003944                xTaskCreate
 .text.prvInitialiseNewTask
                0x00000000080039ce      0x122 Middlewares/Third_Party/FreeRTOS/Source/tasks.o
 .text.prvAddNewTaskToReadyList
                0x0000000008003af0       0xe0 Middlewares/Third_Party/FreeRTOS/Source/tasks.o
 .text.vTaskDelay
                0x0000000008003bd0       0x68 Middlewares/Third_Party/FreeRTOS/Source/tasks.o
                0x0000000008003bd0                vTaskDelay
 .text.vTaskStartScheduler
                0x0000000008003c38       0xc8 Middlewares/Third_Party/FreeRTOS/Source/tasks.o
                0x0000000008003c38                vTaskStartScheduler
 .text.vTaskSuspendAll
                0x0000000008003d00       0x1c Middlewares/Third_Party/FreeRTOS/Source/tasks.o
                0x0000000008003d00                vTaskSuspendAll
 .text.xTaskResumeAll
                0x0000000008003d1c      0x138 Middlewares/Third_Party/FreeRTOS/Source/tasks.o
                0x0000000008003d1c                xTaskResumeAll
 .text.xTaskGetTickCount
                0x0000000008003e54       0x20 Middlewares/Third_Party/FreeRTOS/Source/tasks.o
                0x0000000008003e54                xTaskGetTickCount
 .text.xTaskIncrementTick
                0x0000000008003e74      0x170 Middlewares/Third_Party/FreeRTOS/Source/tasks.o
                0x0000000008003e74                xTaskIncrementTick
 .text.vTaskSwitchContext
                0x0000000008003fe4       0xb8 Middlewares/Third_Party/FreeRTOS/Source/tasks.o
                0x0000000008003fe4                vTaskSwitchContext
 .text.vTaskPlaceOnEventList
                0x000000000800409c       0x48 Middlewares/Third_Party/FreeRTOS/Source/tasks.o
                0x000000000800409c                vTaskPlaceOnEventList
 .text.vTaskPlaceOnUnorderedEventList
                0x00000000080040e4       0x74 Middlewares/Third_Party/FreeRTOS/Source/tasks.o
                0x00000000080040e4                vTaskPlaceOnUnorderedEventList
 .text.vTaskPlaceOnEventListRestricted
                0x0000000008004158       0x54 Middlewares/Third_Party/FreeRTOS/Source/tasks.o
                0x0000000008004158                vTaskPlaceOnEventListRestricted
 .text.xTaskRemoveFromEventList
                0x00000000080041ac       0xc4 Middlewares/Third_Party/FreeRTOS/Source/tasks.o
                0x00000000080041ac                xTaskRemoveFromEventList
 .text.vTaskRemoveFromUnorderedEventList
                0x0000000008004270       0xc0 Middlewares/Third_Party/FreeRTOS/Source/tasks.o
                0x0000000008004270                vTaskRemoveFromUnorderedEventList
 .text.vTaskInternalSetTimeOutState
                0x0000000008004330       0x2c Middlewares/Third_Party/FreeRTOS/Source/tasks.o
                0x0000000008004330                vTaskInternalSetTimeOutState
 .text.xTaskCheckForTimeOut
                0x000000000800435c       0xc0 Middlewares/Third_Party/FreeRTOS/Source/tasks.o
                0x000000000800435c                xTaskCheckForTimeOut
 .text.vTaskMissedYield
                0x000000000800441c       0x18 Middlewares/Third_Party/FreeRTOS/Source/tasks.o
                0x000000000800441c                vTaskMissedYield
 .text.prvIdleTask
                0x0000000008004434       0x30 Middlewares/Third_Party/FreeRTOS/Source/tasks.o
 .text.prvInitialiseTaskLists
                0x0000000008004464       0x80 Middlewares/Third_Party/FreeRTOS/Source/tasks.o
 .text.prvCheckTasksWaitingTermination
                0x00000000080044e4       0x58 Middlewares/Third_Party/FreeRTOS/Source/tasks.o
 .text.prvTaskCheckFreeStackSpace
                0x000000000800453c       0x38 Middlewares/Third_Party/FreeRTOS/Source/tasks.o
 .text.uxTaskGetStackHighWaterMark
                0x0000000008004574       0x38 Middlewares/Third_Party/FreeRTOS/Source/tasks.o
                0x0000000008004574                uxTaskGetStackHighWaterMark
 .text.prvDeleteTCB
                0x00000000080045ac       0x5c Middlewares/Third_Party/FreeRTOS/Source/tasks.o
 .text.prvResetNextTaskUnblockTime
                0x0000000008004608       0x40 Middlewares/Third_Party/FreeRTOS/Source/tasks.o
 .text.xTaskGetSchedulerState
                0x0000000008004648       0x3c Middlewares/Third_Party/FreeRTOS/Source/tasks.o
                0x0000000008004648                xTaskGetSchedulerState
 .text.xTaskPriorityDisinherit
                0x0000000008004684       0xd8 Middlewares/Third_Party/FreeRTOS/Source/tasks.o
                0x0000000008004684                xTaskPriorityDisinherit
 .text.uxTaskResetEventItemValue
                0x000000000800475c       0x30 Middlewares/Third_Party/FreeRTOS/Source/tasks.o
                0x000000000800475c                uxTaskResetEventItemValue
 .text.prvAddCurrentTaskToDelayedList
                0x000000000800478c       0xa8 Middlewares/Third_Party/FreeRTOS/Source/tasks.o
 .text.xTimerCreateTimerTask
                0x0000000008004834       0x90 Middlewares/Third_Party/FreeRTOS/Source/timers.o
                0x0000000008004834                xTimerCreateTimerTask
 .text.xTimerGenericCommand
                0x00000000080048c4       0x98 Middlewares/Third_Party/FreeRTOS/Source/timers.o
                0x00000000080048c4                xTimerGenericCommand
 .text.prvProcessExpiredTimer
                0x000000000800495c       0x98 Middlewares/Third_Party/FreeRTOS/Source/timers.o
 .text.prvTimerTask
                0x00000000080049f4       0x24 Middlewares/Third_Party/FreeRTOS/Source/timers.o
 .text.prvProcessTimerOrBlockTask
                0x0000000008004a18       0x9c Middlewares/Third_Party/FreeRTOS/Source/timers.o
 .text.prvGetNextExpireTime
                0x0000000008004ab4       0x48 Middlewares/Third_Party/FreeRTOS/Source/timers.o
 .text.prvSampleTimeNow
                0x0000000008004afc       0x40 Middlewares/Third_Party/FreeRTOS/Source/timers.o
 .text.prvInsertTimerInActiveList
                0x0000000008004b3c       0x84 Middlewares/Third_Party/FreeRTOS/Source/timers.o
 .text.prvProcessReceivedCommands
                0x0000000008004bc0      0x1b8 Middlewares/Third_Party/FreeRTOS/Source/timers.o
 .text.prvSwitchTimerLists
                0x0000000008004d78       0xc8 Middlewares/Third_Party/FreeRTOS/Source/timers.o
 .text.prvCheckForValidListAndQueue
                0x0000000008004e40       0x80 Middlewares/Third_Party/FreeRTOS/Source/timers.o
 .text.xTimerPendFunctionCallFromISR
                0x0000000008004ec0       0x40 Middlewares/Third_Party/FreeRTOS/Source/timers.o
                0x0000000008004ec0                xTimerPendFunctionCallFromISR
 .text.pxPortInitialiseStack
                0x0000000008004f00       0x68 Middlewares/Third_Party/FreeRTOS/Source/portable/GCC/ARM_CM4F/port.o
                0x0000000008004f00                pxPortInitialiseStack
 .text.prvTaskExitError
                0x0000000008004f68       0x54 Middlewares/Third_Party/FreeRTOS/Source/portable/GCC/ARM_CM4F/port.o
 *fill*         0x0000000008004fbc        0x4 
 .text.SVC_Handler
                0x0000000008004fc0       0x28 Middlewares/Third_Party/FreeRTOS/Source/portable/GCC/ARM_CM4F/port.o
                0x0000000008004fc0                SVC_Handler
 .text.prvPortStartFirstTask
                0x0000000008004fe8       0x28 Middlewares/Third_Party/FreeRTOS/Source/portable/GCC/ARM_CM4F/port.o
 .text.xPortStartScheduler
                0x0000000008005010      0x13c Middlewares/Third_Party/FreeRTOS/Source/portable/GCC/ARM_CM4F/port.o
                0x0000000008005010                xPortStartScheduler
 .text.vPortEnterCritical
                0x000000000800514c       0x5c Middlewares/Third_Party/FreeRTOS/Source/portable/GCC/ARM_CM4F/port.o
                0x000000000800514c                vPortEnterCritical
 .text.vPortExitCritical
                0x00000000080051a8       0x50 Middlewares/Third_Party/FreeRTOS/Source/portable/GCC/ARM_CM4F/port.o
                0x00000000080051a8                vPortExitCritical
 *fill*         0x00000000080051f8        0x8 
 .text.PendSV_Handler
                0x0000000008005200       0x68 Middlewares/Third_Party/FreeRTOS/Source/portable/GCC/ARM_CM4F/port.o
                0x0000000008005200                PendSV_Handler
 .text.SysTick_Handler
                0x0000000008005268       0x40 Middlewares/Third_Party/FreeRTOS/Source/portable/GCC/ARM_CM4F/port.o
                0x0000000008005268                SysTick_Handler
 .text.vPortSetupTimerInterrupt
                0x00000000080052a8       0x48 Middlewares/Third_Party/FreeRTOS/Source/portable/GCC/ARM_CM4F/port.o
                0x00000000080052a8                vPortSetupTimerInterrupt
 .text.vPortEnableVFP
                0x00000000080052f0       0x14 Middlewares/Third_Party/FreeRTOS/Source/portable/GCC/ARM_CM4F/port.o
 .text.vPortValidateInterruptPriority
                0x0000000008005304       0x7c Middlewares/Third_Party/FreeRTOS/Source/portable/GCC/ARM_CM4F/port.o
                0x0000000008005304                vPortValidateInterruptPriority
 .text.pvPortMalloc
                0x0000000008005380      0x184 Middlewares/Third_Party/FreeRTOS/Source/portable/MemMang/heap_4.o
                0x0000000008005380                pvPortMalloc
 .text.vPortFree
                0x0000000008005504       0xb0 Middlewares/Third_Party/FreeRTOS/Source/portable/MemMang/heap_4.o
                0x0000000008005504                vPortFree
 .text.prvHeapInit
                0x00000000080055b4       0xc4 Middlewares/Third_Party/FreeRTOS/Source/portable/MemMang/heap_4.o
 .text.prvInsertBlockIntoFreeList
                0x0000000008005678       0xb4 Middlewares/Third_Party/FreeRTOS/Source/portable/MemMang/heap_4.o
 .text.doStateMachine
                0x000000000800572c       0xc8 Src/main.o
                0x000000000800572c                doStateMachine
 .text.main     0x00000000080057f4       0x48 Src/main.o
                0x00000000080057f4                main
 .text.SystemClock_Config
                0x000000000800583c       0xd4 Src/main.o
                0x000000000800583c                SystemClock_Config
 .text.MX_TIM2_Init
                0x0000000008005910       0xec Src/main.o
 .text.MX_TIM5_Init
                0x00000000080059fc       0xb4 Src/main.o
 .text.MX_GPIO_Init
                0x0000000008005ab0      0x134 Src/main.o
 .text.HAL_TIM_PeriodElapsedCallback
                0x0000000008005be4       0x24 Src/main.o
                0x0000000008005be4                HAL_TIM_PeriodElapsedCallback
 .text.Error_Handler
                0x0000000008005c08        0xe Src/main.o
                0x0000000008005c08                Error_Handler
 *fill*         0x0000000008005c16        0x2 
 .text.pushbutton_init
                0x0000000008005c18       0xa4 Src/pushbutton.o
                0x0000000008005c18                pushbutton_init
 .text.pushbutton_led_on
                0x0000000008005cbc       0x18 Src/pushbutton.o
                0x0000000008005cbc                pushbutton_led_on
 .text.pushbutton_led_off
                0x0000000008005cd4       0x18 Src/pushbutton.o
                0x0000000008005cd4                pushbutton_led_off
 .text.pushbutton_led_fade
                0x0000000008005cec       0x18 Src/pushbutton.o
                0x0000000008005cec                pushbutton_led_fade
 .text.pushbutton_led_flash
                0x0000000008005d04       0x18 Src/pushbutton.o
                0x0000000008005d04                pushbutton_led_flash
 .text.pushbutton_stack_space
                0x0000000008005d1c       0x18 Src/pushbutton.o
                0x0000000008005d1c                pushbutton_stack_space
 .text.led_stack_space
                0x0000000008005d34       0x18 Src/pushbutton.o
                0x0000000008005d34                led_stack_space
 .text.button_thread
                0x0000000008005d4c       0xe4 Src/pushbutton.o
 .text.led_thread
                0x0000000008005e30       0xc0 Src/pushbutton.o
 .text.do_led_on
                0x0000000008005ef0       0x1c Src/pushbutton.o
 .text.do_led_off
                0x0000000008005f0c       0x1c Src/pushbutton.o
 .text.do_led_fade
                0x0000000008005f28       0x78 Src/pushbutton.o
 .text.do_led_flash
                0x0000000008005fa0       0x28 Src/pushbutton.o
 .text.HAL_MspInit
                0x0000000008005fc8       0x58 Src/stm32f4xx_hal_msp.o
                0x0000000008005fc8                HAL_MspInit
 .text.HAL_TIM_Base_MspInit
                0x0000000008006020       0x40 Src/stm32f4xx_hal_msp.o
                0x0000000008006020                HAL_TIM_Base_MspInit
 .text.HAL_TIM_PWM_MspInit
                0x0000000008006060       0x44 Src/stm32f4xx_hal_msp.o
                0x0000000008006060                HAL_TIM_PWM_MspInit
 .text.HAL_TIM_MspPostInit
                0x00000000080060a4       0xc0 Src/stm32f4xx_hal_msp.o
                0x00000000080060a4                HAL_TIM_MspPostInit
 .text.HAL_InitTick
                0x0000000008006164       0xb0 Src/stm32f4xx_hal_timebase_tim.o
                0x0000000008006164                HAL_InitTick
 .text.NMI_Handler
                0x0000000008006214        0xe Src/stm32f4xx_it.o
                0x0000000008006214                NMI_Handler
 .text.HardFault_Handler
                0x0000000008006222        0x6 Src/stm32f4xx_it.o
                0x0000000008006222                HardFault_Handler
 .text.MemManage_Handler
                0x0000000008006228        0x6 Src/stm32f4xx_it.o
                0x0000000008006228                MemManage_Handler
 .text.BusFault_Handler
                0x000000000800622e        0x6 Src/stm32f4xx_it.o
                0x000000000800622e                BusFault_Handler
 .text.UsageFault_Handler
                0x0000000008006234        0x6 Src/stm32f4xx_it.o
                0x0000000008006234                UsageFault_Handler
 .text.DebugMon_Handler
                0x000000000800623a        0xe Src/stm32f4xx_it.o
                0x000000000800623a                DebugMon_Handler
 .text.TIM1_TRG_COM_TIM11_IRQHandler
                0x0000000008006248       0x14 Src/stm32f4xx_it.o
                0x0000000008006248                TIM1_TRG_COM_TIM11_IRQHandler
 .text.SystemInit
                0x000000000800625c       0x2c Src/system_stm32f4xx.o
                0x000000000800625c                SystemInit
 .text.Reset_Handler
                0x0000000008006288       0x50 Startup/startup_stm32f401retx.o
                0x0000000008006288                Reset_Handler
 .text.Default_Handler
                0x00000000080062d8        0x2 Startup/startup_stm32f401retx.o
                0x00000000080062d8                RTC_Alarm_IRQHandler
                0x00000000080062d8                EXTI2_IRQHandler
                0x00000000080062d8                SPI4_IRQHandler
                0x00000000080062d8                TIM1_CC_IRQHandler
                0x00000000080062d8                DMA2_Stream5_IRQHandler
                0x00000000080062d8                DMA1_Stream5_IRQHandler
                0x00000000080062d8                PVD_IRQHandler
                0x00000000080062d8                SDIO_IRQHandler
                0x00000000080062d8                TAMP_STAMP_IRQHandler
                0x00000000080062d8                EXTI3_IRQHandler
                0x00000000080062d8                TIM1_UP_TIM10_IRQHandler
                0x00000000080062d8                I2C3_ER_IRQHandler
                0x00000000080062d8                EXTI0_IRQHandler
                0x00000000080062d8                I2C2_EV_IRQHandler
                0x00000000080062d8                DMA1_Stream2_IRQHandler
                0x00000000080062d8                FPU_IRQHandler
                0x00000000080062d8                DMA2_Stream2_IRQHandler
                0x00000000080062d8                SPI1_IRQHandler
                0x00000000080062d8                TIM1_BRK_TIM9_IRQHandler
                0x00000000080062d8                DMA2_Stream3_IRQHandler
                0x00000000080062d8                USART6_IRQHandler
                0x00000000080062d8                DMA2_Stream0_IRQHandler
                0x00000000080062d8                TIM4_IRQHandler
                0x00000000080062d8                I2C1_EV_IRQHandler
                0x00000000080062d8                DMA1_Stream6_IRQHandler
                0x00000000080062d8                DMA1_Stream1_IRQHandler
                0x00000000080062d8                TIM3_IRQHandler
                0x00000000080062d8                RCC_IRQHandler
                0x00000000080062d8                Default_Handler
                0x00000000080062d8                EXTI15_10_IRQHandler
                0x00000000080062d8                ADC_IRQHandler
                0x00000000080062d8                DMA1_Stream7_IRQHandler
                0x00000000080062d8                TIM5_IRQHandler
                0x00000000080062d8                DMA2_Stream7_IRQHandler
                0x00000000080062d8                I2C3_EV_IRQHandler
                0x00000000080062d8                EXTI9_5_IRQHandler
                0x00000000080062d8                RTC_WKUP_IRQHandler
                0x00000000080062d8                SPI2_IRQHandler
                0x00000000080062d8                DMA1_Stream0_IRQHandler
                0x00000000080062d8                EXTI4_IRQHandler
                0x00000000080062d8                WWDG_IRQHandler
                0x00000000080062d8                TIM2_IRQHandler
                0x00000000080062d8                OTG_FS_WKUP_IRQHandler
                0x00000000080062d8                EXTI1_IRQHandler
                0x00000000080062d8                USART2_IRQHandler
                0x00000000080062d8                I2C2_ER_IRQHandler
                0x00000000080062d8                DMA2_Stream1_IRQHandler
                0x00000000080062d8                FLASH_IRQHandler
                0x00000000080062d8                DMA2_Stream4_IRQHandler
                0x00000000080062d8                USART1_IRQHandler
                0x00000000080062d8                OTG_FS_IRQHandler
                0x00000000080062d8                SPI3_IRQHandler
                0x00000000080062d8                DMA1_Stream4_IRQHandler
                0x00000000080062d8                I2C1_ER_IRQHandler
                0x00000000080062d8                DMA2_Stream6_IRQHandler
                0x00000000080062d8                DMA1_Stream3_IRQHandler
 *fill*         0x00000000080062da        0x2 
 .text.__libc_init_array
                0x00000000080062dc       0x48 c:/st/stm32cubeide_1.4.0/stm32cubeide/plugins/com.st.stm32cube.ide.mcu.externaltools.gnu-tools-for-stm32.7-2018-q2-update.win32_1.4.0.202007081208/tools/bin/../lib/gcc/arm-none-eabi/7.3.1/../../../../arm-none-eabi/lib/thumb/v7e-m/fpv4-sp/hard\libc_nano.a(lib_a-init.o)
                0x00000000080062dc                __libc_init_array
 .text.memcpy   0x0000000008006324       0x16 c:/st/stm32cubeide_1.4.0/stm32cubeide/plugins/com.st.stm32cube.ide.mcu.externaltools.gnu-tools-for-stm32.7-2018-q2-update.win32_1.4.0.202007081208/tools/bin/../lib/gcc/arm-none-eabi/7.3.1/../../../../arm-none-eabi/lib/thumb/v7e-m/fpv4-sp/hard\libc_nano.a(lib_a-memcpy-stub.o)
                0x0000000008006324                memcpy
 .text.memset   0x000000000800633a       0x10 c:/st/stm32cubeide_1.4.0/stm32cubeide/plugins/com.st.stm32cube.ide.mcu.externaltools.gnu-tools-for-stm32.7-2018-q2-update.win32_1.4.0.202007081208/tools/bin/../lib/gcc/arm-none-eabi/7.3.1/../../../../arm-none-eabi/lib/thumb/v7e-m/fpv4-sp/hard\libc_nano.a(lib_a-memset.o)
                0x000000000800633a                memset
 *(.glue_7)
 .glue_7        0x000000000800634a        0x0 linker stubs
 *(.glue_7t)
 .glue_7t       0x000000000800634a        0x0 linker stubs
 *(.eh_frame)
 *fill*         0x000000000800634a        0x2 
 .eh_frame      0x000000000800634c        0x0 c:/st/stm32cubeide_1.4.0/stm32cubeide/plugins/com.st.stm32cube.ide.mcu.externaltools.gnu-tools-for-stm32.7-2018-q2-update.win32_1.4.0.202007081208/tools/bin/../lib/gcc/arm-none-eabi/7.3.1/thumb/v7e-m/fpv4-sp/hard/crtbegin.o
 *(.init)
 .init          0x000000000800634c        0x4 c:/st/stm32cubeide_1.4.0/stm32cubeide/plugins/com.st.stm32cube.ide.mcu.externaltools.gnu-tools-for-stm32.7-2018-q2-update.win32_1.4.0.202007081208/tools/bin/../lib/gcc/arm-none-eabi/7.3.1/thumb/v7e-m/fpv4-sp/hard/crti.o
                0x000000000800634c                _init
 .init          0x0000000008006350        0x8 c:/st/stm32cubeide_1.4.0/stm32cubeide/plugins/com.st.stm32cube.ide.mcu.externaltools.gnu-tools-for-stm32.7-2018-q2-update.win32_1.4.0.202007081208/tools/bin/../lib/gcc/arm-none-eabi/7.3.1/thumb/v7e-m/fpv4-sp/hard/crtn.o
 *(.fini)
 .fini          0x0000000008006358        0x4 c:/st/stm32cubeide_1.4.0/stm32cubeide/plugins/com.st.stm32cube.ide.mcu.externaltools.gnu-tools-for-stm32.7-2018-q2-update.win32_1.4.0.202007081208/tools/bin/../lib/gcc/arm-none-eabi/7.3.1/thumb/v7e-m/fpv4-sp/hard/crti.o
                0x0000000008006358                _fini
 .fini          0x000000000800635c        0x8 c:/st/stm32cubeide_1.4.0/stm32cubeide/plugins/com.st.stm32cube.ide.mcu.externaltools.gnu-tools-for-stm32.7-2018-q2-update.win32_1.4.0.202007081208/tools/bin/../lib/gcc/arm-none-eabi/7.3.1/thumb/v7e-m/fpv4-sp/hard/crtn.o
                0x0000000008006364                . = ALIGN (0x4)
                0x0000000008006364                _etext = .

.vfp11_veneer   0x0000000008006364        0x0
 .vfp11_veneer  0x0000000008006364        0x0 linker stubs

.v4_bx          0x0000000008006364        0x0
 .v4_bx         0x0000000008006364        0x0 linker stubs

.iplt           0x0000000008006364        0x0
 .iplt          0x0000000008006364        0x0 c:/st/stm32cubeide_1.4.0/stm32cubeide/plugins/com.st.stm32cube.ide.mcu.externaltools.gnu-tools-for-stm32.7-2018-q2-update.win32_1.4.0.202007081208/tools/bin/../lib/gcc/arm-none-eabi/7.3.1/thumb/v7e-m/fpv4-sp/hard/crtbegin.o

.rodata         0x0000000008006364       0x70
                0x0000000008006364                . = ALIGN (0x4)
 *(.rodata)
 .rodata        0x0000000008006364        0x5 Middlewares/Third_Party/FreeRTOS/Source/tasks.o
 *fill*         0x0000000008006369        0x3 
 .rodata        0x000000000800636c        0xd Middlewares/Third_Party/FreeRTOS/Source/timers.o
 *fill*         0x0000000008006379        0x3 
 .rodata        0x000000000800637c        0xd Src/main.o
 *fill*         0x0000000008006389        0x3 
 .rodata        0x000000000800638c        0xb Src/pushbutton.o
 *(.rodata*)
 *fill*         0x0000000008006397        0x1 
 .rodata.StateMachine_attributes
                0x0000000008006398       0x24 Src/main.o
                0x0000000008006398                StateMachine_attributes
 .rodata.AHBPrescTable
                0x00000000080063bc       0x10 Src/system_stm32f4xx.o
                0x00000000080063bc                AHBPrescTable
 .rodata.APBPrescTable
                0x00000000080063cc        0x8 Src/system_stm32f4xx.o
                0x00000000080063cc                APBPrescTable
                0x00000000080063d4                . = ALIGN (0x4)

.ARM.extab      0x00000000080063d4        0x0
                0x00000000080063d4                . = ALIGN (0x4)
 *(.ARM.extab* .gnu.linkonce.armextab.*)
                0x00000000080063d4                . = ALIGN (0x4)

.ARM            0x00000000080063d4        0x8
                0x00000000080063d4                . = ALIGN (0x4)
                0x00000000080063d4                __exidx_start = .
 *(.ARM.exidx*)
 .ARM.exidx     0x00000000080063d4        0x8 c:/st/stm32cubeide_1.4.0/stm32cubeide/plugins/com.st.stm32cube.ide.mcu.externaltools.gnu-tools-for-stm32.7-2018-q2-update.win32_1.4.0.202007081208/tools/bin/../lib/gcc/arm-none-eabi/7.3.1/thumb/v7e-m/fpv4-sp/hard\libgcc.a(_udivmoddi4.o)
                0x00000000080063dc                __exidx_end = .
                0x00000000080063dc                . = ALIGN (0x4)

.rel.dyn        0x00000000080063dc        0x0
 .rel.iplt      0x00000000080063dc        0x0 c:/st/stm32cubeide_1.4.0/stm32cubeide/plugins/com.st.stm32cube.ide.mcu.externaltools.gnu-tools-for-stm32.7-2018-q2-update.win32_1.4.0.202007081208/tools/bin/../lib/gcc/arm-none-eabi/7.3.1/thumb/v7e-m/fpv4-sp/hard/crtbegin.o

.preinit_array  0x00000000080063dc        0x0
                0x00000000080063dc                . = ALIGN (0x4)
                0x00000000080063dc                PROVIDE (__preinit_array_start = .)
 *(.preinit_array*)
                0x00000000080063dc                PROVIDE (__preinit_array_end = .)
                0x00000000080063dc                . = ALIGN (0x4)

.init_array     0x00000000080063dc        0x4
                0x00000000080063dc                . = ALIGN (0x4)
                0x00000000080063dc                PROVIDE (__init_array_start = .)
 *(SORT_BY_NAME(.init_array.*))
 *(.init_array*)
 .init_array    0x00000000080063dc        0x4 c:/st/stm32cubeide_1.4.0/stm32cubeide/plugins/com.st.stm32cube.ide.mcu.externaltools.gnu-tools-for-stm32.7-2018-q2-update.win32_1.4.0.202007081208/tools/bin/../lib/gcc/arm-none-eabi/7.3.1/thumb/v7e-m/fpv4-sp/hard/crtbegin.o
                0x00000000080063e0                PROVIDE (__init_array_end = .)
                0x00000000080063e0                . = ALIGN (0x4)

.fini_array     0x00000000080063e0        0x4
                0x00000000080063e0                . = ALIGN (0x4)
                [!provide]                        PROVIDE (__fini_array_start = .)
 *(SORT_BY_NAME(.fini_array.*))
 *(.fini_array*)
 .fini_array    0x00000000080063e0        0x4 c:/st/stm32cubeide_1.4.0/stm32cubeide/plugins/com.st.stm32cube.ide.mcu.externaltools.gnu-tools-for-stm32.7-2018-q2-update.win32_1.4.0.202007081208/tools/bin/../lib/gcc/arm-none-eabi/7.3.1/thumb/v7e-m/fpv4-sp/hard/crtbegin.o
                [!provide]                        PROVIDE (__fini_array_end = .)
                0x00000000080063e4                . = ALIGN (0x4)
                0x00000000080063e4                _sidata = LOADADDR (.data)

.data           0x0000000020000000       0x10 load address 0x00000000080063e4
                0x0000000020000000                . = ALIGN (0x4)
                0x0000000020000000                _sdata = .
 *(.data)
 *(.data*)
 .data.uwTickPrio
                0x0000000020000000        0x4 Drivers/STM32F4xx_HAL_Driver/Src/stm32f4xx_hal.o
                0x0000000020000000                uwTickPrio
 .data.uwTickFreq
                0x0000000020000004        0x1 Drivers/STM32F4xx_HAL_Driver/Src/stm32f4xx_hal.o
                0x0000000020000004                uwTickFreq
 *fill*         0x0000000020000005        0x3 
 .data.uxCriticalNesting
                0x0000000020000008        0x4 Middlewares/Third_Party/FreeRTOS/Source/portable/GCC/ARM_CM4F/port.o
 .data.SystemCoreClock
                0x000000002000000c        0x4 Src/system_stm32f4xx.o
                0x000000002000000c                SystemCoreClock
                0x0000000020000010                . = ALIGN (0x4)
                0x0000000020000010                _edata = .

.igot.plt       0x0000000020000010        0x0 load address 0x00000000080063f4
 .igot.plt      0x0000000020000010        0x0 c:/st/stm32cubeide_1.4.0/stm32cubeide/plugins/com.st.stm32cube.ide.mcu.externaltools.gnu-tools-for-stm32.7-2018-q2-update.win32_1.4.0.202007081208/tools/bin/../lib/gcc/arm-none-eabi/7.3.1/thumb/v7e-m/fpv4-sp/hard/crtbegin.o
                0x0000000020000010                . = ALIGN (0x4)

.bss            0x0000000020000010     0x4a44 load address 0x00000000080063f4
                0x0000000020000010                _sbss = .
                0x0000000020000010                __bss_start__ = _sbss
 *(.bss)
 .bss           0x0000000020000010       0x1c c:/st/stm32cubeide_1.4.0/stm32cubeide/plugins/com.st.stm32cube.ide.mcu.externaltools.gnu-tools-for-stm32.7-2018-q2-update.win32_1.4.0.202007081208/tools/bin/../lib/gcc/arm-none-eabi/7.3.1/thumb/v7e-m/fpv4-sp/hard/crtbegin.o
 *(.bss*)
 .bss.KernelState
                0x000000002000002c        0x4 Middlewares/Third_Party/FreeRTOS/Source/CMSIS_RTOS_V2/cmsis_os2.o
 .bss.Idle_TCB  0x0000000020000030       0x60 Middlewares/Third_Party/FreeRTOS/Source/CMSIS_RTOS_V2/cmsis_os2.o
 .bss.Idle_Stack
                0x0000000020000090      0x200 Middlewares/Third_Party/FreeRTOS/Source/CMSIS_RTOS_V2/cmsis_os2.o
 .bss.Timer_TCB
                0x0000000020000290       0x60 Middlewares/Third_Party/FreeRTOS/Source/CMSIS_RTOS_V2/cmsis_os2.o
 .bss.Timer_Stack
                0x00000000200002f0      0x400 Middlewares/Third_Party/FreeRTOS/Source/CMSIS_RTOS_V2/cmsis_os2.o
 .bss.pxCurrentTCB
                0x00000000200006f0        0x4 Middlewares/Third_Party/FreeRTOS/Source/tasks.o
                0x00000000200006f0                pxCurrentTCB
 .bss.pxReadyTasksLists
                0x00000000200006f4      0x460 Middlewares/Third_Party/FreeRTOS/Source/tasks.o
 .bss.xDelayedTaskList1
                0x0000000020000b54       0x14 Middlewares/Third_Party/FreeRTOS/Source/tasks.o
 .bss.xDelayedTaskList2
                0x0000000020000b68       0x14 Middlewares/Third_Party/FreeRTOS/Source/tasks.o
 .bss.pxDelayedTaskList
                0x0000000020000b7c        0x4 Middlewares/Third_Party/FreeRTOS/Source/tasks.o
 .bss.pxOverflowDelayedTaskList
                0x0000000020000b80        0x4 Middlewares/Third_Party/FreeRTOS/Source/tasks.o
 .bss.xPendingReadyList
                0x0000000020000b84       0x14 Middlewares/Third_Party/FreeRTOS/Source/tasks.o
 .bss.xTasksWaitingTermination
                0x0000000020000b98       0x14 Middlewares/Third_Party/FreeRTOS/Source/tasks.o
 .bss.uxDeletedTasksWaitingCleanUp
                0x0000000020000bac        0x4 Middlewares/Third_Party/FreeRTOS/Source/tasks.o
 .bss.xSuspendedTaskList
                0x0000000020000bb0       0x14 Middlewares/Third_Party/FreeRTOS/Source/tasks.o
 .bss.uxCurrentNumberOfTasks
                0x0000000020000bc4        0x4 Middlewares/Third_Party/FreeRTOS/Source/tasks.o
 .bss.xTickCount
                0x0000000020000bc8        0x4 Middlewares/Third_Party/FreeRTOS/Source/tasks.o
 .bss.uxTopReadyPriority
                0x0000000020000bcc        0x4 Middlewares/Third_Party/FreeRTOS/Source/tasks.o
 .bss.xSchedulerRunning
                0x0000000020000bd0        0x4 Middlewares/Third_Party/FreeRTOS/Source/tasks.o
 .bss.uxPendedTicks
                0x0000000020000bd4        0x4 Middlewares/Third_Party/FreeRTOS/Source/tasks.o
 .bss.xYieldPending
                0x0000000020000bd8        0x4 Middlewares/Third_Party/FreeRTOS/Source/tasks.o
 .bss.xNumOfOverflows
                0x0000000020000bdc        0x4 Middlewares/Third_Party/FreeRTOS/Source/tasks.o
 .bss.uxTaskNumber
                0x0000000020000be0        0x4 Middlewares/Third_Party/FreeRTOS/Source/tasks.o
 .bss.xNextTaskUnblockTime
                0x0000000020000be4        0x4 Middlewares/Third_Party/FreeRTOS/Source/tasks.o
 .bss.xIdleTaskHandle
                0x0000000020000be8        0x4 Middlewares/Third_Party/FreeRTOS/Source/tasks.o
 .bss.uxSchedulerSuspended
                0x0000000020000bec        0x4 Middlewares/Third_Party/FreeRTOS/Source/tasks.o
 .bss.xActiveTimerList1
                0x0000000020000bf0       0x14 Middlewares/Third_Party/FreeRTOS/Source/timers.o
 .bss.xActiveTimerList2
                0x0000000020000c04       0x14 Middlewares/Third_Party/FreeRTOS/Source/timers.o
 .bss.pxCurrentTimerList
                0x0000000020000c18        0x4 Middlewares/Third_Party/FreeRTOS/Source/timers.o
 .bss.pxOverflowTimerList
                0x0000000020000c1c        0x4 Middlewares/Third_Party/FreeRTOS/Source/timers.o
 .bss.xTimerQueue
                0x0000000020000c20        0x4 Middlewares/Third_Party/FreeRTOS/Source/timers.o
 .bss.xTimerTaskHandle
                0x0000000020000c24        0x4 Middlewares/Third_Party/FreeRTOS/Source/timers.o
 .bss.xLastTime.6742
                0x0000000020000c28        0x4 Middlewares/Third_Party/FreeRTOS/Source/timers.o
 .bss.ucStaticTimerQueueStorage.6793
                0x0000000020000c2c       0xa0 Middlewares/Third_Party/FreeRTOS/Source/timers.o
 .bss.xStaticTimerQueue.6792
                0x0000000020000ccc       0x50 Middlewares/Third_Party/FreeRTOS/Source/timers.o
 .bss.ucMaxSysCallPriority
                0x0000000020000d1c        0x1 Middlewares/Third_Party/FreeRTOS/Source/portable/GCC/ARM_CM4F/port.o
 *fill*         0x0000000020000d1d        0x3 
 .bss.ulMaxPRIGROUPValue
                0x0000000020000d20        0x4 Middlewares/Third_Party/FreeRTOS/Source/portable/GCC/ARM_CM4F/port.o
 .bss.ucHeap    0x0000000020000d24     0x3c00 Middlewares/Third_Party/FreeRTOS/Source/portable/MemMang/heap_4.o
 .bss.xStart    0x0000000020004924        0x8 Middlewares/Third_Party/FreeRTOS/Source/portable/MemMang/heap_4.o
 .bss.pxEnd     0x000000002000492c        0x4 Middlewares/Third_Party/FreeRTOS/Source/portable/MemMang/heap_4.o
 .bss.xFreeBytesRemaining
                0x0000000020004930        0x4 Middlewares/Third_Party/FreeRTOS/Source/portable/MemMang/heap_4.o
 .bss.xMinimumEverFreeBytesRemaining
                0x0000000020004934        0x4 Middlewares/Third_Party/FreeRTOS/Source/portable/MemMang/heap_4.o
 .bss.xBlockAllocatedBit
                0x0000000020004938        0x4 Middlewares/Third_Party/FreeRTOS/Source/portable/MemMang/heap_4.o
 .bss.led_action_flags
                0x000000002000493c        0x4 Src/pushbutton.o
 .bss.led_thread_handle
                0x0000000020004940        0x4 Src/pushbutton.o
 .bss.button_thread_handle
                0x0000000020004944        0x4 Src/pushbutton.o
 *(COMMON)
 COMMON         0x0000000020004948        0x4 Drivers/STM32F4xx_HAL_Driver/Src/stm32f4xx_hal.o
                0x0000000020004948                uwTick
 COMMON         0x000000002000494c       0x40 Middlewares/Third_Party/FreeRTOS/Source/queue.o
                0x000000002000494c                xQueueRegistry
 COMMON         0x000000002000498c       0x88 Src/main.o
                0x000000002000498c                pushbutton_flags
                0x0000000020004990                htim5
                0x00000000200049d0                StateMachineHandle
                0x00000000200049d4                htim2
 COMMON         0x0000000020004a14       0x40 Src/stm32f4xx_hal_timebase_tim.o
                0x0000000020004a14                htim11
                0x0000000020004a54                . = ALIGN (0x4)
                0x0000000020004a54                _ebss = .
                0x0000000020004a54                __bss_end__ = _ebss

._user_heap_stack
                0x0000000020004a54      0xa04 load address 0x00000000080063f4
                0x0000000020004a58                . = ALIGN (0x8)
 *fill*         0x0000000020004a54        0x4 
                0x0000000020004a58                PROVIDE (end = .)
                [!provide]                        PROVIDE (_end = .)
                0x0000000020004c58                . = (. + _Min_Heap_Size)
 *fill*         0x0000000020004a58      0x200 
                0x0000000020005458                . = (. + _Min_Stack_Size)
 *fill*         0x0000000020004c58      0x800 
                0x0000000020005458                . = ALIGN (0x8)

/DISCARD/
 libc.a(*)
 libm.a(*)
 libgcc.a(*)

.ARM.attributes
                0x0000000000000000       0x30
 *(.ARM.attributes)
 .ARM.attributes
                0x0000000000000000       0x22 c:/st/stm32cubeide_1.4.0/stm32cubeide/plugins/com.st.stm32cube.ide.mcu.externaltools.gnu-tools-for-stm32.7-2018-q2-update.win32_1.4.0.202007081208/tools/bin/../lib/gcc/arm-none-eabi/7.3.1/thumb/v7e-m/fpv4-sp/hard/crti.o
 .ARM.attributes
                0x0000000000000022       0x34 c:/st/stm32cubeide_1.4.0/stm32cubeide/plugins/com.st.stm32cube.ide.mcu.externaltools.gnu-tools-for-stm32.7-2018-q2-update.win32_1.4.0.202007081208/tools/bin/../lib/gcc/arm-none-eabi/7.3.1/thumb/v7e-m/fpv4-sp/hard/crtbegin.o
 .ARM.attributes
                0x0000000000000056       0x39 Drivers/STM32F4xx_HAL_Driver/Src/stm32f4xx_hal.o
 .ARM.attributes
                0x000000000000008f       0x39 Drivers/STM32F4xx_HAL_Driver/Src/stm32f4xx_hal_cortex.o
 .ARM.attributes
                0x00000000000000c8       0x39 Drivers/STM32F4xx_HAL_Driver/Src/stm32f4xx_hal_gpio.o
 .ARM.attributes
                0x0000000000000101       0x39 Drivers/STM32F4xx_HAL_Driver/Src/stm32f4xx_hal_rcc.o
 .ARM.attributes
                0x000000000000013a       0x39 Drivers/STM32F4xx_HAL_Driver/Src/stm32f4xx_hal_tim.o
 .ARM.attributes
                0x0000000000000173       0x39 Drivers/STM32F4xx_HAL_Driver/Src/stm32f4xx_hal_tim_ex.o
 .ARM.attributes
                0x00000000000001ac       0x39 Middlewares/Third_Party/FreeRTOS/Source/CMSIS_RTOS_V2/cmsis_os2.o
 .ARM.attributes
                0x00000000000001e5       0x39 Middlewares/Third_Party/FreeRTOS/Source/event_groups.o
 .ARM.attributes
                0x000000000000021e       0x39 Middlewares/Third_Party/FreeRTOS/Source/list.o
 .ARM.attributes
                0x0000000000000257       0x39 Middlewares/Third_Party/FreeRTOS/Source/queue.o
 .ARM.attributes
                0x0000000000000290       0x39 Middlewares/Third_Party/FreeRTOS/Source/tasks.o
 .ARM.attributes
                0x00000000000002c9       0x39 Middlewares/Third_Party/FreeRTOS/Source/timers.o
 .ARM.attributes
                0x0000000000000302       0x39 Middlewares/Third_Party/FreeRTOS/Source/portable/GCC/ARM_CM4F/port.o
 .ARM.attributes
                0x000000000000033b       0x39 Middlewares/Third_Party/FreeRTOS/Source/portable/MemMang/heap_4.o
 .ARM.attributes
                0x0000000000000374       0x39 Src/main.o
 .ARM.attributes
                0x00000000000003ad       0x39 Src/pushbutton.o
 .ARM.attributes
                0x00000000000003e6       0x39 Src/stm32f4xx_hal_msp.o
 .ARM.attributes
                0x000000000000041f       0x39 Src/stm32f4xx_hal_timebase_tim.o
 .ARM.attributes
                0x0000000000000458       0x39 Src/stm32f4xx_it.o
 .ARM.attributes
                0x0000000000000491       0x39 Src/system_stm32f4xx.o
 .ARM.attributes
                0x00000000000004ca       0x21 Startup/startup_stm32f401retx.o
 .ARM.attributes
                0x00000000000004eb       0x34 c:/st/stm32cubeide_1.4.0/stm32cubeide/plugins/com.st.stm32cube.ide.mcu.externaltools.gnu-tools-for-stm32.7-2018-q2-update.win32_1.4.0.202007081208/tools/bin/../lib/gcc/arm-none-eabi/7.3.1/../../../../arm-none-eabi/lib/thumb/v7e-m/fpv4-sp/hard\libc_nano.a(lib_a-init.o)
 .ARM.attributes
                0x000000000000051f       0x34 c:/st/stm32cubeide_1.4.0/stm32cubeide/plugins/com.st.stm32cube.ide.mcu.externaltools.gnu-tools-for-stm32.7-2018-q2-update.win32_1.4.0.202007081208/tools/bin/../lib/gcc/arm-none-eabi/7.3.1/../../../../arm-none-eabi/lib/thumb/v7e-m/fpv4-sp/hard\libc_nano.a(lib_a-memcpy-stub.o)
 .ARM.attributes
                0x0000000000000553       0x34 c:/st/stm32cubeide_1.4.0/stm32cubeide/plugins/com.st.stm32cube.ide.mcu.externaltools.gnu-tools-for-stm32.7-2018-q2-update.win32_1.4.0.202007081208/tools/bin/../lib/gcc/arm-none-eabi/7.3.1/../../../../arm-none-eabi/lib/thumb/v7e-m/fpv4-sp/hard\libc_nano.a(lib_a-memset.o)
 .ARM.attributes
                0x0000000000000587       0x22 c:/st/stm32cubeide_1.4.0/stm32cubeide/plugins/com.st.stm32cube.ide.mcu.externaltools.gnu-tools-for-stm32.7-2018-q2-update.win32_1.4.0.202007081208/tools/bin/../lib/gcc/arm-none-eabi/7.3.1/thumb/v7e-m/fpv4-sp/hard\libgcc.a(_aeabi_uldivmod.o)
 .ARM.attributes
                0x00000000000005a9       0x34 c:/st/stm32cubeide_1.4.0/stm32cubeide/plugins/com.st.stm32cube.ide.mcu.externaltools.gnu-tools-for-stm32.7-2018-q2-update.win32_1.4.0.202007081208/tools/bin/../lib/gcc/arm-none-eabi/7.3.1/thumb/v7e-m/fpv4-sp/hard\libgcc.a(_udivmoddi4.o)
 .ARM.attributes
                0x00000000000005dd       0x22 c:/st/stm32cubeide_1.4.0/stm32cubeide/plugins/com.st.stm32cube.ide.mcu.externaltools.gnu-tools-for-stm32.7-2018-q2-update.win32_1.4.0.202007081208/tools/bin/../lib/gcc/arm-none-eabi/7.3.1/thumb/v7e-m/fpv4-sp/hard\libgcc.a(_dvmd_tls.o)
 .ARM.attributes
                0x00000000000005ff       0x22 c:/st/stm32cubeide_1.4.0/stm32cubeide/plugins/com.st.stm32cube.ide.mcu.externaltools.gnu-tools-for-stm32.7-2018-q2-update.win32_1.4.0.202007081208/tools/bin/../lib/gcc/arm-none-eabi/7.3.1/thumb/v7e-m/fpv4-sp/hard/crtn.o
OUTPUT(Pushbutton Test.elf elf32-littlearm)

.debug_info     0x0000000000000000    0x17410
 .debug_info    0x0000000000000000      0x8ce Drivers/STM32F4xx_HAL_Driver/Src/stm32f4xx_hal.o
 .debug_info    0x00000000000008ce      0xd92 Drivers/STM32F4xx_HAL_Driver/Src/stm32f4xx_hal_cortex.o
 .debug_info    0x0000000000001660      0x7d7 Drivers/STM32F4xx_HAL_Driver/Src/stm32f4xx_hal_gpio.o
 .debug_info    0x0000000000001e37      0x929 Drivers/STM32F4xx_HAL_Driver/Src/stm32f4xx_hal_rcc.o
 .debug_info    0x0000000000002760     0x24a1 Drivers/STM32F4xx_HAL_Driver/Src/stm32f4xx_hal_tim.o
 .debug_info    0x0000000000004c01     0x114f Drivers/STM32F4xx_HAL_Driver/Src/stm32f4xx_hal_tim_ex.o
 .debug_info    0x0000000000005d50     0x402c Middlewares/Third_Party/FreeRTOS/Source/CMSIS_RTOS_V2/cmsis_os2.o
 .debug_info    0x0000000000009d7c     0x1379 Middlewares/Third_Party/FreeRTOS/Source/event_groups.o
 .debug_info    0x000000000000b0f5      0xacb Middlewares/Third_Party/FreeRTOS/Source/list.o
 .debug_info    0x000000000000bbc0     0x239c Middlewares/Third_Party/FreeRTOS/Source/queue.o
 .debug_info    0x000000000000df5c     0x29df Middlewares/Third_Party/FreeRTOS/Source/tasks.o
 .debug_info    0x000000000001093b     0x1ac7 Middlewares/Third_Party/FreeRTOS/Source/timers.o
 .debug_info    0x0000000000012402      0x533 Middlewares/Third_Party/FreeRTOS/Source/portable/GCC/ARM_CM4F/port.o
 .debug_info    0x0000000000012935      0xbea Middlewares/Third_Party/FreeRTOS/Source/portable/MemMang/heap_4.o
 .debug_info    0x000000000001351f      0xffc Src/main.o
 .debug_info    0x000000000001451b      0xbe3 Src/pushbutton.o
 .debug_info    0x00000000000150fe      0xc09 Src/stm32f4xx_hal_msp.o
 .debug_info    0x0000000000015d07      0xab9 Src/stm32f4xx_hal_timebase_tim.o
 .debug_info    0x00000000000167c0      0x6b0 Src/stm32f4xx_it.o
 .debug_info    0x0000000000016e70      0x57e Src/system_stm32f4xx.o
 .debug_info    0x00000000000173ee       0x22 Startup/startup_stm32f401retx.o

.debug_abbrev   0x0000000000000000     0x2ea9
 .debug_abbrev  0x0000000000000000      0x1f2 Drivers/STM32F4xx_HAL_Driver/Src/stm32f4xx_hal.o
 .debug_abbrev  0x00000000000001f2      0x2fa Drivers/STM32F4xx_HAL_Driver/Src/stm32f4xx_hal_cortex.o
 .debug_abbrev  0x00000000000004ec      0x1c9 Drivers/STM32F4xx_HAL_Driver/Src/stm32f4xx_hal_gpio.o
 .debug_abbrev  0x00000000000006b5      0x245 Drivers/STM32F4xx_HAL_Driver/Src/stm32f4xx_hal_rcc.o
 .debug_abbrev  0x00000000000008fa      0x23f Drivers/STM32F4xx_HAL_Driver/Src/stm32f4xx_hal_tim.o
 .debug_abbrev  0x0000000000000b39      0x22d Drivers/STM32F4xx_HAL_Driver/Src/stm32f4xx_hal_tim_ex.o
 .debug_abbrev  0x0000000000000d66      0x3c3 Middlewares/Third_Party/FreeRTOS/Source/CMSIS_RTOS_V2/cmsis_os2.o
 .debug_abbrev  0x0000000000001129      0x2f4 Middlewares/Third_Party/FreeRTOS/Source/event_groups.o
 .debug_abbrev  0x000000000000141d      0x1cf Middlewares/Third_Party/FreeRTOS/Source/list.o
 .debug_abbrev  0x00000000000015ec      0x336 Middlewares/Third_Party/FreeRTOS/Source/queue.o
 .debug_abbrev  0x0000000000001922      0x350 Middlewares/Third_Party/FreeRTOS/Source/tasks.o
 .debug_abbrev  0x0000000000001c72      0x2d7 Middlewares/Third_Party/FreeRTOS/Source/timers.o
 .debug_abbrev  0x0000000000001f49      0x210 Middlewares/Third_Party/FreeRTOS/Source/portable/GCC/ARM_CM4F/port.o
 .debug_abbrev  0x0000000000002159      0x29e Middlewares/Third_Party/FreeRTOS/Source/portable/MemMang/heap_4.o
 .debug_abbrev  0x00000000000023f7      0x267 Src/main.o
 .debug_abbrev  0x000000000000265e      0x239 Src/pushbutton.o
 .debug_abbrev  0x0000000000002897      0x1c0 Src/stm32f4xx_hal_msp.o
 .debug_abbrev  0x0000000000002a57      0x1ac Src/stm32f4xx_hal_timebase_tim.o
 .debug_abbrev  0x0000000000002c03      0x169 Src/stm32f4xx_it.o
 .debug_abbrev  0x0000000000002d6c      0x12b Src/system_stm32f4xx.o
 .debug_abbrev  0x0000000000002e97       0x12 Startup/startup_stm32f401retx.o

.debug_aranges  0x0000000000000000     0x11f0
 .debug_aranges
                0x0000000000000000       0xf0 Drivers/STM32F4xx_HAL_Driver/Src/stm32f4xx_hal.o
 .debug_aranges
                0x00000000000000f0      0x118 Drivers/STM32F4xx_HAL_Driver/Src/stm32f4xx_hal_cortex.o
 .debug_aranges
                0x0000000000000208       0x58 Drivers/STM32F4xx_HAL_Driver/Src/stm32f4xx_hal_gpio.o
 .debug_aranges
                0x0000000000000260       0x88 Drivers/STM32F4xx_HAL_Driver/Src/stm32f4xx_hal_rcc.o
 .debug_aranges
                0x00000000000002e8      0x3a8 Drivers/STM32F4xx_HAL_Driver/Src/stm32f4xx_hal_tim.o
 .debug_aranges
                0x0000000000000690      0x150 Drivers/STM32F4xx_HAL_Driver/Src/stm32f4xx_hal_tim_ex.o
 .debug_aranges
                0x00000000000007e0      0x228 Middlewares/Third_Party/FreeRTOS/Source/CMSIS_RTOS_V2/cmsis_os2.o
 .debug_aranges
                0x0000000000000a08       0x90 Middlewares/Third_Party/FreeRTOS/Source/event_groups.o
 .debug_aranges
                0x0000000000000a98       0x40 Middlewares/Third_Party/FreeRTOS/Source/list.o
 .debug_aranges
                0x0000000000000ad8      0x158 Middlewares/Third_Party/FreeRTOS/Source/queue.o
 .debug_aranges
                0x0000000000000c30      0x1f8 Middlewares/Third_Party/FreeRTOS/Source/tasks.o
 .debug_aranges
                0x0000000000000e28       0xe8 Middlewares/Third_Party/FreeRTOS/Source/timers.o
 .debug_aranges
                0x0000000000000f10       0x80 Middlewares/Third_Party/FreeRTOS/Source/portable/GCC/ARM_CM4F/port.o
 .debug_aranges
                0x0000000000000f90       0x50 Middlewares/Third_Party/FreeRTOS/Source/portable/MemMang/heap_4.o
 .debug_aranges
                0x0000000000000fe0       0x58 Src/main.o
 .debug_aranges
                0x0000000000001038       0xa0 Src/pushbutton.o
 .debug_aranges
                0x00000000000010d8       0x48 Src/stm32f4xx_hal_msp.o
 .debug_aranges
                0x0000000000001120       0x30 Src/stm32f4xx_hal_timebase_tim.o
 .debug_aranges
                0x0000000000001150       0x50 Src/stm32f4xx_it.o
 .debug_aranges
                0x00000000000011a0       0x28 Src/system_stm32f4xx.o
 .debug_aranges
                0x00000000000011c8       0x28 Startup/startup_stm32f401retx.o

.debug_ranges   0x0000000000000000     0x10a8
 .debug_ranges  0x0000000000000000       0xe0 Drivers/STM32F4xx_HAL_Driver/Src/stm32f4xx_hal.o
 .debug_ranges  0x00000000000000e0      0x108 Drivers/STM32F4xx_HAL_Driver/Src/stm32f4xx_hal_cortex.o
 .debug_ranges  0x00000000000001e8       0x48 Drivers/STM32F4xx_HAL_Driver/Src/stm32f4xx_hal_gpio.o
 .debug_ranges  0x0000000000000230       0x78 Drivers/STM32F4xx_HAL_Driver/Src/stm32f4xx_hal_rcc.o
 .debug_ranges  0x00000000000002a8      0x398 Drivers/STM32F4xx_HAL_Driver/Src/stm32f4xx_hal_tim.o
 .debug_ranges  0x0000000000000640      0x140 Drivers/STM32F4xx_HAL_Driver/Src/stm32f4xx_hal_tim_ex.o
 .debug_ranges  0x0000000000000780      0x218 Middlewares/Third_Party/FreeRTOS/Source/CMSIS_RTOS_V2/cmsis_os2.o
 .debug_ranges  0x0000000000000998       0x80 Middlewares/Third_Party/FreeRTOS/Source/event_groups.o
 .debug_ranges  0x0000000000000a18       0x30 Middlewares/Third_Party/FreeRTOS/Source/list.o
 .debug_ranges  0x0000000000000a48      0x148 Middlewares/Third_Party/FreeRTOS/Source/queue.o
 .debug_ranges  0x0000000000000b90      0x1e8 Middlewares/Third_Party/FreeRTOS/Source/tasks.o
 .debug_ranges  0x0000000000000d78       0xd8 Middlewares/Third_Party/FreeRTOS/Source/timers.o
 .debug_ranges  0x0000000000000e50       0x70 Middlewares/Third_Party/FreeRTOS/Source/portable/GCC/ARM_CM4F/port.o
 .debug_ranges  0x0000000000000ec0       0x40 Middlewares/Third_Party/FreeRTOS/Source/portable/MemMang/heap_4.o
 .debug_ranges  0x0000000000000f00       0x48 Src/main.o
 .debug_ranges  0x0000000000000f48       0x90 Src/pushbutton.o
 .debug_ranges  0x0000000000000fd8       0x38 Src/stm32f4xx_hal_msp.o
 .debug_ranges  0x0000000000001010       0x20 Src/stm32f4xx_hal_timebase_tim.o
 .debug_ranges  0x0000000000001030       0x40 Src/stm32f4xx_it.o
 .debug_ranges  0x0000000000001070       0x18 Src/system_stm32f4xx.o
 .debug_ranges  0x0000000000001088       0x20 Startup/startup_stm32f401retx.o

.debug_macro    0x0000000000000000    0x17acd
 .debug_macro   0x0000000000000000      0x224 Drivers/STM32F4xx_HAL_Driver/Src/stm32f4xx_hal.o
 .debug_macro   0x0000000000000224      0xa5a Drivers/STM32F4xx_HAL_Driver/Src/stm32f4xx_hal.o
 .debug_macro   0x0000000000000c7e      0x28e Drivers/STM32F4xx_HAL_Driver/Src/stm32f4xx_hal.o
 .debug_macro   0x0000000000000f0c       0x2e Drivers/STM32F4xx_HAL_Driver/Src/stm32f4xx_hal.o
 .debug_macro   0x0000000000000f3a       0x28 Drivers/STM32F4xx_HAL_Driver/Src/stm32f4xx_hal.o
 .debug_macro   0x0000000000000f62       0x22 Drivers/STM32F4xx_HAL_Driver/Src/stm32f4xx_hal.o
 .debug_macro   0x0000000000000f84       0x8e Drivers/STM32F4xx_HAL_Driver/Src/stm32f4xx_hal.o
 .debug_macro   0x0000000000001012       0x51 Drivers/STM32F4xx_HAL_Driver/Src/stm32f4xx_hal.o
 .debug_macro   0x0000000000001063       0xef Drivers/STM32F4xx_HAL_Driver/Src/stm32f4xx_hal.o
 .debug_macro   0x0000000000001152       0x6a Drivers/STM32F4xx_HAL_Driver/Src/stm32f4xx_hal.o
 .debug_macro   0x00000000000011bc      0x1df Drivers/STM32F4xx_HAL_Driver/Src/stm32f4xx_hal.o
 .debug_macro   0x000000000000139b       0x1c Drivers/STM32F4xx_HAL_Driver/Src/stm32f4xx_hal.o
 .debug_macro   0x00000000000013b7       0x22 Drivers/STM32F4xx_HAL_Driver/Src/stm32f4xx_hal.o
 .debug_macro   0x00000000000013d9       0xdf Drivers/STM32F4xx_HAL_Driver/Src/stm32f4xx_hal.o
 .debug_macro   0x00000000000014b8     0x102d Drivers/STM32F4xx_HAL_Driver/Src/stm32f4xx_hal.o
 .debug_macro   0x00000000000024e5      0x11f Drivers/STM32F4xx_HAL_Driver/Src/stm32f4xx_hal.o
 .debug_macro   0x0000000000002604     0xb850 Drivers/STM32F4xx_HAL_Driver/Src/stm32f4xx_hal.o
 .debug_macro   0x000000000000de54       0x43 Drivers/STM32F4xx_HAL_Driver/Src/stm32f4xx_hal.o
 .debug_macro   0x000000000000de97     0x3659 Drivers/STM32F4xx_HAL_Driver/Src/stm32f4xx_hal.o
 .debug_macro   0x00000000000114f0      0x174 Drivers/STM32F4xx_HAL_Driver/Src/stm32f4xx_hal.o
 .debug_macro   0x0000000000011664       0x5a Drivers/STM32F4xx_HAL_Driver/Src/stm32f4xx_hal.o
 .debug_macro   0x00000000000116be      0x416 Drivers/STM32F4xx_HAL_Driver/Src/stm32f4xx_hal.o
 .debug_macro   0x0000000000011ad4      0x9fe Drivers/STM32F4xx_HAL_Driver/Src/stm32f4xx_hal.o
 .debug_macro   0x00000000000124d2      0x117 Drivers/STM32F4xx_HAL_Driver/Src/stm32f4xx_hal.o
 .debug_macro   0x00000000000125e9       0xf8 Drivers/STM32F4xx_HAL_Driver/Src/stm32f4xx_hal.o
 .debug_macro   0x00000000000126e1       0x27 Drivers/STM32F4xx_HAL_Driver/Src/stm32f4xx_hal.o
 .debug_macro   0x0000000000012708      0x15f Drivers/STM32F4xx_HAL_Driver/Src/stm32f4xx_hal.o
 .debug_macro   0x0000000000012867      0x287 Drivers/STM32F4xx_HAL_Driver/Src/stm32f4xx_hal.o
 .debug_macro   0x0000000000012aee       0x5f Drivers/STM32F4xx_HAL_Driver/Src/stm32f4xx_hal.o
 .debug_macro   0x0000000000012b4d      0x236 Drivers/STM32F4xx_HAL_Driver/Src/stm32f4xx_hal.o
 .debug_macro   0x0000000000012d83      0x132 Drivers/STM32F4xx_HAL_Driver/Src/stm32f4xx_hal.o
 .debug_macro   0x0000000000012eb5      0x264 Drivers/STM32F4xx_HAL_Driver/Src/stm32f4xx_hal.o
 .debug_macro   0x0000000000013119       0x2e Drivers/STM32F4xx_HAL_Driver/Src/stm32f4xx_hal.o
 .debug_macro   0x0000000000013147      0x11a Drivers/STM32F4xx_HAL_Driver/Src/stm32f4xx_hal.o
 .debug_macro   0x0000000000013261       0x85 Drivers/STM32F4xx_HAL_Driver/Src/stm32f4xx_hal.o
 .debug_macro   0x00000000000132e6       0x89 Drivers/STM32F4xx_HAL_Driver/Src/stm32f4xx_hal.o
 .debug_macro   0x000000000001336f      0x8a0 Drivers/STM32F4xx_HAL_Driver/Src/stm32f4xx_hal.o
 .debug_macro   0x0000000000013c0f       0x47 Drivers/STM32F4xx_HAL_Driver/Src/stm32f4xx_hal.o
 .debug_macro   0x0000000000013c56      0x126 Drivers/STM32F4xx_HAL_Driver/Src/stm32f4xx_hal.o
 .debug_macro   0x0000000000013d7c      0x1c4 Drivers/STM32F4xx_HAL_Driver/Src/stm32f4xx_hal_cortex.o
 .debug_macro   0x0000000000013f40      0x1fa Drivers/STM32F4xx_HAL_Driver/Src/stm32f4xx_hal_gpio.o
 .debug_macro   0x000000000001413a      0x1e8 Drivers/STM32F4xx_HAL_Driver/Src/stm32f4xx_hal_rcc.o
 .debug_macro   0x0000000000014322      0x1c5 Drivers/STM32F4xx_HAL_Driver/Src/stm32f4xx_hal_tim.o
 .debug_macro   0x00000000000144e7      0x1c4 Drivers/STM32F4xx_HAL_Driver/Src/stm32f4xx_hal_tim_ex.o
 .debug_macro   0x00000000000146ab      0x23a Middlewares/Third_Party/FreeRTOS/Source/CMSIS_RTOS_V2/cmsis_os2.o
 .debug_macro   0x00000000000148e5       0x40 Middlewares/Third_Party/FreeRTOS/Source/CMSIS_RTOS_V2/cmsis_os2.o
 .debug_macro   0x0000000000014925       0x18 Middlewares/Third_Party/FreeRTOS/Source/CMSIS_RTOS_V2/cmsis_os2.o
 .debug_macro   0x000000000001493d       0x94 Middlewares/Third_Party/FreeRTOS/Source/CMSIS_RTOS_V2/cmsis_os2.o
 .debug_macro   0x00000000000149d1       0x3c Middlewares/Third_Party/FreeRTOS/Source/CMSIS_RTOS_V2/cmsis_os2.o
 .debug_macro   0x0000000000014a0d       0x34 Middlewares/Third_Party/FreeRTOS/Source/CMSIS_RTOS_V2/cmsis_os2.o
 .debug_macro   0x0000000000014a41       0x57 Middlewares/Third_Party/FreeRTOS/Source/CMSIS_RTOS_V2/cmsis_os2.o
 .debug_macro   0x0000000000014a98       0x52 Middlewares/Third_Party/FreeRTOS/Source/CMSIS_RTOS_V2/cmsis_os2.o
 .debug_macro   0x0000000000014aea       0x1f Middlewares/Third_Party/FreeRTOS/Source/CMSIS_RTOS_V2/cmsis_os2.o
 .debug_macro   0x0000000000014b09       0x43 Middlewares/Third_Party/FreeRTOS/Source/CMSIS_RTOS_V2/cmsis_os2.o
 .debug_macro   0x0000000000014b4c       0x20 Middlewares/Third_Party/FreeRTOS/Source/CMSIS_RTOS_V2/cmsis_os2.o
 .debug_macro   0x0000000000014b6c      0x1a3 Middlewares/Third_Party/FreeRTOS/Source/CMSIS_RTOS_V2/cmsis_os2.o
 .debug_macro   0x0000000000014d0f      0x330 Middlewares/Third_Party/FreeRTOS/Source/CMSIS_RTOS_V2/cmsis_os2.o
 .debug_macro   0x000000000001503f       0x10 Middlewares/Third_Party/FreeRTOS/Source/CMSIS_RTOS_V2/cmsis_os2.o
 .debug_macro   0x000000000001504f       0x35 Middlewares/Third_Party/FreeRTOS/Source/CMSIS_RTOS_V2/cmsis_os2.o
 .debug_macro   0x0000000000015084       0x20 Middlewares/Third_Party/FreeRTOS/Source/CMSIS_RTOS_V2/cmsis_os2.o
 .debug_macro   0x00000000000150a4       0x10 Middlewares/Third_Party/FreeRTOS/Source/CMSIS_RTOS_V2/cmsis_os2.o
 .debug_macro   0x00000000000150b4       0x74 Middlewares/Third_Party/FreeRTOS/Source/CMSIS_RTOS_V2/cmsis_os2.o
 .debug_macro   0x0000000000015128       0xd3 Middlewares/Third_Party/FreeRTOS/Source/CMSIS_RTOS_V2/cmsis_os2.o
 .debug_macro   0x00000000000151fb      0x13d Middlewares/Third_Party/FreeRTOS/Source/CMSIS_RTOS_V2/cmsis_os2.o
 .debug_macro   0x0000000000015338      0x15a Middlewares/Third_Party/FreeRTOS/Source/CMSIS_RTOS_V2/cmsis_os2.o
 .debug_macro   0x0000000000015492       0xc9 Middlewares/Third_Party/FreeRTOS/Source/CMSIS_RTOS_V2/cmsis_os2.o
 .debug_macro   0x000000000001555b       0x1c Middlewares/Third_Party/FreeRTOS/Source/CMSIS_RTOS_V2/cmsis_os2.o
 .debug_macro   0x0000000000015577       0x26 Middlewares/Third_Party/FreeRTOS/Source/CMSIS_RTOS_V2/cmsis_os2.o
 .debug_macro   0x000000000001559d      0x4a9 Middlewares/Third_Party/FreeRTOS/Source/CMSIS_RTOS_V2/cmsis_os2.o
 .debug_macro   0x0000000000015a46       0xb5 Middlewares/Third_Party/FreeRTOS/Source/CMSIS_RTOS_V2/cmsis_os2.o
 .debug_macro   0x0000000000015afb       0xaa Middlewares/Third_Party/FreeRTOS/Source/CMSIS_RTOS_V2/cmsis_os2.o
 .debug_macro   0x0000000000015ba5       0x91 Middlewares/Third_Party/FreeRTOS/Source/CMSIS_RTOS_V2/cmsis_os2.o
 .debug_macro   0x0000000000015c36       0x8d Middlewares/Third_Party/FreeRTOS/Source/CMSIS_RTOS_V2/cmsis_os2.o
 .debug_macro   0x0000000000015cc3       0x9a Middlewares/Third_Party/FreeRTOS/Source/CMSIS_RTOS_V2/cmsis_os2.o
 .debug_macro   0x0000000000015d5d      0x1d5 Middlewares/Third_Party/FreeRTOS/Source/event_groups.o
 .debug_macro   0x0000000000015f32       0x16 Middlewares/Third_Party/FreeRTOS/Source/event_groups.o
 .debug_macro   0x0000000000015f48      0x10e Middlewares/Third_Party/FreeRTOS/Source/event_groups.o
 .debug_macro   0x0000000000016056       0x8d Middlewares/Third_Party/FreeRTOS/Source/event_groups.o
 .debug_macro   0x00000000000160e3       0x16 Middlewares/Third_Party/FreeRTOS/Source/event_groups.o
 .debug_macro   0x00000000000160f9       0x29 Middlewares/Third_Party/FreeRTOS/Source/event_groups.o
 .debug_macro   0x0000000000016122      0x17a Middlewares/Third_Party/FreeRTOS/Source/list.o
 .debug_macro   0x000000000001629c      0x209 Middlewares/Third_Party/FreeRTOS/Source/queue.o
 .debug_macro   0x00000000000164a5       0x16 Middlewares/Third_Party/FreeRTOS/Source/queue.o
 .debug_macro   0x00000000000164bb       0x87 Middlewares/Third_Party/FreeRTOS/Source/queue.o
 .debug_macro   0x0000000000016542      0x272 Middlewares/Third_Party/FreeRTOS/Source/tasks.o
 .debug_macro   0x00000000000167b4       0x10 Middlewares/Third_Party/FreeRTOS/Source/tasks.o
 .debug_macro   0x00000000000167c4      0x1cf Middlewares/Third_Party/FreeRTOS/Source/timers.o
 .debug_macro   0x0000000000016993       0x97 Middlewares/Third_Party/FreeRTOS/Source/timers.o
 .debug_macro   0x0000000000016a2a      0x196 Middlewares/Third_Party/FreeRTOS/Source/portable/GCC/ARM_CM4F/port.o
 .debug_macro   0x0000000000016bc0      0x1a1 Middlewares/Third_Party/FreeRTOS/Source/portable/MemMang/heap_4.o
 .debug_macro   0x0000000000016d61      0x285 Src/main.o
 .debug_macro   0x0000000000016fe6       0x2e Src/main.o
 .debug_macro   0x0000000000017014      0x2b1 Src/pushbutton.o
 .debug_macro   0x00000000000172c5       0xca Src/pushbutton.o
 .debug_macro   0x000000000001738f      0x1d3 Src/stm32f4xx_hal_msp.o
 .debug_macro   0x0000000000017562      0x1c4 Src/stm32f4xx_hal_timebase_tim.o
 .debug_macro   0x0000000000017726      0x1dd Src/stm32f4xx_it.o
 .debug_macro   0x0000000000017903      0x1ca Src/system_stm32f4xx.o

.debug_line     0x0000000000000000     0xe204
 .debug_line    0x0000000000000000      0x8a9 Drivers/STM32F4xx_HAL_Driver/Src/stm32f4xx_hal.o
 .debug_line    0x00000000000008a9      0x9cd Drivers/STM32F4xx_HAL_Driver/Src/stm32f4xx_hal_cortex.o
 .debug_line    0x0000000000001276      0x84c Drivers/STM32F4xx_HAL_Driver/Src/stm32f4xx_hal_gpio.o
 .debug_line    0x0000000000001ac2      0x901 Drivers/STM32F4xx_HAL_Driver/Src/stm32f4xx_hal_rcc.o
 .debug_line    0x00000000000023c3     0x1766 Drivers/STM32F4xx_HAL_Driver/Src/stm32f4xx_hal_tim.o
 .debug_line    0x0000000000003b29      0xcb4 Drivers/STM32F4xx_HAL_Driver/Src/stm32f4xx_hal_tim_ex.o
 .debug_line    0x00000000000047dd     0x1e1b Middlewares/Third_Party/FreeRTOS/Source/CMSIS_RTOS_V2/cmsis_os2.o
 .debug_line    0x00000000000065f8      0x917 Middlewares/Third_Party/FreeRTOS/Source/event_groups.o
 .debug_line    0x0000000000006f0f      0x667 Middlewares/Third_Party/FreeRTOS/Source/list.o
 .debug_line    0x0000000000007576     0x10fc Middlewares/Third_Party/FreeRTOS/Source/queue.o
 .debug_line    0x0000000000008672     0x1405 Middlewares/Third_Party/FreeRTOS/Source/tasks.o
 .debug_line    0x0000000000009a77      0xa7a Middlewares/Third_Party/FreeRTOS/Source/timers.o
 .debug_line    0x000000000000a4f1      0x69e Middlewares/Third_Party/FreeRTOS/Source/portable/GCC/ARM_CM4F/port.o
 .debug_line    0x000000000000ab8f      0x74d Middlewares/Third_Party/FreeRTOS/Source/portable/MemMang/heap_4.o
 .debug_line    0x000000000000b2dc      0x931 Src/main.o
 .debug_line    0x000000000000bc0d      0x9b5 Src/pushbutton.o
 .debug_line    0x000000000000c5c2      0x713 Src/stm32f4xx_hal_msp.o
 .debug_line    0x000000000000ccd5      0x6d3 Src/stm32f4xx_hal_timebase_tim.o
 .debug_line    0x000000000000d3a8      0x721 Src/stm32f4xx_it.o
 .debug_line    0x000000000000dac9      0x6ba Src/system_stm32f4xx.o
 .debug_line    0x000000000000e183       0x81 Startup/startup_stm32f401retx.o

.debug_str      0x0000000000000000    0x93374
 .debug_str     0x0000000000000000    0x83465 Drivers/STM32F4xx_HAL_Driver/Src/stm32f4xx_hal.o
                                      0x837df (size before relaxing)
 .debug_str     0x0000000000083465      0x3e6 Drivers/STM32F4xx_HAL_Driver/Src/stm32f4xx_hal_cortex.o
                                      0x835bc (size before relaxing)
 .debug_str     0x000000000008384b      0x292 Drivers/STM32F4xx_HAL_Driver/Src/stm32f4xx_hal_gpio.o
                                      0x830b3 (size before relaxing)
 .debug_str     0x0000000000083add      0x38f Drivers/STM32F4xx_HAL_Driver/Src/stm32f4xx_hal_rcc.o
                                      0x83261 (size before relaxing)
 .debug_str     0x0000000000083e6c     0x112f Drivers/STM32F4xx_HAL_Driver/Src/stm32f4xx_hal_tim.o
                                      0x83f6e (size before relaxing)
 .debug_str     0x0000000000084f9b      0x4ec Drivers/STM32F4xx_HAL_Driver/Src/stm32f4xx_hal_tim_ex.o
                                      0x8376e (size before relaxing)
 .debug_str     0x0000000000085487     0x99f4 Middlewares/Third_Party/FreeRTOS/Source/CMSIS_RTOS_V2/cmsis_os2.o
                                       0xe366 (size before relaxing)
 .debug_str     0x000000000008ee7b      0x5b9 Middlewares/Third_Party/FreeRTOS/Source/event_groups.o
                                       0xba0b (size before relaxing)
 .debug_str     0x000000000008f434       0xbf Middlewares/Third_Party/FreeRTOS/Source/list.o
                                       0xa67e (size before relaxing)
 .debug_str     0x000000000008f4f3      0x883 Middlewares/Third_Party/FreeRTOS/Source/queue.o
                                       0xbfdd (size before relaxing)
 .debug_str     0x000000000008fd76     0x1266 Middlewares/Third_Party/FreeRTOS/Source/tasks.o
                                       0xcb2a (size before relaxing)
 .debug_str     0x0000000000090fdc      0x60b Middlewares/Third_Party/FreeRTOS/Source/timers.o
                                       0xc563 (size before relaxing)
 .debug_str     0x00000000000915e7      0x803 Middlewares/Third_Party/FreeRTOS/Source/portable/GCC/ARM_CM4F/port.o
                                       0x8447 (size before relaxing)
 .debug_str     0x0000000000091dea      0x251 Middlewares/Third_Party/FreeRTOS/Source/portable/MemMang/heap_4.o
                                       0xae71 (size before relaxing)
 .debug_str     0x000000000009203b      0xe88 Src/main.o
                                      0x885e1 (size before relaxing)
 .debug_str     0x0000000000092ec3      0x2ad Src/pushbutton.o
                                      0x88428 (size before relaxing)
 .debug_str     0x0000000000093170       0x42 Src/stm32f4xx_hal_msp.o
                                      0x8394a (size before relaxing)
 .debug_str     0x00000000000931b2       0x4a Src/stm32f4xx_hal_timebase_tim.o
                                      0x83684 (size before relaxing)
 .debug_str     0x00000000000931fc       0xab Src/stm32f4xx_it.o
                                      0x83436 (size before relaxing)
 .debug_str     0x00000000000932a7       0x5a Src/system_stm32f4xx.o
                                      0x82e6f (size before relaxing)
 .debug_str     0x0000000000093301       0x73 Startup/startup_stm32f401retx.o

.comment        0x0000000000000000       0x7b
 .comment       0x0000000000000000       0x7b Drivers/STM32F4xx_HAL_Driver/Src/stm32f4xx_hal.o
                                         0x7c (size before relaxing)
 .comment       0x000000000000007b       0x7c Drivers/STM32F4xx_HAL_Driver/Src/stm32f4xx_hal_cortex.o
 .comment       0x000000000000007b       0x7c Drivers/STM32F4xx_HAL_Driver/Src/stm32f4xx_hal_gpio.o
 .comment       0x000000000000007b       0x7c Drivers/STM32F4xx_HAL_Driver/Src/stm32f4xx_hal_rcc.o
 .comment       0x000000000000007b       0x7c Drivers/STM32F4xx_HAL_Driver/Src/stm32f4xx_hal_tim.o
 .comment       0x000000000000007b       0x7c Drivers/STM32F4xx_HAL_Driver/Src/stm32f4xx_hal_tim_ex.o
 .comment       0x000000000000007b       0x7c Middlewares/Third_Party/FreeRTOS/Source/CMSIS_RTOS_V2/cmsis_os2.o
 .comment       0x000000000000007b       0x7c Middlewares/Third_Party/FreeRTOS/Source/event_groups.o
 .comment       0x000000000000007b       0x7c Middlewares/Third_Party/FreeRTOS/Source/list.o
 .comment       0x000000000000007b       0x7c Middlewares/Third_Party/FreeRTOS/Source/queue.o
 .comment       0x000000000000007b       0x7c Middlewares/Third_Party/FreeRTOS/Source/tasks.o
 .comment       0x000000000000007b       0x7c Middlewares/Third_Party/FreeRTOS/Source/timers.o
 .comment       0x000000000000007b       0x7c Middlewares/Third_Party/FreeRTOS/Source/portable/GCC/ARM_CM4F/port.o
 .comment       0x000000000000007b       0x7c Middlewares/Third_Party/FreeRTOS/Source/portable/MemMang/heap_4.o
 .comment       0x000000000000007b       0x7c Src/main.o
 .comment       0x000000000000007b       0x7c Src/pushbutton.o
 .comment       0x000000000000007b       0x7c Src/stm32f4xx_hal_msp.o
 .comment       0x000000000000007b       0x7c Src/stm32f4xx_hal_timebase_tim.o
 .comment       0x000000000000007b       0x7c Src/stm32f4xx_it.o
 .comment       0x000000000000007b       0x7c Src/system_stm32f4xx.o

.debug_frame    0x0000000000000000     0x4a4c
 .debug_frame   0x0000000000000000      0x374 Drivers/STM32F4xx_HAL_Driver/Src/stm32f4xx_hal.o
 .debug_frame   0x0000000000000374      0x498 Drivers/STM32F4xx_HAL_Driver/Src/stm32f4xx_hal_cortex.o
 .debug_frame   0x000000000000080c      0x14c Drivers/STM32F4xx_HAL_Driver/Src/stm32f4xx_hal_gpio.o
 .debug_frame   0x0000000000000958      0x1f0 Drivers/STM32F4xx_HAL_Driver/Src/stm32f4xx_hal_rcc.o
 .debug_frame   0x0000000000000b48     0x10e8 Drivers/STM32F4xx_HAL_Driver/Src/stm32f4xx_hal_tim.o
 .debug_frame   0x0000000000001c30      0x5c0 Drivers/STM32F4xx_HAL_Driver/Src/stm32f4xx_hal_tim_ex.o
 .debug_frame   0x00000000000021f0      0x978 Middlewares/Third_Party/FreeRTOS/Source/CMSIS_RTOS_V2/cmsis_os2.o
 .debug_frame   0x0000000000002b68      0x23c Middlewares/Third_Party/FreeRTOS/Source/event_groups.o
 .debug_frame   0x0000000000002da4       0xd8 Middlewares/Third_Party/FreeRTOS/Source/list.o
 .debug_frame   0x0000000000002e7c      0x5ec Middlewares/Third_Party/FreeRTOS/Source/queue.o
 .debug_frame   0x0000000000003468      0x8a8 Middlewares/Third_Party/FreeRTOS/Source/tasks.o
 .debug_frame   0x0000000000003d10      0x3dc Middlewares/Third_Party/FreeRTOS/Source/timers.o
 .debug_frame   0x00000000000040ec      0x1a8 Middlewares/Third_Party/FreeRTOS/Source/portable/GCC/ARM_CM4F/port.o
 .debug_frame   0x0000000000004294      0x108 Middlewares/Third_Party/FreeRTOS/Source/portable/MemMang/heap_4.o
 .debug_frame   0x000000000000439c      0x120 Src/main.o
 .debug_frame   0x00000000000044bc      0x22c Src/pushbutton.o
 .debug_frame   0x00000000000046e8       0xf8 Src/stm32f4xx_hal_msp.o
 .debug_frame   0x00000000000047e0       0x74 Src/stm32f4xx_hal_timebase_tim.o
 .debug_frame   0x0000000000004854       0xcc Src/stm32f4xx_it.o
 .debug_frame   0x0000000000004920       0x58 Src/system_stm32f4xx.o
 .debug_frame   0x0000000000004978       0x2c c:/st/stm32cubeide_1.4.0/stm32cubeide/plugins/com.st.stm32cube.ide.mcu.externaltools.gnu-tools-for-stm32.7-2018-q2-update.win32_1.4.0.202007081208/tools/bin/../lib/gcc/arm-none-eabi/7.3.1/../../../../arm-none-eabi/lib/thumb/v7e-m/fpv4-sp/hard\libc_nano.a(lib_a-init.o)
 .debug_frame   0x00000000000049a4       0x28 c:/st/stm32cubeide_1.4.0/stm32cubeide/plugins/com.st.stm32cube.ide.mcu.externaltools.gnu-tools-for-stm32.7-2018-q2-update.win32_1.4.0.202007081208/tools/bin/../lib/gcc/arm-none-eabi/7.3.1/../../../../arm-none-eabi/lib/thumb/v7e-m/fpv4-sp/hard\libc_nano.a(lib_a-memcpy-stub.o)
 .debug_frame   0x00000000000049cc       0x20 c:/st/stm32cubeide_1.4.0/stm32cubeide/plugins/com.st.stm32cube.ide.mcu.externaltools.gnu-tools-for-stm32.7-2018-q2-update.win32_1.4.0.202007081208/tools/bin/../lib/gcc/arm-none-eabi/7.3.1/../../../../arm-none-eabi/lib/thumb/v7e-m/fpv4-sp/hard\libc_nano.a(lib_a-memset.o)
 .debug_frame   0x00000000000049ec       0x2c c:/st/stm32cubeide_1.4.0/stm32cubeide/plugins/com.st.stm32cube.ide.mcu.externaltools.gnu-tools-for-stm32.7-2018-q2-update.win32_1.4.0.202007081208/tools/bin/../lib/gcc/arm-none-eabi/7.3.1/thumb/v7e-m/fpv4-sp/hard\libgcc.a(_aeabi_uldivmod.o)
 .debug_frame   0x0000000000004a18       0x34 c:/st/stm32cubeide_1.4.0/stm32cubeide/plugins/com.st.stm32cube.ide.mcu.externaltools.gnu-tools-for-stm32.7-2018-q2-update.win32_1.4.0.202007081208/tools/bin/../lib/gcc/arm-none-eabi/7.3.1/thumb/v7e-m/fpv4-sp/hard\libgcc.a(_udivmoddi4.o)