Archive member included to satisfy reference by file (symbol)

c:/program files/st/stm32cubeide_1.4.0/stm32cubeide/plugins/com.st.stm32cube.ide.mcu.externaltools.gnu-tools-for-stm32.7-2018-q2-update.win32_1.4.0.202007081208/tools/bin/../lib/gcc/arm-none-eabi/7.3.1/../../../../arm-none-eabi/lib/thumb/v7e-m/fpv4-sp/hard\libc_nano.a(lib_a-errno.o)
                              Core/Src/main.o (__errno)
c:/program files/st/stm32cubeide_1.4.0/stm32cubeide/plugins/com.st.stm32cube.ide.mcu.externaltools.gnu-tools-for-stm32.7-2018-q2-update.win32_1.4.0.202007081208/tools/bin/../lib/gcc/arm-none-eabi/7.3.1/../../../../arm-none-eabi/lib/thumb/v7e-m/fpv4-sp/hard\libc_nano.a(lib_a-exit.o)
                              c:/program files/st/stm32cubeide_1.4.0/stm32cubeide/plugins/com.st.stm32cube.ide.mcu.externaltools.gnu-tools-for-stm32.7-2018-q2-update.win32_1.4.0.202007081208/tools/bin/../lib/gcc/arm-none-eabi/7.3.1/../../../../arm-none-eabi/lib/thumb/v7e-m/fpv4-sp/hard/crt0.o (exit)
c:/program files/st/stm32cubeide_1.4.0/stm32cubeide/plugins/com.st.stm32cube.ide.mcu.externaltools.gnu-tools-for-stm32.7-2018-q2-update.win32_1.4.0.202007081208/tools/bin/../lib/gcc/arm-none-eabi/7.3.1/../../../../arm-none-eabi/lib/thumb/v7e-m/fpv4-sp/hard\libc_nano.a(lib_a-impure.o)
                              c:/program files/st/stm32cubeide_1.4.0/stm32cubeide/plugins/com.st.stm32cube.ide.mcu.externaltools.gnu-tools-for-stm32.7-2018-q2-update.win32_1.4.0.202007081208/tools/bin/../lib/gcc/arm-none-eabi/7.3.1/../../../../arm-none-eabi/lib/thumb/v7e-m/fpv4-sp/hard\libc_nano.a(lib_a-exit.o) (_global_impure_ptr)
c:/program files/st/stm32cubeide_1.4.0/stm32cubeide/plugins/com.st.stm32cube.ide.mcu.externaltools.gnu-tools-for-stm32.7-2018-q2-update.win32_1.4.0.202007081208/tools/bin/../lib/gcc/arm-none-eabi/7.3.1/../../../../arm-none-eabi/lib/thumb/v7e-m/fpv4-sp/hard\libc_nano.a(lib_a-init.o)
                              c:/program files/st/stm32cubeide_1.4.0/stm32cubeide/plugins/com.st.stm32cube.ide.mcu.externaltools.gnu-tools-for-stm32.7-2018-q2-update.win32_1.4.0.202007081208/tools/bin/../lib/gcc/arm-none-eabi/7.3.1/../../../../arm-none-eabi/lib/thumb/v7e-m/fpv4-sp/hard/crt0.o (__libc_init_array)
c:/program files/st/stm32cubeide_1.4.0/stm32cubeide/plugins/com.st.stm32cube.ide.mcu.externaltools.gnu-tools-for-stm32.7-2018-q2-update.win32_1.4.0.202007081208/tools/bin/../lib/gcc/arm-none-eabi/7.3.1/../../../../arm-none-eabi/lib/thumb/v7e-m/fpv4-sp/hard\libc_nano.a(lib_a-malloc.o)
                              Middlewares/ST/STM32_USB_Device_Library/Class/CDC/Src/usbd_cdc.o (malloc)
c:/program files/st/stm32cubeide_1.4.0/stm32cubeide/plugins/com.st.stm32cube.ide.mcu.externaltools.gnu-tools-for-stm32.7-2018-q2-update.win32_1.4.0.202007081208/tools/bin/../lib/gcc/arm-none-eabi/7.3.1/../../../../arm-none-eabi/lib/thumb/v7e-m/fpv4-sp/hard\libc_nano.a(lib_a-memcpy-stub.o)
                              Middlewares/Third_Party/FreeRTOS/Source/CMSIS_RTOS_V2/cmsis_os2.o (memcpy)
c:/program files/st/stm32cubeide_1.4.0/stm32cubeide/plugins/com.st.stm32cube.ide.mcu.externaltools.gnu-tools-for-stm32.7-2018-q2-update.win32_1.4.0.202007081208/tools/bin/../lib/gcc/arm-none-eabi/7.3.1/../../../../arm-none-eabi/lib/thumb/v7e-m/fpv4-sp/hard\libc_nano.a(lib_a-memset.o)
                              c:/program files/st/stm32cubeide_1.4.0/stm32cubeide/plugins/com.st.stm32cube.ide.mcu.externaltools.gnu-tools-for-stm32.7-2018-q2-update.win32_1.4.0.202007081208/tools/bin/../lib/gcc/arm-none-eabi/7.3.1/../../../../arm-none-eabi/lib/thumb/v7e-m/fpv4-sp/hard/crt0.o (memset)
c:/program files/st/stm32cubeide_1.4.0/stm32cubeide/plugins/com.st.stm32cube.ide.mcu.externaltools.gnu-tools-for-stm32.7-2018-q2-update.win32_1.4.0.202007081208/tools/bin/../lib/gcc/arm-none-eabi/7.3.1/../../../../arm-none-eabi/lib/thumb/v7e-m/fpv4-sp/hard\libc_nano.a(lib_a-nano-freer.o)
                              c:/program files/st/stm32cubeide_1.4.0/stm32cubeide/plugins/com.st.stm32cube.ide.mcu.externaltools.gnu-tools-for-stm32.7-2018-q2-update.win32_1.4.0.202007081208/tools/bin/../lib/gcc/arm-none-eabi/7.3.1/../../../../arm-none-eabi/lib/thumb/v7e-m/fpv4-sp/hard\libc_nano.a(lib_a-malloc.o) (_free_r)
c:/program files/st/stm32cubeide_1.4.0/stm32cubeide/plugins/com.st.stm32cube.ide.mcu.externaltools.gnu-tools-for-stm32.7-2018-q2-update.win32_1.4.0.202007081208/tools/bin/../lib/gcc/arm-none-eabi/7.3.1/../../../../arm-none-eabi/lib/thumb/v7e-m/fpv4-sp/hard\libc_nano.a(lib_a-nano-mallocr.o)
                              c:/program files/st/stm32cubeide_1.4.0/stm32cubeide/plugins/com.st.stm32cube.ide.mcu.externaltools.gnu-tools-for-stm32.7-2018-q2-update.win32_1.4.0.202007081208/tools/bin/../lib/gcc/arm-none-eabi/7.3.1/../../../../arm-none-eabi/lib/thumb/v7e-m/fpv4-sp/hard\libc_nano.a(lib_a-malloc.o) (_malloc_r)
[...]
Memory Configuration

Name             Origin             Length             Attributes
RAM              0x0000000020000000 0x0000000000018000 xrw
FLASH            0x0000000008000000 0x0000000000080000 xr
*default*        0x0000000000000000 0xffffffffffffffff

Linker script and memory map

LOAD c:/program files/st/stm32cubeide_1.4.0/stm32cubeide/plugins/com.st.stm32cube.ide.mcu.externaltools.gnu-tools-for-stm32.7-2018-q2-update.win32_1.4.0.202007081208/tools/bin/../lib/gcc/arm-none-eabi/7.3.1/thumb/v7e-m/fpv4-sp/hard/crti.o
LOAD c:/program files/st/stm32cubeide_1.4.0/stm32cubeide/plugins/com.st.stm32cube.ide.mcu.externaltools.gnu-tools-for-stm32.7-2018-q2-update.win32_1.4.0.202007081208/tools/bin/../lib/gcc/arm-none-eabi/7.3.1/thumb/v7e-m/fpv4-sp/hard/crtbegin.o
LOAD c:/program files/st/stm32cubeide_1.4.0/stm32cubeide/plugins/com.st.stm32cube.ide.mcu.externaltools.gnu-tools-for-stm32.7-2018-q2-update.win32_1.4.0.202007081208/tools/bin/../lib/gcc/arm-none-eabi/7.3.1/../../../../arm-none-eabi/lib/thumb/v7e-m/fpv4-sp/hard/crt0.o
LOAD Core/Src/bargraph.o
LOAD Core/Src/batt_monitor.o
LOAD Core/Src/board_lights.o
LOAD Core/Src/buzzer.o
LOAD Core/Src/freertos.o
LOAD Core/Src/main.o
LOAD Core/Src/pushbutton.o
LOAD Core/Src/stm32f4xx_hal_msp.o
LOAD Core/Src/stm32f4xx_hal_timebase_tim.o
LOAD Core/Src/stm32f4xx_it.o
LOAD Core/Src/syscalls.o
LOAD Core/Src/sysmem.o
LOAD Core/Src/system_stm32f4xx.o
LOAD Core/Startup/startup_stm32f401retx.o
LOAD Drivers/STM32F4xx_HAL_Driver/Src/stm32f4xx_hal.o
LOAD Drivers/STM32F4xx_HAL_Driver/Src/stm32f4xx_hal_adc.o
LOAD Drivers/STM32F4xx_HAL_Driver/Src/stm32f4xx_hal_adc_ex.o
LOAD Drivers/STM32F4xx_HAL_Driver/Src/stm32f4xx_hal_cortex.o
LOAD Drivers/STM32F4xx_HAL_Driver/Src/stm32f4xx_hal_dma.o
LOAD Drivers/STM32F4xx_HAL_Driver/Src/stm32f4xx_hal_dma_ex.o
LOAD Drivers/STM32F4xx_HAL_Driver/Src/stm32f4xx_hal_exti.o
LOAD Drivers/STM32F4xx_HAL_Driver/Src/stm32f4xx_hal_flash.o
LOAD Drivers/STM32F4xx_HAL_Driver/Src/stm32f4xx_hal_flash_ex.o
LOAD Drivers/STM32F4xx_HAL_Driver/Src/stm32f4xx_hal_flash_ramfunc.o
LOAD Drivers/STM32F4xx_HAL_Driver/Src/stm32f4xx_hal_gpio.o
LOAD Drivers/STM32F4xx_HAL_Driver/Src/stm32f4xx_hal_pcd.o
LOAD Drivers/STM32F4xx_HAL_Driver/Src/stm32f4xx_hal_pcd_ex.o
LOAD Drivers/STM32F4xx_HAL_Driver/Src/stm32f4xx_hal_pwr.o
LOAD Drivers/STM32F4xx_HAL_Driver/Src/stm32f4xx_hal_pwr_ex.o
LOAD Drivers/STM32F4xx_HAL_Driver/Src/stm32f4xx_hal_rcc.o
LOAD Drivers/STM32F4xx_HAL_Driver/Src/stm32f4xx_hal_rcc_ex.o
LOAD Drivers/STM32F4xx_HAL_Driver/Src/stm32f4xx_hal_tim.o
LOAD Drivers/STM32F4xx_HAL_Driver/Src/stm32f4xx_hal_tim_ex.o
LOAD Drivers/STM32F4xx_HAL_Driver/Src/stm32f4xx_ll_usb.o
LOAD Middlewares/ST/STM32_USB_Device_Library/Class/CDC/Src/usbd_cdc.o
LOAD Middlewares/ST/STM32_USB_Device_Library/Core/Src/usbd_core.o
LOAD Middlewares/ST/STM32_USB_Device_Library/Core/Src/usbd_ctlreq.o
LOAD Middlewares/ST/STM32_USB_Device_Library/Core/Src/usbd_ioreq.o
LOAD Middlewares/Third_Party/FreeRTOS/Source/CMSIS_RTOS_V2/cmsis_os2.o
LOAD Middlewares/Third_Party/FreeRTOS/Source/croutine.o
LOAD Middlewares/Third_Party/FreeRTOS/Source/event_groups.o
LOAD Middlewares/Third_Party/FreeRTOS/Source/list.o
LOAD Middlewares/Third_Party/FreeRTOS/Source/queue.o
LOAD Middlewares/Third_Party/FreeRTOS/Source/stream_buffer.o
LOAD Middlewares/Third_Party/FreeRTOS/Source/tasks.o
LOAD Middlewares/Third_Party/FreeRTOS/Source/timers.o
LOAD Middlewares/Third_Party/FreeRTOS/Source/portable/GCC/ARM_CM4F/port.o
LOAD Middlewares/Third_Party/FreeRTOS/Source/portable/MemMang/heap_4.o
LOAD USB_DEVICE/App/usb_device.o
LOAD USB_DEVICE/App/usbd_cdc_if.o
LOAD USB_DEVICE/App/usbd_desc.o
LOAD USB_DEVICE/Target/usbd_conf.o
START GROUP
LOAD c:/program files/st/stm32cubeide_1.4.0/stm32cubeide/plugins/com.st.stm32cube.ide.mcu.externaltools.gnu-tools-for-stm32.7-2018-q2-update.win32_1.4.0.202007081208/tools/bin/../lib/gcc/arm-none-eabi/7.3.1/../../../../arm-none-eabi/lib/thumb/v7e-m/fpv4-sp/hard\libc_nano.a
LOAD c:/program files/st/stm32cubeide_1.4.0/stm32cubeide/plugins/com.st.stm32cube.ide.mcu.externaltools.gnu-tools-for-stm32.7-2018-q2-update.win32_1.4.0.202007081208/tools/bin/../lib/gcc/arm-none-eabi/7.3.1/../../../../arm-none-eabi/lib/thumb/v7e-m/fpv4-sp/hard\libm.a
END GROUP
START GROUP
LOAD c:/program files/st/stm32cubeide_1.4.0/stm32cubeide/plugins/com.st.stm32cube.ide.mcu.externaltools.gnu-tools-for-stm32.7-2018-q2-update.win32_1.4.0.202007081208/tools/bin/../lib/gcc/arm-none-eabi/7.3.1/thumb/v7e-m/fpv4-sp/hard\libgcc.a
LOAD c:/program files/st/stm32cubeide_1.4.0/stm32cubeide/plugins/com.st.stm32cube.ide.mcu.externaltools.gnu-tools-for-stm32.7-2018-q2-update.win32_1.4.0.202007081208/tools/bin/../lib/gcc/arm-none-eabi/7.3.1/../../../../arm-none-eabi/lib/thumb/v7e-m/fpv4-sp/hard\libc_nano.a
END GROUP
START GROUP
LOAD c:/program files/st/stm32cubeide_1.4.0/stm32cubeide/plugins/com.st.stm32cube.ide.mcu.externaltools.gnu-tools-for-stm32.7-2018-q2-update.win32_1.4.0.202007081208/tools/bin/../lib/gcc/arm-none-eabi/7.3.1/thumb/v7e-m/fpv4-sp/hard\libgcc.a
LOAD c:/program files/st/stm32cubeide_1.4.0/stm32cubeide/plugins/com.st.stm32cube.ide.mcu.externaltools.gnu-tools-for-stm32.7-2018-q2-update.win32_1.4.0.202007081208/tools/bin/../lib/gcc/arm-none-eabi/7.3.1/../../../../arm-none-eabi/lib/thumb/v7e-m/fpv4-sp/hard\libc_nano.a
LOAD c:/program files/st/stm32cubeide_1.4.0/stm32cubeide/plugins/com.st.stm32cube.ide.mcu.externaltools.gnu-tools-for-stm32.7-2018-q2-update.win32_1.4.0.202007081208/tools/bin/../lib/gcc/arm-none-eabi/7.3.1/../../../../arm-none-eabi/lib/thumb/v7e-m/fpv4-sp/hard\libnosys.a
END GROUP
START GROUP
LOAD c:/program files/st/stm32cubeide_1.4.0/stm32cubeide/plugins/com.st.stm32cube.ide.mcu.externaltools.gnu-tools-for-stm32.7-2018-q2-update.win32_1.4.0.202007081208/tools/bin/../lib/gcc/arm-none-eabi/7.3.1/thumb/v7e-m/fpv4-sp/hard\libgcc.a
LOAD c:/program files/st/stm32cubeide_1.4.0/stm32cubeide/plugins/com.st.stm32cube.ide.mcu.externaltools.gnu-tools-for-stm32.7-2018-q2-update.win32_1.4.0.202007081208/tools/bin/../lib/gcc/arm-none-eabi/7.3.1/../../../../arm-none-eabi/lib/thumb/v7e-m/fpv4-sp/hard\libc_nano.a
LOAD c:/program files/st/stm32cubeide_1.4.0/stm32cubeide/plugins/com.st.stm32cube.ide.mcu.externaltools.gnu-tools-for-stm32.7-2018-q2-update.win32_1.4.0.202007081208/tools/bin/../lib/gcc/arm-none-eabi/7.3.1/../../../../arm-none-eabi/lib/thumb/v7e-m/fpv4-sp/hard\libnosys.a
END GROUP
LOAD c:/program files/st/stm32cubeide_1.4.0/stm32cubeide/plugins/com.st.stm32cube.ide.mcu.externaltools.gnu-tools-for-stm32.7-2018-q2-update.win32_1.4.0.202007081208/tools/bin/../lib/gcc/arm-none-eabi/7.3.1/thumb/v7e-m/fpv4-sp/hard/crtend.o
LOAD c:/program files/st/stm32cubeide_1.4.0/stm32cubeide/plugins/com.st.stm32cube.ide.mcu.externaltools.gnu-tools-for-stm32.7-2018-q2-update.win32_1.4.0.202007081208/tools/bin/../lib/gcc/arm-none-eabi/7.3.1/thumb/v7e-m/fpv4-sp/hard/crtn.o
                0x0000000020018000                _estack = (ORIGIN (RAM) + LENGTH (RAM))
                0x0000000000000400                _Min_Heap_Size = 0x400
                0x0000000000000800                _Min_Stack_Size = 0x800

.isr_vector     0x0000000008000000      0x194
                0x0000000008000000                . = ALIGN (0x4)
 *(.isr_vector)
 .isr_vector    0x0000000008000000      0x194 Core/Startup/startup_stm32f401retx.o
                0x0000000008000000                g_pfnVectors
                0x0000000008000194                . = ALIGN (0x4)

.text           0x00000000080001a0    0x10784
                0x00000000080001a0                . = ALIGN (0x4)
 *(.text)
 .text          0x00000000080001a0       0x40 c:/program files/st/stm32cubeide_1.4.0/stm32cubeide/plugins/com.st.stm32cube.ide.mcu.externaltools.gnu-tools-for-stm32.7-2018-q2-update.win32_1.4.0.202007081208/tools/bin/../lib/gcc/arm-none-eabi/7.3.1/thumb/v7e-m/fpv4-sp/hard/crtbegin.o
 .text          0x00000000080001e0       0x10 c:/program files/st/stm32cubeide_1.4.0/stm32cubeide/plugins/com.st.stm32cube.ide.mcu.externaltools.gnu-tools-for-stm32.7-2018-q2-update.win32_1.4.0.202007081208/tools/bin/../lib/gcc/arm-none-eabi/7.3.1/../../../../arm-none-eabi/lib/thumb/v7e-m/fpv4-sp/hard\libc_nano.a(lib_a-strlen.o)
                0x00000000080001e0                strlen
 .text          0x00000000080001f0      0x378 c:/program files/st/stm32cubeide_1.4.0/stm32cubeide/plugins/com.st.stm32cube.ide.mcu.externaltools.gnu-tools-for-stm32.7-2018-q2-update.win32_1.4.0.202007081208/tools/bin/../lib/gcc/arm-none-eabi/7.3.1/thumb/v7e-m/fpv4-sp/hard\libgcc.a(_arm_addsubdf3.o)
                0x00000000080001f0                __aeabi_drsub
                0x00000000080001f8                __aeabi_dsub
                0x00000000080001f8                __subdf3
                0x00000000080001fc                __aeabi_dadd
                0x00000000080001fc                __adddf3
                0x0000000008000474                __floatunsidf
                0x0000000008000474                __aeabi_ui2d
                0x0000000008000494                __floatsidf
                0x0000000008000494                __aeabi_i2d
                0x00000000080004b8                __aeabi_f2d
                0x00000000080004b8                __extendsfdf2
                0x00000000080004fc                __floatundidf
                0x00000000080004fc                __aeabi_ul2d
                0x000000000800050c                __floatdidf
                0x000000000800050c                __aeabi_l2d
 .text          0x0000000008000568      0x424 c:/program files/st/stm32cubeide_1.4.0/stm32cubeide/plugins/com.st.stm32cube.ide.mcu.externaltools.gnu-tools-for-stm32.7-2018-q2-update.win32_1.4.0.202007081208/tools/bin/../lib/gcc/arm-none-eabi/7.3.1/thumb/v7e-m/fpv4-sp/hard\libgcc.a(_arm_muldivdf3.o)
                0x0000000008000568                __aeabi_dmul
                0x0000000008000568                __muldf3
                0x00000000080007bc                __divdf3
                0x00000000080007bc                __aeabi_ddiv
 .text          0x000000000800098c      0x110 c:/program files/st/stm32cubeide_1.4.0/stm32cubeide/plugins/com.st.stm32cube.ide.mcu.externaltools.gnu-tools-for-stm32.7-2018-q2-update.win32_1.4.0.202007081208/tools/bin/../lib/gcc/arm-none-eabi/7.3.1/thumb/v7e-m/fpv4-sp/hard\libgcc.a(_arm_cmpdf2.o)
                0x000000000800098c                __gtdf2
                0x000000000800098c                __gedf2
                0x0000000008000994                __ltdf2
                0x0000000008000994                __ledf2
                0x000000000800099c                __nedf2
                0x000000000800099c                __eqdf2
                0x000000000800099c                __cmpdf2
                0x0000000008000a18                __aeabi_cdrcmple
                0x0000000008000a28                __aeabi_cdcmpeq
                0x0000000008000a28                __aeabi_cdcmple
                0x0000000008000a38                __aeabi_dcmpeq
                0x0000000008000a4c                __aeabi_dcmplt
                0x0000000008000a60                __aeabi_dcmple
                0x0000000008000a74                __aeabi_dcmpge
                0x0000000008000a88                __aeabi_dcmpgt
 .text          0x0000000008000a9c       0x2c c:/program files/st/stm32cubeide_1.4.0/stm32cubeide/plugins/com.st.stm32cube.ide.mcu.externaltools.gnu-tools-for-stm32.7-2018-q2-update.win32_1.4.0.202007081208/tools/bin/../lib/gcc/arm-none-eabi/7.3.1/thumb/v7e-m/fpv4-sp/hard\libgcc.a(_arm_unorddf2.o)
                0x0000000008000a9c                __unorddf2
                0x0000000008000a9c                __aeabi_dcmpun
 .text          0x0000000008000ac8       0x50 c:/program files/st/stm32cubeide_1.4.0/stm32cubeide/plugins/com.st.stm32cube.ide.mcu.externaltools.gnu-tools-for-stm32.7-2018-q2-update.win32_1.4.0.202007081208/tools/bin/../lib/gcc/arm-none-eabi/7.3.1/thumb/v7e-m/fpv4-sp/hard\libgcc.a(_arm_fixdfsi.o)
                0x0000000008000ac8                __aeabi_d2iz
                0x0000000008000ac8                __fixdfsi
 .text          0x0000000008000b18       0xa0 c:/program files/st/stm32cubeide_1.4.0/stm32cubeide/plugins/com.st.stm32cube.ide.mcu.externaltools.gnu-tools-for-stm32.7-2018-q2-update.win32_1.4.0.202007081208/tools/bin/../lib/gcc/arm-none-eabi/7.3.1/thumb/v7e-m/fpv4-sp/hard\libgcc.a(_arm_truncdfsf2.o)
                0x0000000008000b18                __truncdfsf2
                0x0000000008000b18                __aeabi_d2f
 .text          0x0000000008000bb8       0x30 c:/program files/st/stm32cubeide_1.4.0/stm32cubeide/plugins/com.st.stm32cube.ide.mcu.externaltools.gnu-tools-for-stm32.7-2018-q2-update.win32_1.4.0.202007081208/tools/bin/../lib/gcc/arm-none-eabi/7.3.1/thumb/v7e-m/fpv4-sp/hard\libgcc.a(_aeabi_uldivmod.o)
                0x0000000008000bb8                __aeabi_uldivmod
 .text          0x0000000008000be8      0x2cc c:/program files/st/stm32cubeide_1.4.0/stm32cubeide/plugins/com.st.stm32cube.ide.mcu.externaltools.gnu-tools-for-stm32.7-2018-q2-update.win32_1.4.0.202007081208/tools/bin/../lib/gcc/arm-none-eabi/7.3.1/thumb/v7e-m/fpv4-sp/hard\libgcc.a(_udivmoddi4.o)
                0x0000000008000be8                __udivmoddi4
 .text          0x0000000008000eb4        0x4 c:/program files/st/stm32cubeide_1.4.0/stm32cubeide/plugins/com.st.stm32cube.ide.mcu.externaltools.gnu-tools-for-stm32.7-2018-q2-update.win32_1.4.0.202007081208/tools/bin/../lib/gcc/arm-none-eabi/7.3.1/thumb/v7e-m/fpv4-sp/hard\libgcc.a(_dvmd_tls.o)
                0x0000000008000eb4                __aeabi_idiv0
                0x0000000008000eb4                __aeabi_ldiv0
 *(.text*)
 .text.bargraph_output
                0x0000000008000eb8      0x108 Core/Src/bargraph.o
                0x0000000008000eb8                bargraph_output
 .text.bargraph_init
                0x0000000008000fc0       0xac Core/Src/bargraph.o
                0x0000000008000fc0                bargraph_init
 .text.bargraph_draw_soc
                0x000000000800106c       0x38 Core/Src/bargraph.o
                0x000000000800106c                bargraph_draw_soc
 .text.animate_bargraph
                0x00000000080010a4      0x240 Core/Src/bargraph.o
 .text.draw_bargraph
                0x00000000080012e4       0x90 Core/Src/bargraph.o
 .text.monitor_init
                0x0000000008001374       0x3c Core/Src/batt_monitor.o
                0x0000000008001374                monitor_init
 .text.monitor_start
                0x00000000080013b0       0x4c Core/Src/batt_monitor.o
                0x00000000080013b0                monitor_start
 *fill*         0x00000000080013fc        0x4 
 .text.v_sys_check
                0x0000000008001400       0xf4 Core/Src/batt_monitor.o
                0x0000000008001400                v_sys_check
 .text.monitor_soc_low
                0x00000000080014f4       0x4c Core/Src/batt_monitor.o
                0x00000000080014f4                monitor_soc_low
 .text.monitor_soc_crit
                0x0000000008001540       0x4c Core/Src/batt_monitor.o
                0x0000000008001540                monitor_soc_crit
 .text.monitor_read_fail
                0x000000000800158c       0x4c Core/Src/batt_monitor.o
                0x000000000800158c                monitor_read_fail
 .text.run_monitor
                0x00000000080015d8      0x294 Core/Src/batt_monitor.o
 .text.do_adc_dma
                0x000000000800186c       0x84 Core/Src/batt_monitor.o
 .text.HAL_ADC_ConvCpltCallback
                0x00000000080018f0       0x20 Core/Src/batt_monitor.o
                0x00000000080018f0                HAL_ADC_ConvCpltCallback
 .text.board_lights_init
                0x0000000008001910       0xdc Core/Src/board_lights.o
                0x0000000008001910                board_lights_init
 .text.board_lights_shutdown
                0x00000000080019ec       0x48 Core/Src/board_lights.o
                0x00000000080019ec                board_lights_shutdown
 .text.board_lights_tim_overflow
                0x0000000008001a34       0x30 Core/Src/board_lights.o
                0x0000000008001a34                board_lights_tim_overflow
 .text.run_lights_supervisor
                0x0000000008001a64      0x14c Core/Src/board_lights.o
 .text.run_board_lights
                0x0000000008001bb0       0xb4 Core/Src/board_lights.o
 .text.do_lights_out
                0x0000000008001c64       0x24 Core/Src/board_lights.o
 .text.do_taillight_only
                0x0000000008001c88       0x70 Core/Src/board_lights.o
 .text.do_tail_solid_head
                0x0000000008001cf8       0x70 Core/Src/board_lights.o
 .text.do_tail_and_head
                0x0000000008001d68       0xcc Core/Src/board_lights.o
 .text.HAL_GPIO_EXTI_Callback
                0x0000000008001e34       0x64 Core/Src/board_lights.o
                0x0000000008001e34                HAL_GPIO_EXTI_Callback
 .text.buzzer_init
                0x0000000008001e98       0x64 Core/Src/buzzer.o
                0x0000000008001e98                buzzer_init
 .text.buzz_done_init
                0x0000000008001efc       0x18 Core/Src/buzzer.o
                0x0000000008001efc                buzz_done_init
 .text.buzz_warn_low
                0x0000000008001f14       0x18 Core/Src/buzzer.o
                0x0000000008001f14                buzz_warn_low
 .text.buzz_warn_critical
                0x0000000008001f2c       0x18 Core/Src/buzzer.o
                0x0000000008001f2c                buzz_warn_critical
 .text.buzz_shutdown
                0x0000000008001f44       0x18 Core/Src/buzzer.o
                0x0000000008001f44                buzz_shutdown
 .text.buzzer_thread
                0x0000000008001f5c       0xdc Core/Src/buzzer.o
 .text.do_buzz_boot_up
                0x0000000008002038       0x74 Core/Src/buzzer.o
 .text.do_buzz_done_init
                0x00000000080020ac       0x8c Core/Src/buzzer.o
 .text.do_buzz_warn_low
                0x0000000008002138       0x70 Core/Src/buzzer.o
 .text.do_buzz_warn_critical
                0x00000000080021a8       0x50 Core/Src/buzzer.o
 .text.do_buzz_shutdown
                0x00000000080021f8       0x74 Core/Src/buzzer.o
 .text.vApplicationStackOverflowHook
                0x000000000800226c       0x16 Core/Src/freertos.o
                0x000000000800226c                vApplicationStackOverflowHook
 *fill*         0x0000000008002282        0x2 
 .text.shutdown
                0x0000000008002284       0x34 Core/Src/main.o
                0x0000000008002284                shutdown
 .text.doStateMachine
                0x00000000080022b8      0x160 Core/Src/main.o
                0x00000000080022b8                doStateMachine
 .text.main     0x0000000008002418       0x5c Core/Src/main.o
                0x0000000008002418                main
 .text.SystemClock_Config
                0x0000000008002474       0xd8 Core/Src/main.o
                0x0000000008002474                SystemClock_Config
 .text.MX_ADC1_Init
                0x000000000800254c       0xa4 Core/Src/main.o
 .text.MX_TIM2_Init
                0x00000000080025f0       0xec Core/Src/main.o
 .text.MX_TIM3_Init
                0x00000000080026dc       0xac Core/Src/main.o
 .text.MX_TIM4_Init
                0x0000000008002788       0xc8 Core/Src/main.o
 .text.MX_TIM5_Init
                0x0000000008002850       0xb4 Core/Src/main.o
 .text.MX_DMA_Init
                0x0000000008002904       0x40 Core/Src/main.o
 .text.MX_GPIO_Init
                0x0000000008002944      0x15c Core/Src/main.o
 .text.HAL_TIM_PeriodElapsedCallback
                0x0000000008002aa0       0x34 Core/Src/main.o
                0x0000000008002aa0                HAL_TIM_PeriodElapsedCallback
 .text.Error_Handler
                0x0000000008002ad4        0xe Core/Src/main.o
                0x0000000008002ad4                Error_Handler
 *fill*         0x0000000008002ae2        0x2 
 .text.pushbutton_init
                0x0000000008002ae4       0xa8 Core/Src/pushbutton.o
                0x0000000008002ae4                pushbutton_init
 .text.pushbutton_led_on
                0x0000000008002b8c       0x18 Core/Src/pushbutton.o
                0x0000000008002b8c                pushbutton_led_on
 .text.pushbutton_led_off
                0x0000000008002ba4       0x18 Core/Src/pushbutton.o
                0x0000000008002ba4                pushbutton_led_off
 .text.pushbutton_led_fade
                0x0000000008002bbc       0x18 Core/Src/pushbutton.o
                0x0000000008002bbc                pushbutton_led_fade
 .text.pushbutton_led_flash
                0x0000000008002bd4       0x18 Core/Src/pushbutton.o
                0x0000000008002bd4                pushbutton_led_flash
 .text.pushbutton_released
                0x0000000008002bec       0x4c Core/Src/pushbutton.o
                0x0000000008002bec                pushbutton_released
 .text.pushbutton_bumped
                0x0000000008002c38       0x4c Core/Src/pushbutton.o
                0x0000000008002c38                pushbutton_bumped
 .text.pushbutton_short_pressed
                0x0000000008002c84       0x4c Core/Src/pushbutton.o
                0x0000000008002c84                pushbutton_short_pressed
 .text.pushbutton_long_pressed
                0x0000000008002cd0       0x4c Core/Src/pushbutton.o
                0x0000000008002cd0                pushbutton_long_pressed
 .text.button_thread
                0x0000000008002d1c       0xe4 Core/Src/pushbutton.o
 .text.led_thread
                0x0000000008002e00       0xc0 Core/Src/pushbutton.o
 .text.do_led_on
                0x0000000008002ec0       0x1c Core/Src/pushbutton.o
 .text.do_led_off
                0x0000000008002edc       0x1c Core/Src/pushbutton.o
 .text.do_led_fade
                0x0000000008002ef8       0x78 Core/Src/pushbutton.o
 .text.do_led_flash
                0x0000000008002f70       0x28 Core/Src/pushbutton.o
 .text.HAL_MspInit
                0x0000000008002f98       0x58 Core/Src/stm32f4xx_hal_msp.o
                0x0000000008002f98                HAL_MspInit
 .text.HAL_ADC_MspInit
                0x0000000008002ff0       0xf0 Core/Src/stm32f4xx_hal_msp.o
                0x0000000008002ff0                HAL_ADC_MspInit
 .text.HAL_TIM_Base_MspInit
                0x00000000080030e0       0x40 Core/Src/stm32f4xx_hal_msp.o
                0x00000000080030e0                HAL_TIM_Base_MspInit
 .text.HAL_TIM_OC_MspInit
                0x0000000008003120       0x50 Core/Src/stm32f4xx_hal_msp.o
                0x0000000008003120                HAL_TIM_OC_MspInit
 .text.HAL_TIM_PWM_MspInit
                0x0000000008003170       0x70 Core/Src/stm32f4xx_hal_msp.o
                0x0000000008003170                HAL_TIM_PWM_MspInit
 .text.HAL_TIM_MspPostInit
                0x00000000080031e0      0x110 Core/Src/stm32f4xx_hal_msp.o
                0x00000000080031e0                HAL_TIM_MspPostInit
 .text.HAL_InitTick
                0x00000000080032f0       0xb4 Core/Src/stm32f4xx_hal_timebase_tim.o
                0x00000000080032f0                HAL_InitTick
 .text.NMI_Handler
                0x00000000080033a4        0xe Core/Src/stm32f4xx_it.o
                0x00000000080033a4                NMI_Handler
 .text.HardFault_Handler
                0x00000000080033b2        0x6 Core/Src/stm32f4xx_it.o
                0x00000000080033b2                HardFault_Handler
 .text.MemManage_Handler
                0x00000000080033b8        0x6 Core/Src/stm32f4xx_it.o
                0x00000000080033b8                MemManage_Handler
 .text.BusFault_Handler
                0x00000000080033be        0x6 Core/Src/stm32f4xx_it.o
                0x00000000080033be                BusFault_Handler
 .text.UsageFault_Handler
                0x00000000080033c4        0x6 Core/Src/stm32f4xx_it.o
                0x00000000080033c4                UsageFault_Handler
 .text.DebugMon_Handler
                0x00000000080033ca        0xe Core/Src/stm32f4xx_it.o
                0x00000000080033ca                DebugMon_Handler
 .text.EXTI1_IRQHandler
                0x00000000080033d8        0xe Core/Src/stm32f4xx_it.o
                0x00000000080033d8                EXTI1_IRQHandler
 *fill*         0x00000000080033e6        0x2 
 .text.TIM1_TRG_COM_TIM11_IRQHandler
                0x00000000080033e8       0x14 Core/Src/stm32f4xx_it.o
                0x00000000080033e8                TIM1_TRG_COM_TIM11_IRQHandler
 .text.TIM3_IRQHandler
                0x00000000080033fc       0x14 Core/Src/stm32f4xx_it.o
                0x00000000080033fc                TIM3_IRQHandler
 .text.DMA2_Stream0_IRQHandler
                0x0000000008003410       0x14 Core/Src/stm32f4xx_it.o
                0x0000000008003410                DMA2_Stream0_IRQHandler
 .text.OTG_FS_IRQHandler
                0x0000000008003424       0x14 Core/Src/stm32f4xx_it.o
                0x0000000008003424                OTG_FS_IRQHandler
 .text._sbrk    0x0000000008003438       0x6c Core/Src/sysmem.o
                0x0000000008003438                _sbrk
 .text.SystemInit
                0x00000000080034a4       0x2c Core/Src/system_stm32f4xx.o
                0x00000000080034a4                SystemInit
 .text.Reset_Handler
                0x00000000080034d0       0x50 Core/Startup/startup_stm32f401retx.o
                0x00000000080034d0                Reset_Handler
 .text.Default_Handler
                0x0000000008003520        0x2 Core/Startup/startup_stm32f401retx.o
                0x0000000008003520                RTC_Alarm_IRQHandler
                0x0000000008003520                EXTI2_IRQHandler
                0x0000000008003520                SPI4_IRQHandler
                0x0000000008003520                TIM1_CC_IRQHandler
                0x0000000008003520                DMA2_Stream5_IRQHandler
                0x0000000008003520                DMA1_Stream5_IRQHandler
                0x0000000008003520                PVD_IRQHandler
                0x0000000008003520                SDIO_IRQHandler
                0x0000000008003520                TAMP_STAMP_IRQHandler
                0x0000000008003520                EXTI3_IRQHandler
                0x0000000008003520                TIM1_UP_TIM10_IRQHandler
                0x0000000008003520                I2C3_ER_IRQHandler
                0x0000000008003520                EXTI0_IRQHandler
                0x0000000008003520                I2C2_EV_IRQHandler
                0x0000000008003520                DMA1_Stream2_IRQHandler
                0x0000000008003520                FPU_IRQHandler
                0x0000000008003520                DMA2_Stream2_IRQHandler
                0x0000000008003520                SPI1_IRQHandler
                0x0000000008003520                TIM1_BRK_TIM9_IRQHandler
                0x0000000008003520                DMA2_Stream3_IRQHandler
                0x0000000008003520                USART6_IRQHandler
                0x0000000008003520                TIM4_IRQHandler
                0x0000000008003520                I2C1_EV_IRQHandler
                0x0000000008003520                DMA1_Stream6_IRQHandler
                0x0000000008003520                DMA1_Stream1_IRQHandler
                0x0000000008003520                RCC_IRQHandler
                0x0000000008003520                Default_Handler
                0x0000000008003520                EXTI15_10_IRQHandler
                0x0000000008003520                ADC_IRQHandler
                0x0000000008003520                DMA1_Stream7_IRQHandler
                0x0000000008003520                TIM5_IRQHandler
                0x0000000008003520                DMA2_Stream7_IRQHandler
                0x0000000008003520                I2C3_EV_IRQHandler
                0x0000000008003520                EXTI9_5_IRQHandler
                0x0000000008003520                RTC_WKUP_IRQHandler
                0x0000000008003520                SPI2_IRQHandler
                0x0000000008003520                DMA1_Stream0_IRQHandler
                0x0000000008003520                EXTI4_IRQHandler
                0x0000000008003520                WWDG_IRQHandler
                0x0000000008003520                TIM2_IRQHandler
                0x0000000008003520                OTG_FS_WKUP_IRQHandler
                0x0000000008003520                USART2_IRQHandler
                0x0000000008003520                I2C2_ER_IRQHandler
                0x0000000008003520                DMA2_Stream1_IRQHandler
                0x0000000008003520                FLASH_IRQHandler
                0x0000000008003520                DMA2_Stream4_IRQHandler
                0x0000000008003520                USART1_IRQHandler
                0x0000000008003520                SPI3_IRQHandler
                0x0000000008003520                DMA1_Stream4_IRQHandler
                0x0000000008003520                I2C1_ER_IRQHandler
                0x0000000008003520                DMA2_Stream6_IRQHandler
                0x0000000008003520                DMA1_Stream3_IRQHandler
 *fill*         0x0000000008003522        0x2 
 .text.HAL_Init
                0x0000000008003524       0x44 Drivers/STM32F4xx_HAL_Driver/Src/stm32f4xx_hal.o
                0x0000000008003524                HAL_Init
 .text.HAL_DeInit
                0x0000000008003568       0x58 Drivers/STM32F4xx_HAL_Driver/Src/stm32f4xx_hal.o
                0x0000000008003568                HAL_DeInit
 .text.HAL_MspDeInit
                0x00000000080035c0        0xe Drivers/STM32F4xx_HAL_Driver/Src/stm32f4xx_hal.o
                0x00000000080035c0                HAL_MspDeInit
 *fill*         0x00000000080035ce        0x2 
 .text.HAL_IncTick
                0x00000000080035d0       0x28 Drivers/STM32F4xx_HAL_Driver/Src/stm32f4xx_hal.o
                0x00000000080035d0                HAL_IncTick
 .text.HAL_GetTick
                0x00000000080035f8       0x18 Drivers/STM32F4xx_HAL_Driver/Src/stm32f4xx_hal.o
                0x00000000080035f8                HAL_GetTick
 .text.HAL_Delay
                0x0000000008003610       0x44 Drivers/STM32F4xx_HAL_Driver/Src/stm32f4xx_hal.o
                0x0000000008003610                HAL_Delay
 .text.HAL_ADC_Init
                0x0000000008003654       0x86 Drivers/STM32F4xx_HAL_Driver/Src/stm32f4xx_hal_adc.o
                0x0000000008003654                HAL_ADC_Init
 *fill*         0x00000000080036da        0x2 
 .text.HAL_ADC_Start_DMA
                0x00000000080036dc      0x1a8 Drivers/STM32F4xx_HAL_Driver/Src/stm32f4xx_hal_adc.o
                0x00000000080036dc                HAL_ADC_Start_DMA
 .text.HAL_ADC_Stop_DMA
                0x0000000008003884       0x94 Drivers/STM32F4xx_HAL_Driver/Src/stm32f4xx_hal_adc.o
                0x0000000008003884                HAL_ADC_Stop_DMA
 .text.HAL_ADC_ConvHalfCpltCallback
                0x0000000008003918       0x14 Drivers/STM32F4xx_HAL_Driver/Src/stm32f4xx_hal_adc.o
                0x0000000008003918                HAL_ADC_ConvHalfCpltCallback
 .text.HAL_ADC_ErrorCallback
                0x000000000800392c       0x14 Drivers/STM32F4xx_HAL_Driver/Src/stm32f4xx_hal_adc.o
                0x000000000800392c                HAL_ADC_ErrorCallback
 .text.HAL_ADC_ConfigChannel
                0x0000000008003940      0x244 Drivers/STM32F4xx_HAL_Driver/Src/stm32f4xx_hal_adc.o
                0x0000000008003940                HAL_ADC_ConfigChannel
 .text.ADC_Init
                0x0000000008003b84      0x1f8 Drivers/STM32F4xx_HAL_Driver/Src/stm32f4xx_hal_adc.o
 .text.ADC_DMAConvCplt
                0x0000000008003d7c       0xba Drivers/STM32F4xx_HAL_Driver/Src/stm32f4xx_hal_adc.o
 .text.ADC_DMAHalfConvCplt
                0x0000000008003e36       0x1c Drivers/STM32F4xx_HAL_Driver/Src/stm32f4xx_hal_adc.o
 .text.ADC_DMAError
                0x0000000008003e52       0x2e Drivers/STM32F4xx_HAL_Driver/Src/stm32f4xx_hal_adc.o
 .text.__NVIC_SetPriorityGrouping
                0x0000000008003e80       0x48 Drivers/STM32F4xx_HAL_Driver/Src/stm32f4xx_hal_cortex.o
 .text.__NVIC_GetPriorityGrouping
                0x0000000008003ec8       0x1c Drivers/STM32F4xx_HAL_Driver/Src/stm32f4xx_hal_cortex.o
 .text.__NVIC_EnableIRQ
                0x0000000008003ee4       0x3c Drivers/STM32F4xx_HAL_Driver/Src/stm32f4xx_hal_cortex.o
 .text.__NVIC_SetPriority
                0x0000000008003f20       0x54 Drivers/STM32F4xx_HAL_Driver/Src/stm32f4xx_hal_cortex.o
 .text.NVIC_EncodePriority
                0x0000000008003f74       0x66 Drivers/STM32F4xx_HAL_Driver/Src/stm32f4xx_hal_cortex.o
 .text.HAL_NVIC_SetPriorityGrouping
                0x0000000008003fda       0x16 Drivers/STM32F4xx_HAL_Driver/Src/stm32f4xx_hal_cortex.o
                0x0000000008003fda                HAL_NVIC_SetPriorityGrouping
 .text.HAL_NVIC_SetPriority
                0x0000000008003ff0       0x38 Drivers/STM32F4xx_HAL_Driver/Src/stm32f4xx_hal_cortex.o
                0x0000000008003ff0                HAL_NVIC_SetPriority
 .text.HAL_NVIC_EnableIRQ
                0x0000000008004028       0x1c Drivers/STM32F4xx_HAL_Driver/Src/stm32f4xx_hal_cortex.o
                0x0000000008004028                HAL_NVIC_EnableIRQ
 .text.HAL_DMA_Init
                0x0000000008004044      0x15c Drivers/STM32F4xx_HAL_Driver/Src/stm32f4xx_hal_dma.o
                0x0000000008004044                HAL_DMA_Init
 .text.HAL_DMA_Start_IT
                0x00000000080041a0       0xb0 Drivers/STM32F4xx_HAL_Driver/Src/stm32f4xx_hal_dma.o
                0x00000000080041a0                HAL_DMA_Start_IT
 .text.HAL_DMA_Abort
                0x0000000008004250       0xe0 Drivers/STM32F4xx_HAL_Driver/Src/stm32f4xx_hal_dma.o
                0x0000000008004250                HAL_DMA_Abort
 .text.HAL_DMA_IRQHandler
                0x0000000008004330      0x314 Drivers/STM32F4xx_HAL_Driver/Src/stm32f4xx_hal_dma.o
                0x0000000008004330                HAL_DMA_IRQHandler
 .text.DMA_SetConfig
                0x0000000008004644       0x5c Drivers/STM32F4xx_HAL_Driver/Src/stm32f4xx_hal_dma.o
 .text.DMA_CalcBaseAndBitshift
                0x00000000080046a0       0x6c Drivers/STM32F4xx_HAL_Driver/Src/stm32f4xx_hal_dma.o
 .text.DMA_CheckFifoParam
                0x000000000800470c       0xf4 Drivers/STM32F4xx_HAL_Driver/Src/stm32f4xx_hal_dma.o
 .text.HAL_GPIO_Init
                0x0000000008004800      0x304 Drivers/STM32F4xx_HAL_Driver/Src/stm32f4xx_hal_gpio.o
                0x0000000008004800                HAL_GPIO_Init
 .text.HAL_GPIO_ReadPin
                0x0000000008004b04       0x30 Drivers/STM32F4xx_HAL_Driver/Src/stm32f4xx_hal_gpio.o
                0x0000000008004b04                HAL_GPIO_ReadPin
 .text.HAL_GPIO_WritePin
                0x0000000008004b34       0x32 Drivers/STM32F4xx_HAL_Driver/Src/stm32f4xx_hal_gpio.o
                0x0000000008004b34                HAL_GPIO_WritePin
 *fill*         0x0000000008004b66        0x2 
 .text.HAL_GPIO_EXTI_IRQHandler
                0x0000000008004b68       0x30 Drivers/STM32F4xx_HAL_Driver/Src/stm32f4xx_hal_gpio.o
                0x0000000008004b68                HAL_GPIO_EXTI_IRQHandler
 .text.HAL_PCD_Init
                0x0000000008004b98      0x23a Drivers/STM32F4xx_HAL_Driver/Src/stm32f4xx_hal_pcd.o
                0x0000000008004b98                HAL_PCD_Init
 .text.HAL_PCD_Start
                0x0000000008004dd2       0x66 Drivers/STM32F4xx_HAL_Driver/Src/stm32f4xx_hal_pcd.o
                0x0000000008004dd2                HAL_PCD_Start
 .text.HAL_PCD_IRQHandler
                0x0000000008004e38      0x764 Drivers/STM32F4xx_HAL_Driver/Src/stm32f4xx_hal_pcd.o
                0x0000000008004e38                HAL_PCD_IRQHandler
 .text.HAL_PCD_SetAddress
                0x000000000800559c       0x4a Drivers/STM32F4xx_HAL_Driver/Src/stm32f4xx_hal_pcd.o
                0x000000000800559c                HAL_PCD_SetAddress
 .text.HAL_PCD_EP_Open
                0x00000000080055e6       0xd0 Drivers/STM32F4xx_HAL_Driver/Src/stm32f4xx_hal_pcd.o
                0x00000000080055e6                HAL_PCD_EP_Open
 .text.HAL_PCD_EP_Close
                0x00000000080056b6       0x94 Drivers/STM32F4xx_HAL_Driver/Src/stm32f4xx_hal_pcd.o
                0x00000000080056b6                HAL_PCD_EP_Close
 .text.HAL_PCD_EP_Receive
                0x000000000800574a       0x96 Drivers/STM32F4xx_HAL_Driver/Src/stm32f4xx_hal_pcd.o
                0x000000000800574a                HAL_PCD_EP_Receive
 .text.HAL_PCD_EP_GetRxCount
                0x00000000080057e0       0x30 Drivers/STM32F4xx_HAL_Driver/Src/stm32f4xx_hal_pcd.o
                0x00000000080057e0                HAL_PCD_EP_GetRxCount
 .text.HAL_PCD_EP_Transmit
                0x0000000008005810       0x94 Drivers/STM32F4xx_HAL_Driver/Src/stm32f4xx_hal_pcd.o
                0x0000000008005810                HAL_PCD_EP_Transmit
 .text.HAL_PCD_EP_SetStall
                0x00000000080058a4       0xc8 Drivers/STM32F4xx_HAL_Driver/Src/stm32f4xx_hal_pcd.o
                0x00000000080058a4                HAL_PCD_EP_SetStall
 .text.HAL_PCD_EP_ClrStall
                0x000000000800596c       0xac Drivers/STM32F4xx_HAL_Driver/Src/stm32f4xx_hal_pcd.o
                0x000000000800596c                HAL_PCD_EP_ClrStall
 .text.PCD_WriteEmptyTxFifo
                0x0000000008005a18      0x11a Drivers/STM32F4xx_HAL_Driver/Src/stm32f4xx_hal_pcd.o
 *fill*         0x0000000008005b32        0x2 
 .text.PCD_EP_OutXfrComplete_int
                0x0000000008005b34      0x218 Drivers/STM32F4xx_HAL_Driver/Src/stm32f4xx_hal_pcd.o
 .text.PCD_EP_OutSetupPacket_int
                0x0000000008005d4c       0x8c Drivers/STM32F4xx_HAL_Driver/Src/stm32f4xx_hal_pcd.o
 .text.HAL_PCDEx_SetTxFiFo
                0x0000000008005dd8       0x8e Drivers/STM32F4xx_HAL_Driver/Src/stm32f4xx_hal_pcd_ex.o
                0x0000000008005dd8                HAL_PCDEx_SetTxFiFo
 .text.HAL_PCDEx_SetRxFiFo
                0x0000000008005e66       0x22 Drivers/STM32F4xx_HAL_Driver/Src/stm32f4xx_hal_pcd_ex.o
                0x0000000008005e66                HAL_PCDEx_SetRxFiFo
 .text.HAL_PCDEx_LPM_Callback
                0x0000000008005e88       0x18 Drivers/STM32F4xx_HAL_Driver/Src/stm32f4xx_hal_pcd_ex.o
                0x0000000008005e88                HAL_PCDEx_LPM_Callback
 .text.HAL_RCC_OscConfig
                0x0000000008005ea0      0x4e0 Drivers/STM32F4xx_HAL_Driver/Src/stm32f4xx_hal_rcc.o
                0x0000000008005ea0                HAL_RCC_OscConfig
 .text.HAL_RCC_ClockConfig
                0x0000000008006380      0x1cc Drivers/STM32F4xx_HAL_Driver/Src/stm32f4xx_hal_rcc.o
                0x0000000008006380                HAL_RCC_ClockConfig
 .text.HAL_RCC_GetSysClockFreq
                0x000000000800654c      0x1b0 Drivers/STM32F4xx_HAL_Driver/Src/stm32f4xx_hal_rcc.o
                0x000000000800654c                HAL_RCC_GetSysClockFreq
 .text.HAL_RCC_GetHCLKFreq
                0x00000000080066fc       0x18 Drivers/STM32F4xx_HAL_Driver/Src/stm32f4xx_hal_rcc.o
                0x00000000080066fc                HAL_RCC_GetHCLKFreq
 .text.HAL_RCC_GetPCLK2Freq
                0x0000000008006714       0x28 Drivers/STM32F4xx_HAL_Driver/Src/stm32f4xx_hal_rcc.o
                0x0000000008006714                HAL_RCC_GetPCLK2Freq
 .text.HAL_RCC_GetClockConfig
                0x000000000800673c       0x64 Drivers/STM32F4xx_HAL_Driver/Src/stm32f4xx_hal_rcc.o
                0x000000000800673c                HAL_RCC_GetClockConfig
 .text.HAL_TIM_Base_Init
                0x00000000080067a0       0x56 Drivers/STM32F4xx_HAL_Driver/Src/stm32f4xx_hal_tim.o
                0x00000000080067a0                HAL_TIM_Base_Init
 .text.HAL_TIM_Base_Start_IT
                0x00000000080067f6       0x48 Drivers/STM32F4xx_HAL_Driver/Src/stm32f4xx_hal_tim.o
                0x00000000080067f6                HAL_TIM_Base_Start_IT
 .text.HAL_TIM_OC_Init
                0x000000000800683e       0x56 Drivers/STM32F4xx_HAL_Driver/Src/stm32f4xx_hal_tim.o
                0x000000000800683e                HAL_TIM_OC_Init
 .text.HAL_TIM_OC_Start
                0x0000000008006894       0x64 Drivers/STM32F4xx_HAL_Driver/Src/stm32f4xx_hal_tim.o
                0x0000000008006894                HAL_TIM_OC_Start
 .text.HAL_TIM_OC_Stop
                0x00000000080068f8       0x90 Drivers/STM32F4xx_HAL_Driver/Src/stm32f4xx_hal_tim.o
                0x00000000080068f8                HAL_TIM_OC_Stop
 .text.HAL_TIM_PWM_Init
                0x0000000008006988       0x56 Drivers/STM32F4xx_HAL_Driver/Src/stm32f4xx_hal_tim.o
                0x0000000008006988                HAL_TIM_PWM_Init
 *fill*         0x00000000080069de        0x2 
 .text.HAL_TIM_PWM_Start
                0x00000000080069e0       0x64 Drivers/STM32F4xx_HAL_Driver/Src/stm32f4xx_hal_tim.o
                0x00000000080069e0                HAL_TIM_PWM_Start
 .text.HAL_TIM_IRQHandler
                0x0000000008006a44      0x210 Drivers/STM32F4xx_HAL_Driver/Src/stm32f4xx_hal_tim.o
                0x0000000008006a44                HAL_TIM_IRQHandler
 .text.HAL_TIM_OC_ConfigChannel
                0x0000000008006c54       0xc0 Drivers/STM32F4xx_HAL_Driver/Src/stm32f4xx_hal_tim.o
                0x0000000008006c54                HAL_TIM_OC_ConfigChannel
 .text.HAL_TIM_PWM_ConfigChannel
                0x0000000008006d14      0x18c Drivers/STM32F4xx_HAL_Driver/Src/stm32f4xx_hal_tim.o
                0x0000000008006d14                HAL_TIM_PWM_ConfigChannel
 .text.HAL_TIM_ConfigClockSource
                0x0000000008006ea0      0x16e Drivers/STM32F4xx_HAL_Driver/Src/stm32f4xx_hal_tim.o
                0x0000000008006ea0                HAL_TIM_ConfigClockSource
 .text.HAL_TIM_OC_DelayElapsedCallback
                0x000000000800700e       0x14 Drivers/STM32F4xx_HAL_Driver/Src/stm32f4xx_hal_tim.o
                0x000000000800700e                HAL_TIM_OC_DelayElapsedCallback
 .text.HAL_TIM_IC_CaptureCallback
                0x0000000008007022       0x14 Drivers/STM32F4xx_HAL_Driver/Src/stm32f4xx_hal_tim.o
                0x0000000008007022                HAL_TIM_IC_CaptureCallback
 .text.HAL_TIM_PWM_PulseFinishedCallback
                0x0000000008007036       0x14 Drivers/STM32F4xx_HAL_Driver/Src/stm32f4xx_hal_tim.o
                0x0000000008007036                HAL_TIM_PWM_PulseFinishedCallback
 .text.HAL_TIM_TriggerCallback
                0x000000000800704a       0x14 Drivers/STM32F4xx_HAL_Driver/Src/stm32f4xx_hal_tim.o
                0x000000000800704a                HAL_TIM_TriggerCallback
 *fill*         0x000000000800705e        0x2 
 .text.TIM_Base_SetConfig
                0x0000000008007060      0x100 Drivers/STM32F4xx_HAL_Driver/Src/stm32f4xx_hal_tim.o
                0x0000000008007060                TIM_Base_SetConfig
 .text.TIM_OC1_SetConfig
                0x0000000008007160       0xcc Drivers/STM32F4xx_HAL_Driver/Src/stm32f4xx_hal_tim.o
 .text.TIM_OC2_SetConfig
                0x000000000800722c       0xd8 Drivers/STM32F4xx_HAL_Driver/Src/stm32f4xx_hal_tim.o
                0x000000000800722c                TIM_OC2_SetConfig
 .text.TIM_OC3_SetConfig
                0x0000000008007304       0xd4 Drivers/STM32F4xx_HAL_Driver/Src/stm32f4xx_hal_tim.o
 .text.TIM_OC4_SetConfig
                0x00000000080073d8       0xa0 Drivers/STM32F4xx_HAL_Driver/Src/stm32f4xx_hal_tim.o
 .text.TIM_TI1_ConfigInputStage
                0x0000000008007478       0x5e Drivers/STM32F4xx_HAL_Driver/Src/stm32f4xx_hal_tim.o
 .text.TIM_TI2_ConfigInputStage
                0x00000000080074d6       0x60 Drivers/STM32F4xx_HAL_Driver/Src/stm32f4xx_hal_tim.o
 .text.TIM_ITRx_SetConfig
                0x0000000008007536       0x36 Drivers/STM32F4xx_HAL_Driver/Src/stm32f4xx_hal_tim.o
 .text.TIM_ETR_SetConfig
                0x000000000800756c       0x40 Drivers/STM32F4xx_HAL_Driver/Src/stm32f4xx_hal_tim.o
                0x000000000800756c                TIM_ETR_SetConfig
 .text.TIM_CCxChannelCmd
                0x00000000080075ac       0x4a Drivers/STM32F4xx_HAL_Driver/Src/stm32f4xx_hal_tim.o
                0x00000000080075ac                TIM_CCxChannelCmd
 *fill*         0x00000000080075f6        0x2 
 .text.HAL_TIMEx_MasterConfigSynchronization
                0x00000000080075f8       0xdc Drivers/STM32F4xx_HAL_Driver/Src/stm32f4xx_hal_tim_ex.o
                0x00000000080075f8                HAL_TIMEx_MasterConfigSynchronization
 .text.HAL_TIMEx_CommutCallback
                0x00000000080076d4       0x14 Drivers/STM32F4xx_HAL_Driver/Src/stm32f4xx_hal_tim_ex.o
                0x00000000080076d4                HAL_TIMEx_CommutCallback
 .text.HAL_TIMEx_BreakCallback
                0x00000000080076e8       0x14 Drivers/STM32F4xx_HAL_Driver/Src/stm32f4xx_hal_tim_ex.o
                0x00000000080076e8                HAL_TIMEx_BreakCallback
 .text.USB_CoreInit
                0x00000000080076fc       0xc2 Drivers/STM32F4xx_HAL_Driver/Src/stm32f4xx_ll_usb.o
                0x00000000080076fc                USB_CoreInit
 *fill*         0x00000000080077be        0x2 
 .text.USB_SetTurnaroundTime
                0x00000000080077c0      0x144 Drivers/STM32F4xx_HAL_Driver/Src/stm32f4xx_ll_usb.o
                0x00000000080077c0                USB_SetTurnaroundTime
 .text.USB_EnableGlobalInt
                0x0000000008007904       0x22 Drivers/STM32F4xx_HAL_Driver/Src/stm32f4xx_ll_usb.o
                0x0000000008007904                USB_EnableGlobalInt
 .text.USB_DisableGlobalInt
                0x0000000008007926       0x22 Drivers/STM32F4xx_HAL_Driver/Src/stm32f4xx_ll_usb.o
                0x0000000008007926                USB_DisableGlobalInt
 .text.USB_SetCurrentMode
                0x0000000008007948       0x54 Drivers/STM32F4xx_HAL_Driver/Src/stm32f4xx_ll_usb.o
                0x0000000008007948                USB_SetCurrentMode
 .text.USB_DevInit
                0x000000000800799c      0x2c8 Drivers/STM32F4xx_HAL_Driver/Src/stm32f4xx_ll_usb.o
                0x000000000800799c                USB_DevInit
 .text.USB_FlushTxFifo
                0x0000000008007c64       0x4c Drivers/STM32F4xx_HAL_Driver/Src/stm32f4xx_ll_usb.o
                0x0000000008007c64                USB_FlushTxFifo
 .text.USB_FlushRxFifo
                0x0000000008007cb0       0x44 Drivers/STM32F4xx_HAL_Driver/Src/stm32f4xx_ll_usb.o
                0x0000000008007cb0                USB_FlushRxFifo
 .text.USB_SetDevSpeed
                0x0000000008007cf4       0x32 Drivers/STM32F4xx_HAL_Driver/Src/stm32f4xx_ll_usb.o
                0x0000000008007cf4                USB_SetDevSpeed
 .text.USB_GetDevSpeed
                0x0000000008007d26       0x4a Drivers/STM32F4xx_HAL_Driver/Src/stm32f4xx_ll_usb.o
                0x0000000008007d26                USB_GetDevSpeed
 .text.USB_ActivateEndpoint
                0x0000000008007d70      0x10e Drivers/STM32F4xx_HAL_Driver/Src/stm32f4xx_ll_usb.o
                0x0000000008007d70                USB_ActivateEndpoint
 *fill*         0x0000000008007e7e        0x2 
 .text.USB_DeactivateEndpoint
                0x0000000008007e80      0x1b8 Drivers/STM32F4xx_HAL_Driver/Src/stm32f4xx_ll_usb.o
                0x0000000008007e80                USB_DeactivateEndpoint
 .text.USB_EPStartXfer
                0x0000000008008038      0x488 Drivers/STM32F4xx_HAL_Driver/Src/stm32f4xx_ll_usb.o
                0x0000000008008038                USB_EPStartXfer
 .text.USB_EP0StartXfer
                0x00000000080084c0      0x2a6 Drivers/STM32F4xx_HAL_Driver/Src/stm32f4xx_ll_usb.o
                0x00000000080084c0                USB_EP0StartXfer
 .text.USB_WritePacket
                0x0000000008008766       0x6a Drivers/STM32F4xx_HAL_Driver/Src/stm32f4xx_ll_usb.o
                0x0000000008008766                USB_WritePacket
 .text.USB_ReadPacket
                0x00000000080087d0       0x52 Drivers/STM32F4xx_HAL_Driver/Src/stm32f4xx_ll_usb.o
                0x00000000080087d0                USB_ReadPacket
 .text.USB_EPSetStall
                0x0000000008008822       0xdc Drivers/STM32F4xx_HAL_Driver/Src/stm32f4xx_ll_usb.o
                0x0000000008008822                USB_EPSetStall
 .text.USB_EPClearStall
                0x00000000080088fe       0xcc Drivers/STM32F4xx_HAL_Driver/Src/stm32f4xx_ll_usb.o
                0x00000000080088fe                USB_EPClearStall
 .text.USB_SetDevAddress
                0x00000000080089ca       0x4c Drivers/STM32F4xx_HAL_Driver/Src/stm32f4xx_ll_usb.o
                0x00000000080089ca                USB_SetDevAddress
 .text.USB_DevConnect
                0x0000000008008a16       0x42 Drivers/STM32F4xx_HAL_Driver/Src/stm32f4xx_ll_usb.o
                0x0000000008008a16                USB_DevConnect
 .text.USB_DevDisconnect
                0x0000000008008a58       0x42 Drivers/STM32F4xx_HAL_Driver/Src/stm32f4xx_ll_usb.o
                0x0000000008008a58                USB_DevDisconnect
 .text.USB_ReadInterrupts
                0x0000000008008a9a       0x26 Drivers/STM32F4xx_HAL_Driver/Src/stm32f4xx_ll_usb.o
                0x0000000008008a9a                USB_ReadInterrupts
 .text.USB_ReadDevAllOutEpInterrupt
                0x0000000008008ac0       0x34 Drivers/STM32F4xx_HAL_Driver/Src/stm32f4xx_ll_usb.o
                0x0000000008008ac0                USB_ReadDevAllOutEpInterrupt
 .text.USB_ReadDevAllInEpInterrupt
                0x0000000008008af4       0x34 Drivers/STM32F4xx_HAL_Driver/Src/stm32f4xx_ll_usb.o
                0x0000000008008af4                USB_ReadDevAllInEpInterrupt
 .text.USB_ReadDevOutEPInterrupt
                0x0000000008008b28       0x3c Drivers/STM32F4xx_HAL_Driver/Src/stm32f4xx_ll_usb.o
                0x0000000008008b28                USB_ReadDevOutEPInterrupt
 .text.USB_ReadDevInEPInterrupt
                0x0000000008008b64       0x5c Drivers/STM32F4xx_HAL_Driver/Src/stm32f4xx_ll_usb.o
                0x0000000008008b64                USB_ReadDevInEPInterrupt
 .text.USB_GetMode
                0x0000000008008bc0       0x1c Drivers/STM32F4xx_HAL_Driver/Src/stm32f4xx_ll_usb.o
                0x0000000008008bc0                USB_GetMode
 .text.USB_ActivateSetup
                0x0000000008008bdc       0x46 Drivers/STM32F4xx_HAL_Driver/Src/stm32f4xx_ll_usb.o
                0x0000000008008bdc                USB_ActivateSetup
 *fill*         0x0000000008008c22        0x2 
 .text.USB_EP0_OutStart
                0x0000000008008c24       0xbc Drivers/STM32F4xx_HAL_Driver/Src/stm32f4xx_ll_usb.o
                0x0000000008008c24                USB_EP0_OutStart
 .text.USB_CoreReset
                0x0000000008008ce0       0x68 Drivers/STM32F4xx_HAL_Driver/Src/stm32f4xx_ll_usb.o
 .text.USBD_CDC_Init
                0x0000000008008d48      0x100 Middlewares/ST/STM32_USB_Device_Library/Class/CDC/Src/usbd_cdc.o
 .text.USBD_CDC_DeInit
                0x0000000008008e48       0x78 Middlewares/ST/STM32_USB_Device_Library/Class/CDC/Src/usbd_cdc.o
 .text.USBD_CDC_Setup
                0x0000000008008ec0      0x178 Middlewares/ST/STM32_USB_Device_Library/Class/CDC/Src/usbd_cdc.o
 .text.USBD_CDC_DataIn
                0x0000000008009038       0xbe Middlewares/ST/STM32_USB_Device_Library/Class/CDC/Src/usbd_cdc.o
 .text.USBD_CDC_DataOut
                0x00000000080090f6       0x56 Middlewares/ST/STM32_USB_Device_Library/Class/CDC/Src/usbd_cdc.o
 .text.USBD_CDC_EP0_RxReady
                0x000000000800914c       0x50 Middlewares/ST/STM32_USB_Device_Library/Class/CDC/Src/usbd_cdc.o
 .text.USBD_CDC_GetFSCfgDesc
                0x000000000800919c       0x20 Middlewares/ST/STM32_USB_Device_Library/Class/CDC/Src/usbd_cdc.o
 .text.USBD_CDC_GetHSCfgDesc
                0x00000000080091bc       0x20 Middlewares/ST/STM32_USB_Device_Library/Class/CDC/Src/usbd_cdc.o
 .text.USBD_CDC_GetOtherSpeedCfgDesc
                0x00000000080091dc       0x20 Middlewares/ST/STM32_USB_Device_Library/Class/CDC/Src/usbd_cdc.o
 .text.USBD_CDC_GetDeviceQualifierDescriptor
                0x00000000080091fc       0x20 Middlewares/ST/STM32_USB_Device_Library/Class/CDC/Src/usbd_cdc.o
                0x00000000080091fc                USBD_CDC_GetDeviceQualifierDescriptor
 .text.USBD_CDC_RegisterInterface
                0x000000000800921c       0x2a Middlewares/ST/STM32_USB_Device_Library/Class/CDC/Src/usbd_cdc.o
                0x000000000800921c                USBD_CDC_RegisterInterface
 .text.USBD_CDC_SetTxBuffer
                0x0000000008009246       0x32 Middlewares/ST/STM32_USB_Device_Library/Class/CDC/Src/usbd_cdc.o
                0x0000000008009246                USBD_CDC_SetTxBuffer
 .text.USBD_CDC_SetRxBuffer
                0x0000000008009278       0x28 Middlewares/ST/STM32_USB_Device_Library/Class/CDC/Src/usbd_cdc.o
                0x0000000008009278                USBD_CDC_SetRxBuffer
 .text.USBD_CDC_ReceivePacket
                0x00000000080092a0       0x54 Middlewares/ST/STM32_USB_Device_Library/Class/CDC/Src/usbd_cdc.o
                0x00000000080092a0                USBD_CDC_ReceivePacket
 .text.USBD_Init
                0x00000000080092f4       0x6c Middlewares/ST/STM32_USB_Device_Library/Core/Src/usbd_core.o
                0x00000000080092f4                USBD_Init
 .text.USBD_RegisterClass
                0x0000000008009360       0x42 Middlewares/ST/STM32_USB_Device_Library/Core/Src/usbd_core.o
                0x0000000008009360                USBD_RegisterClass
 .text.USBD_Start
                0x00000000080093a2       0x18 Middlewares/ST/STM32_USB_Device_Library/Core/Src/usbd_core.o
                0x00000000080093a2                USBD_Start
 .text.USBD_RunTestMode
                0x00000000080093ba       0x16 Middlewares/ST/STM32_USB_Device_Library/Core/Src/usbd_core.o
                0x00000000080093ba                USBD_RunTestMode
 .text.USBD_SetClassConfig
                0x00000000080093d0       0x38 Middlewares/ST/STM32_USB_Device_Library/Core/Src/usbd_core.o
                0x00000000080093d0                USBD_SetClassConfig
 .text.USBD_ClrClassConfig
                0x0000000008009408       0x30 Middlewares/ST/STM32_USB_Device_Library/Core/Src/usbd_core.o
                0x0000000008009408                USBD_ClrClassConfig
 .text.USBD_LL_SetupStage
                0x0000000008009438       0xa6 Middlewares/ST/STM32_USB_Device_Library/Core/Src/usbd_core.o
                0x0000000008009438                USBD_LL_SetupStage
 .text.USBD_LL_DataOutStage
                0x00000000080094de       0xc6 Middlewares/ST/STM32_USB_Device_Library/Core/Src/usbd_core.o
                0x00000000080094de                USBD_LL_DataOutStage
 .text.USBD_LL_DataInStage
                0x00000000080095a4      0x12c Middlewares/ST/STM32_USB_Device_Library/Core/Src/usbd_core.o
                0x00000000080095a4                USBD_LL_DataInStage
 .text.USBD_LL_Reset
                0x00000000080096d0       0x82 Middlewares/ST/STM32_USB_Device_Library/Core/Src/usbd_core.o
                0x00000000080096d0                USBD_LL_Reset
 .text.USBD_LL_SetSpeed
                0x0000000008009752       0x20 Middlewares/ST/STM32_USB_Device_Library/Core/Src/usbd_core.o
                0x0000000008009752                USBD_LL_SetSpeed
 .text.USBD_LL_Suspend
                0x0000000008009772       0x2a Middlewares/ST/STM32_USB_Device_Library/Core/Src/usbd_core.o
                0x0000000008009772                USBD_LL_Suspend
 .text.USBD_LL_Resume
                0x000000000800979c       0x2c Middlewares/ST/STM32_USB_Device_Library/Core/Src/usbd_core.o
                0x000000000800979c                USBD_LL_Resume
 .text.USBD_LL_SOF
                0x00000000080097c8       0x34 Middlewares/ST/STM32_USB_Device_Library/Core/Src/usbd_core.o
                0x00000000080097c8                USBD_LL_SOF
 .text.USBD_LL_IsoINIncomplete
                0x00000000080097fc       0x1a Middlewares/ST/STM32_USB_Device_Library/Core/Src/usbd_core.o
                0x00000000080097fc                USBD_LL_IsoINIncomplete
 .text.USBD_LL_IsoOUTIncomplete
                0x0000000008009816       0x1a Middlewares/ST/STM32_USB_Device_Library/Core/Src/usbd_core.o
                0x0000000008009816                USBD_LL_IsoOUTIncomplete
 .text.USBD_LL_DevConnected
                0x0000000008009830       0x16 Middlewares/ST/STM32_USB_Device_Library/Core/Src/usbd_core.o
                0x0000000008009830                USBD_LL_DevConnected
 .text.USBD_LL_DevDisconnected
                0x0000000008009846       0x38 Middlewares/ST/STM32_USB_Device_Library/Core/Src/usbd_core.o
                0x0000000008009846                USBD_LL_DevDisconnected
 .text.SWAPBYTE
                0x000000000800987e       0x3c Middlewares/ST/STM32_USB_Device_Library/Core/Src/usbd_ctlreq.o
 *fill*         0x00000000080098ba        0x2 
 .text.USBD_StdDevReq
                0x00000000080098bc       0xdc Middlewares/ST/STM32_USB_Device_Library/Core/Src/usbd_ctlreq.o
                0x00000000080098bc                USBD_StdDevReq
 .text.USBD_StdItfReq
                0x0000000008009998       0x8c Middlewares/ST/STM32_USB_Device_Library/Core/Src/usbd_ctlreq.o
                0x0000000008009998                USBD_StdItfReq
 .text.USBD_StdEPReq
                0x0000000008009a24      0x2aa Middlewares/ST/STM32_USB_Device_Library/Core/Src/usbd_ctlreq.o
                0x0000000008009a24                USBD_StdEPReq
 *fill*         0x0000000008009cce        0x2 
 .text.USBD_GetDescriptor
                0x0000000008009cd0      0x2d4 Middlewares/ST/STM32_USB_Device_Library/Core/Src/usbd_ctlreq.o
 .text.USBD_SetAddress
                0x0000000008009fa4       0x84 Middlewares/ST/STM32_USB_Device_Library/Core/Src/usbd_ctlreq.o
 .text.USBD_SetConfig
                0x000000000800a028      0x148 Middlewares/ST/STM32_USB_Device_Library/Core/Src/usbd_ctlreq.o
 .text.USBD_GetConfig
                0x000000000800a170       0x68 Middlewares/ST/STM32_USB_Device_Library/Core/Src/usbd_ctlreq.o
 .text.USBD_GetStatus
                0x000000000800a1d8       0x66 Middlewares/ST/STM32_USB_Device_Library/Core/Src/usbd_ctlreq.o
 .text.USBD_SetFeature
                0x000000000800a23e       0x28 Middlewares/ST/STM32_USB_Device_Library/Core/Src/usbd_ctlreq.o
 .text.USBD_ClrFeature
                0x000000000800a266       0x42 Middlewares/ST/STM32_USB_Device_Library/Core/Src/usbd_ctlreq.o
 .text.USBD_ParseSetupRequest
                0x000000000800a2a8       0x74 Middlewares/ST/STM32_USB_Device_Library/Core/Src/usbd_ctlreq.o
                0x000000000800a2a8                USBD_ParseSetupRequest
 .text.USBD_CtlError
                0x000000000800a31c       0x22 Middlewares/ST/STM32_USB_Device_Library/Core/Src/usbd_ctlreq.o
                0x000000000800a31c                USBD_CtlError
 .text.USBD_GetString
                0x000000000800a33e       0x8c Middlewares/ST/STM32_USB_Device_Library/Core/Src/usbd_ctlreq.o
                0x000000000800a33e                USBD_GetString
 .text.USBD_GetLen
                0x000000000800a3ca       0x34 Middlewares/ST/STM32_USB_Device_Library/Core/Src/usbd_ctlreq.o
 .text.USBD_CtlSendData
                0x000000000800a3fe       0x36 Middlewares/ST/STM32_USB_Device_Library/Core/Src/usbd_ioreq.o
                0x000000000800a3fe                USBD_CtlSendData
 .text.USBD_CtlContinueSendData
                0x000000000800a434       0x22 Middlewares/ST/STM32_USB_Device_Library/Core/Src/usbd_ioreq.o
                0x000000000800a434                USBD_CtlContinueSendData
 .text.USBD_CtlPrepareRx
                0x000000000800a456       0x3a Middlewares/ST/STM32_USB_Device_Library/Core/Src/usbd_ioreq.o
                0x000000000800a456                USBD_CtlPrepareRx
 .text.USBD_CtlContinueRx
                0x000000000800a490       0x22 Middlewares/ST/STM32_USB_Device_Library/Core/Src/usbd_ioreq.o
                0x000000000800a490                USBD_CtlContinueRx
 .text.USBD_CtlSendStatus
                0x000000000800a4b2       0x26 Middlewares/ST/STM32_USB_Device_Library/Core/Src/usbd_ioreq.o
                0x000000000800a4b2                USBD_CtlSendStatus
 .text.USBD_CtlReceiveStatus
                0x000000000800a4d8       0x26 Middlewares/ST/STM32_USB_Device_Library/Core/Src/usbd_ioreq.o
                0x000000000800a4d8                USBD_CtlReceiveStatus
 .text.SVC_Setup
                0x000000000800a4fe        0xe Middlewares/Third_Party/FreeRTOS/Source/CMSIS_RTOS_V2/cmsis_os2.o
 .text.osKernelInitialize
                0x000000000800a50c       0x68 Middlewares/Third_Party/FreeRTOS/Source/CMSIS_RTOS_V2/cmsis_os2.o
                0x000000000800a50c                osKernelInitialize
 .text.osKernelStart
                0x000000000800a574       0x6c Middlewares/Third_Party/FreeRTOS/Source/CMSIS_RTOS_V2/cmsis_os2.o
                0x000000000800a574                osKernelStart
 .text.osThreadNew
                0x000000000800a5e0      0x14c Middlewares/Third_Party/FreeRTOS/Source/CMSIS_RTOS_V2/cmsis_os2.o
                0x000000000800a5e0                osThreadNew
 .text.osThreadSuspend
                0x000000000800a72c       0x68 Middlewares/Third_Party/FreeRTOS/Source/CMSIS_RTOS_V2/cmsis_os2.o
                0x000000000800a72c                osThreadSuspend
 .text.osThreadResume
                0x000000000800a794       0x68 Middlewares/Third_Party/FreeRTOS/Source/CMSIS_RTOS_V2/cmsis_os2.o
                0x000000000800a794                osThreadResume
 .text.osThreadTerminate
                0x000000000800a7fc       0x80 Middlewares/Third_Party/FreeRTOS/Source/CMSIS_RTOS_V2/cmsis_os2.o
                0x000000000800a7fc                osThreadTerminate
 .text.osDelay  0x000000000800a87c       0x5c Middlewares/Third_Party/FreeRTOS/Source/CMSIS_RTOS_V2/cmsis_os2.o
                0x000000000800a87c                osDelay
 .text.osEventFlagsNew
                0x000000000800a8d8       0xa4 Middlewares/Third_Party/FreeRTOS/Source/CMSIS_RTOS_V2/cmsis_os2.o
                0x000000000800a8d8                osEventFlagsNew
 .text.osEventFlagsSet
                0x000000000800a97c       0xb0 Middlewares/Third_Party/FreeRTOS/Source/CMSIS_RTOS_V2/cmsis_os2.o
                0x000000000800a97c                osEventFlagsSet
 .text.osEventFlagsClear
                0x000000000800aa2c       0x88 Middlewares/Third_Party/FreeRTOS/Source/CMSIS_RTOS_V2/cmsis_os2.o
                0x000000000800aa2c                osEventFlagsClear
 .text.osEventFlagsGet
                0x000000000800aab4       0x68 Middlewares/Third_Party/FreeRTOS/Source/CMSIS_RTOS_V2/cmsis_os2.o
                0x000000000800aab4                osEventFlagsGet
 .text.osEventFlagsWait
                0x000000000800ab1c       0xec Middlewares/Third_Party/FreeRTOS/Source/CMSIS_RTOS_V2/cmsis_os2.o
                0x000000000800ab1c                osEventFlagsWait
 .text.osMessageQueueNew
                0x000000000800ac08      0x10c Middlewares/Third_Party/FreeRTOS/Source/CMSIS_RTOS_V2/cmsis_os2.o
                0x000000000800ac08                osMessageQueueNew
 .text.osMessageQueuePut
                0x000000000800ad14       0xe8 Middlewares/Third_Party/FreeRTOS/Source/CMSIS_RTOS_V2/cmsis_os2.o
                0x000000000800ad14                osMessageQueuePut
 .text.osMessageQueueGet
                0x000000000800adfc       0xe4 Middlewares/Third_Party/FreeRTOS/Source/CMSIS_RTOS_V2/cmsis_os2.o
                0x000000000800adfc                osMessageQueueGet
 .text.osMessageQueueGetCount
                0x000000000800aee0       0x64 Middlewares/Third_Party/FreeRTOS/Source/CMSIS_RTOS_V2/cmsis_os2.o
                0x000000000800aee0                osMessageQueueGetCount
 .text.osMessageQueueReset
                0x000000000800af44       0x68 Middlewares/Third_Party/FreeRTOS/Source/CMSIS_RTOS_V2/cmsis_os2.o
                0x000000000800af44                osMessageQueueReset
 .text.vApplicationGetIdleTaskMemory
                0x000000000800afac       0x34 Middlewares/Third_Party/FreeRTOS/Source/CMSIS_RTOS_V2/cmsis_os2.o
                0x000000000800afac                vApplicationGetIdleTaskMemory
 .text.vApplicationGetTimerTaskMemory
                0x000000000800afe0       0x34 Middlewares/Third_Party/FreeRTOS/Source/CMSIS_RTOS_V2/cmsis_os2.o
                0x000000000800afe0                vApplicationGetTimerTaskMemory
 .text.xEventGroupCreateStatic
                0x000000000800b014       0x6a Middlewares/Third_Party/FreeRTOS/Source/event_groups.o
                0x000000000800b014                xEventGroupCreateStatic
 .text.xEventGroupCreate
                0x000000000800b07e       0x34 Middlewares/Third_Party/FreeRTOS/Source/event_groups.o
                0x000000000800b07e                xEventGroupCreate
 *fill*         0x000000000800b0b2        0x2 
 .text.xEventGroupWaitBits
                0x000000000800b0b4      0x194 Middlewares/Third_Party/FreeRTOS/Source/event_groups.o
                0x000000000800b0b4                xEventGroupWaitBits
 .text.xEventGroupClearBits
                0x000000000800b248       0x6c Middlewares/Third_Party/FreeRTOS/Source/event_groups.o
                0x000000000800b248                xEventGroupClearBits
 .text.xEventGroupClearBitsFromISR
                0x000000000800b2b4       0x28 Middlewares/Third_Party/FreeRTOS/Source/event_groups.o
                0x000000000800b2b4                xEventGroupClearBitsFromISR
 .text.xEventGroupGetBitsFromISR
                0x000000000800b2dc       0x46 Middlewares/Third_Party/FreeRTOS/Source/event_groups.o
                0x000000000800b2dc                xEventGroupGetBitsFromISR
 .text.xEventGroupSetBits
                0x000000000800b322      0x112 Middlewares/Third_Party/FreeRTOS/Source/event_groups.o
                0x000000000800b322                xEventGroupSetBits
 .text.vEventGroupSetBitsCallback
                0x000000000800b434       0x1a Middlewares/Third_Party/FreeRTOS/Source/event_groups.o
                0x000000000800b434                vEventGroupSetBitsCallback
 .text.vEventGroupClearBitsCallback
                0x000000000800b44e       0x1a Middlewares/Third_Party/FreeRTOS/Source/event_groups.o
                0x000000000800b44e                vEventGroupClearBitsCallback
 .text.prvTestWaitCondition
                0x000000000800b468       0x44 Middlewares/Third_Party/FreeRTOS/Source/event_groups.o
 .text.xEventGroupSetBitsFromISR
                0x000000000800b4ac       0x28 Middlewares/Third_Party/FreeRTOS/Source/event_groups.o
                0x000000000800b4ac                xEventGroupSetBitsFromISR
 .text.vListInitialise
                0x000000000800b4d4       0x40 Middlewares/Third_Party/FreeRTOS/Source/list.o
                0x000000000800b4d4                vListInitialise
 .text.vListInitialiseItem
                0x000000000800b514       0x1a Middlewares/Third_Party/FreeRTOS/Source/list.o
                0x000000000800b514                vListInitialiseItem
 .text.vListInsertEnd
                0x000000000800b52e       0x48 Middlewares/Third_Party/FreeRTOS/Source/list.o
                0x000000000800b52e                vListInsertEnd
 .text.vListInsert
                0x000000000800b576       0x72 Middlewares/Third_Party/FreeRTOS/Source/list.o
                0x000000000800b576                vListInsert
 .text.uxListRemove
                0x000000000800b5e8       0x54 Middlewares/Third_Party/FreeRTOS/Source/list.o
                0x000000000800b5e8                uxListRemove
 .text.xQueueGenericReset
                0x000000000800b63c       0xd0 Middlewares/Third_Party/FreeRTOS/Source/queue.o
                0x000000000800b63c                xQueueGenericReset
 .text.xQueueGenericCreateStatic
                0x000000000800b70c       0xe6 Middlewares/Third_Party/FreeRTOS/Source/queue.o
                0x000000000800b70c                xQueueGenericCreateStatic
 .text.xQueueGenericCreate
                0x000000000800b7f2       0x7e Middlewares/Third_Party/FreeRTOS/Source/queue.o
                0x000000000800b7f2                xQueueGenericCreate
 .text.prvInitialiseNewQueue
                0x000000000800b870       0x46 Middlewares/Third_Party/FreeRTOS/Source/queue.o
 *fill*         0x000000000800b8b6        0x2 
 .text.xQueueGenericSend
                0x000000000800b8b8      0x1f4 Middlewares/Third_Party/FreeRTOS/Source/queue.o
                0x000000000800b8b8                xQueueGenericSend
 .text.xQueueGenericSendFromISR
                0x000000000800baac      0x128 Middlewares/Third_Party/FreeRTOS/Source/queue.o
                0x000000000800baac                xQueueGenericSendFromISR
 .text.xQueueReceive
                0x000000000800bbd4      0x1b8 Middlewares/Third_Party/FreeRTOS/Source/queue.o
                0x000000000800bbd4                xQueueReceive
 .text.xQueueReceiveFromISR
                0x000000000800bd8c       0xfa Middlewares/Third_Party/FreeRTOS/Source/queue.o
                0x000000000800bd8c                xQueueReceiveFromISR
 .text.uxQueueMessagesWaiting
                0x000000000800be86       0x3a Middlewares/Third_Party/FreeRTOS/Source/queue.o
                0x000000000800be86                uxQueueMessagesWaiting
 .text.uxQueueMessagesWaitingFromISR
                0x000000000800bec0       0x3a Middlewares/Third_Party/FreeRTOS/Source/queue.o
                0x000000000800bec0                uxQueueMessagesWaitingFromISR
 .text.prvCopyDataToQueue
                0x000000000800befa       0xd4 Middlewares/Third_Party/FreeRTOS/Source/queue.o
 .text.prvCopyDataFromQueue
                0x000000000800bfce       0x4c Middlewares/Third_Party/FreeRTOS/Source/queue.o
 .text.prvUnlockQueue
                0x000000000800c01a       0xa4 Middlewares/Third_Party/FreeRTOS/Source/queue.o
 .text.prvIsQueueEmpty
                0x000000000800c0be       0x2c Middlewares/Third_Party/FreeRTOS/Source/queue.o
 .text.prvIsQueueFull
                0x000000000800c0ea       0x30 Middlewares/Third_Party/FreeRTOS/Source/queue.o
 *fill*         0x000000000800c11a        0x2 
 .text.vQueueAddToRegistry
                0x000000000800c11c       0x50 Middlewares/Third_Party/FreeRTOS/Source/queue.o
                0x000000000800c11c                vQueueAddToRegistry
 .text.vQueueWaitForMessageRestricted
                0x000000000800c16c       0x68 Middlewares/Third_Party/FreeRTOS/Source/queue.o
                0x000000000800c16c                vQueueWaitForMessageRestricted
 .text.xTaskCreateStatic
                0x000000000800c1d4       0xb4 Middlewares/Third_Party/FreeRTOS/Source/tasks.o
                0x000000000800c1d4                xTaskCreateStatic
 .text.xTaskCreate
                0x000000000800c288       0x8a Middlewares/Third_Party/FreeRTOS/Source/tasks.o
                0x000000000800c288                xTaskCreate
 .text.prvInitialiseNewTask
                0x000000000800c312      0x122 Middlewares/Third_Party/FreeRTOS/Source/tasks.o
 .text.prvAddNewTaskToReadyList
                0x000000000800c434       0xe0 Middlewares/Third_Party/FreeRTOS/Source/tasks.o
 .text.vTaskDelete
                0x000000000800c514       0xe4 Middlewares/Third_Party/FreeRTOS/Source/tasks.o
                0x000000000800c514                vTaskDelete
 .text.vTaskDelay
                0x000000000800c5f8       0x68 Middlewares/Third_Party/FreeRTOS/Source/tasks.o
                0x000000000800c5f8                vTaskDelay
 .text.eTaskGetState
                0x000000000800c660       0xcc Middlewares/Third_Party/FreeRTOS/Source/tasks.o
                0x000000000800c660                eTaskGetState
 .text.vTaskSuspend
                0x000000000800c72c       0xe8 Middlewares/Third_Party/FreeRTOS/Source/tasks.o
                0x000000000800c72c                vTaskSuspend
 .text.prvTaskIsTaskSuspended
                0x000000000800c814       0x60 Middlewares/Third_Party/FreeRTOS/Source/tasks.o
 .text.vTaskResume
                0x000000000800c874       0xbc Middlewares/Third_Party/FreeRTOS/Source/tasks.o
                0x000000000800c874                vTaskResume
 .text.vTaskStartScheduler
                0x000000000800c930       0xc8 Middlewares/Third_Party/FreeRTOS/Source/tasks.o
                0x000000000800c930                vTaskStartScheduler
 .text.vTaskSuspendAll
                0x000000000800c9f8       0x1c Middlewares/Third_Party/FreeRTOS/Source/tasks.o
                0x000000000800c9f8                vTaskSuspendAll
 .text.xTaskResumeAll
                0x000000000800ca14      0x138 Middlewares/Third_Party/FreeRTOS/Source/tasks.o
                0x000000000800ca14                xTaskResumeAll
 .text.xTaskGetTickCount
                0x000000000800cb4c       0x20 Middlewares/Third_Party/FreeRTOS/Source/tasks.o
                0x000000000800cb4c                xTaskGetTickCount
 .text.xTaskIncrementTick
                0x000000000800cb6c      0x170 Middlewares/Third_Party/FreeRTOS/Source/tasks.o
                0x000000000800cb6c                xTaskIncrementTick
 .text.vTaskSwitchContext
                0x000000000800ccdc      0x104 Middlewares/Third_Party/FreeRTOS/Source/tasks.o
                0x000000000800ccdc                vTaskSwitchContext
 .text.vTaskPlaceOnEventList
                0x000000000800cde0       0x48 Middlewares/Third_Party/FreeRTOS/Source/tasks.o
                0x000000000800cde0                vTaskPlaceOnEventList
 .text.vTaskPlaceOnUnorderedEventList
                0x000000000800ce28       0x74 Middlewares/Third_Party/FreeRTOS/Source/tasks.o
                0x000000000800ce28                vTaskPlaceOnUnorderedEventList
 .text.vTaskPlaceOnEventListRestricted
                0x000000000800ce9c       0x54 Middlewares/Third_Party/FreeRTOS/Source/tasks.o
                0x000000000800ce9c                vTaskPlaceOnEventListRestricted
 .text.xTaskRemoveFromEventList
                0x000000000800cef0       0xc4 Middlewares/Third_Party/FreeRTOS/Source/tasks.o
                0x000000000800cef0                xTaskRemoveFromEventList
 .text.vTaskRemoveFromUnorderedEventList
                0x000000000800cfb4       0xc0 Middlewares/Third_Party/FreeRTOS/Source/tasks.o
                0x000000000800cfb4                vTaskRemoveFromUnorderedEventList
 .text.vTaskInternalSetTimeOutState
                0x000000000800d074       0x2c Middlewares/Third_Party/FreeRTOS/Source/tasks.o
                0x000000000800d074                vTaskInternalSetTimeOutState
 .text.xTaskCheckForTimeOut
                0x000000000800d0a0       0xc0 Middlewares/Third_Party/FreeRTOS/Source/tasks.o
                0x000000000800d0a0                xTaskCheckForTimeOut
 .text.vTaskMissedYield
                0x000000000800d160       0x18 Middlewares/Third_Party/FreeRTOS/Source/tasks.o
                0x000000000800d160                vTaskMissedYield
 .text.prvIdleTask
                0x000000000800d178       0x30 Middlewares/Third_Party/FreeRTOS/Source/tasks.o
 .text.prvInitialiseTaskLists
                0x000000000800d1a8       0x80 Middlewares/Third_Party/FreeRTOS/Source/tasks.o
 .text.prvCheckTasksWaitingTermination
                0x000000000800d228       0x58 Middlewares/Third_Party/FreeRTOS/Source/tasks.o
 .text.prvDeleteTCB
                0x000000000800d280       0x5c Middlewares/Third_Party/FreeRTOS/Source/tasks.o
 .text.prvResetNextTaskUnblockTime
                0x000000000800d2dc       0x40 Middlewares/Third_Party/FreeRTOS/Source/tasks.o
 .text.xTaskGetSchedulerState
                0x000000000800d31c       0x3c Middlewares/Third_Party/FreeRTOS/Source/tasks.o
                0x000000000800d31c                xTaskGetSchedulerState
 .text.xTaskPriorityDisinherit
                0x000000000800d358       0xd8 Middlewares/Third_Party/FreeRTOS/Source/tasks.o
                0x000000000800d358                xTaskPriorityDisinherit
 .text.uxTaskResetEventItemValue
                0x000000000800d430       0x30 Middlewares/Third_Party/FreeRTOS/Source/tasks.o
                0x000000000800d430                uxTaskResetEventItemValue
 .text.prvAddCurrentTaskToDelayedList
                0x000000000800d460       0xa8 Middlewares/Third_Party/FreeRTOS/Source/tasks.o
 .text.xTimerCreateTimerTask
                0x000000000800d508       0x90 Middlewares/Third_Party/FreeRTOS/Source/timers.o
                0x000000000800d508                xTimerCreateTimerTask
 .text.xTimerGenericCommand
                0x000000000800d598       0x98 Middlewares/Third_Party/FreeRTOS/Source/timers.o
                0x000000000800d598                xTimerGenericCommand
 .text.prvProcessExpiredTimer
                0x000000000800d630       0x98 Middlewares/Third_Party/FreeRTOS/Source/timers.o
 .text.prvTimerTask
                0x000000000800d6c8       0x24 Middlewares/Third_Party/FreeRTOS/Source/timers.o
 .text.prvProcessTimerOrBlockTask
                0x000000000800d6ec       0x9c Middlewares/Third_Party/FreeRTOS/Source/timers.o
 .text.prvGetNextExpireTime
                0x000000000800d788       0x48 Middlewares/Third_Party/FreeRTOS/Source/timers.o
 .text.prvSampleTimeNow
                0x000000000800d7d0       0x40 Middlewares/Third_Party/FreeRTOS/Source/timers.o
 .text.prvInsertTimerInActiveList
                0x000000000800d810       0x84 Middlewares/Third_Party/FreeRTOS/Source/timers.o
 .text.prvProcessReceivedCommands
                0x000000000800d894      0x1b8 Middlewares/Third_Party/FreeRTOS/Source/timers.o
 .text.prvSwitchTimerLists
                0x000000000800da4c       0xc8 Middlewares/Third_Party/FreeRTOS/Source/timers.o
 .text.prvCheckForValidListAndQueue
                0x000000000800db14       0x80 Middlewares/Third_Party/FreeRTOS/Source/timers.o
 .text.xTimerPendFunctionCallFromISR
                0x000000000800db94       0x40 Middlewares/Third_Party/FreeRTOS/Source/timers.o
                0x000000000800db94                xTimerPendFunctionCallFromISR
 .text.pxPortInitialiseStack
                0x000000000800dbd4       0x68 Middlewares/Third_Party/FreeRTOS/Source/portable/GCC/ARM_CM4F/port.o
                0x000000000800dbd4                pxPortInitialiseStack
 .text.prvTaskExitError
                0x000000000800dc3c       0x54 Middlewares/Third_Party/FreeRTOS/Source/portable/GCC/ARM_CM4F/port.o
 .text.SVC_Handler
                0x000000000800dc90       0x28 Middlewares/Third_Party/FreeRTOS/Source/portable/GCC/ARM_CM4F/port.o
                0x000000000800dc90                SVC_Handler
 .text.prvPortStartFirstTask
                0x000000000800dcb8       0x28 Middlewares/Third_Party/FreeRTOS/Source/portable/GCC/ARM_CM4F/port.o
 .text.xPortStartScheduler
                0x000000000800dce0      0x13c Middlewares/Third_Party/FreeRTOS/Source/portable/GCC/ARM_CM4F/port.o
                0x000000000800dce0                xPortStartScheduler
 .text.vPortEnterCritical
                0x000000000800de1c       0x5c Middlewares/Third_Party/FreeRTOS/Source/portable/GCC/ARM_CM4F/port.o
                0x000000000800de1c                vPortEnterCritical
 .text.vPortExitCritical
                0x000000000800de78       0x50 Middlewares/Third_Party/FreeRTOS/Source/portable/GCC/ARM_CM4F/port.o
                0x000000000800de78                vPortExitCritical
 *fill*         0x000000000800dec8        0x8 
 .text.PendSV_Handler
                0x000000000800ded0       0x68 Middlewares/Third_Party/FreeRTOS/Source/portable/GCC/ARM_CM4F/port.o
                0x000000000800ded0                PendSV_Handler
 .text.SysTick_Handler
                0x000000000800df38       0x40 Middlewares/Third_Party/FreeRTOS/Source/portable/GCC/ARM_CM4F/port.o
                0x000000000800df38                SysTick_Handler
 .text.vPortSetupTimerInterrupt
                0x000000000800df78       0x48 Middlewares/Third_Party/FreeRTOS/Source/portable/GCC/ARM_CM4F/port.o
                0x000000000800df78                vPortSetupTimerInterrupt
 .text.vPortEnableVFP
                0x000000000800dfc0       0x14 Middlewares/Third_Party/FreeRTOS/Source/portable/GCC/ARM_CM4F/port.o
 .text.vPortValidateInterruptPriority
                0x000000000800dfd4       0x7c Middlewares/Third_Party/FreeRTOS/Source/portable/GCC/ARM_CM4F/port.o
                0x000000000800dfd4                vPortValidateInterruptPriority
 .text.pvPortMalloc
                0x000000000800e050      0x184 Middlewares/Third_Party/FreeRTOS/Source/portable/MemMang/heap_4.o
                0x000000000800e050                pvPortMalloc
 .text.vPortFree
                0x000000000800e1d4       0xb0 Middlewares/Third_Party/FreeRTOS/Source/portable/MemMang/heap_4.o
                0x000000000800e1d4                vPortFree
 .text.prvHeapInit
                0x000000000800e284       0xc4 Middlewares/Third_Party/FreeRTOS/Source/portable/MemMang/heap_4.o
 .text.prvInsertBlockIntoFreeList
                0x000000000800e348       0xb4 Middlewares/Third_Party/FreeRTOS/Source/portable/MemMang/heap_4.o
 .text.MX_USB_DEVICE_Init
                0x000000000800e3fc       0x60 USB_DEVICE/App/usb_device.o
                0x000000000800e3fc                MX_USB_DEVICE_Init
 .text.CDC_Init_FS
                0x000000000800e45c       0x28 USB_DEVICE/App/usbd_cdc_if.o
 .text.CDC_DeInit_FS
                0x000000000800e484       0x10 USB_DEVICE/App/usbd_cdc_if.o
 .text.CDC_Control_FS
                0x000000000800e494       0xbc USB_DEVICE/App/usbd_cdc_if.o
 .text.CDC_Receive_FS
                0x000000000800e550       0x28 USB_DEVICE/App/usbd_cdc_if.o
 .text.CDC_TransmitCplt_FS
                0x000000000800e578       0x22 USB_DEVICE/App/usbd_cdc_if.o
 *fill*         0x000000000800e59a        0x2 
 .text.USBD_FS_DeviceDescriptor
                0x000000000800e59c       0x24 USB_DEVICE/App/usbd_desc.o
                0x000000000800e59c                USBD_FS_DeviceDescriptor
 .text.USBD_FS_LangIDStrDescriptor
                0x000000000800e5c0       0x24 USB_DEVICE/App/usbd_desc.o
                0x000000000800e5c0                USBD_FS_LangIDStrDescriptor
 .text.USBD_FS_ProductStrDescriptor
                0x000000000800e5e4       0x3c USB_DEVICE/App/usbd_desc.o
                0x000000000800e5e4                USBD_FS_ProductStrDescriptor
 .text.USBD_FS_ManufacturerStrDescriptor
                0x000000000800e620       0x28 USB_DEVICE/App/usbd_desc.o
                0x000000000800e620                USBD_FS_ManufacturerStrDescriptor
 .text.USBD_FS_SerialStrDescriptor
                0x000000000800e648       0x24 USB_DEVICE/App/usbd_desc.o
                0x000000000800e648                USBD_FS_SerialStrDescriptor
 .text.USBD_FS_ConfigStrDescriptor
                0x000000000800e66c       0x3c USB_DEVICE/App/usbd_desc.o
                0x000000000800e66c                USBD_FS_ConfigStrDescriptor
 .text.USBD_FS_InterfaceStrDescriptor
                0x000000000800e6a8       0x3c USB_DEVICE/App/usbd_desc.o
                0x000000000800e6a8                USBD_FS_InterfaceStrDescriptor
 .text.Get_SerialNum
                0x000000000800e6e4       0x58 USB_DEVICE/App/usbd_desc.o
 .text.IntToUnicode
                0x000000000800e73c       0x7c USB_DEVICE/App/usbd_desc.o
 .text.HAL_PCD_MspInit
                0x000000000800e7b8       0xa8 USB_DEVICE/Target/usbd_conf.o
                0x000000000800e7b8                HAL_PCD_MspInit
 .text.HAL_PCD_SetupStageCallback
                0x000000000800e860       0x24 USB_DEVICE/Target/usbd_conf.o
                0x000000000800e860                HAL_PCD_SetupStageCallback
 .text.HAL_PCD_DataOutStageCallback
                0x000000000800e884       0x36 USB_DEVICE/Target/usbd_conf.o
                0x000000000800e884                HAL_PCD_DataOutStageCallback
 .text.HAL_PCD_DataInStageCallback
                0x000000000800e8ba       0x34 USB_DEVICE/Target/usbd_conf.o
                0x000000000800e8ba                HAL_PCD_DataInStageCallback
 .text.HAL_PCD_SOFCallback
                0x000000000800e8ee       0x1c USB_DEVICE/Target/usbd_conf.o
                0x000000000800e8ee                HAL_PCD_SOFCallback
 .text.HAL_PCD_ResetCallback
                0x000000000800e90a       0x50 USB_DEVICE/Target/usbd_conf.o
                0x000000000800e90a                HAL_PCD_ResetCallback
 *fill*         0x000000000800e95a        0x2 
 .text.HAL_PCD_SuspendCallback
                0x000000000800e95c       0x4c USB_DEVICE/Target/usbd_conf.o
                0x000000000800e95c                HAL_PCD_SuspendCallback
 .text.HAL_PCD_ResumeCallback
                0x000000000800e9a8       0x1c USB_DEVICE/Target/usbd_conf.o
                0x000000000800e9a8                HAL_PCD_ResumeCallback
 .text.HAL_PCD_ISOOUTIncompleteCallback
                0x000000000800e9c4       0x24 USB_DEVICE/Target/usbd_conf.o
                0x000000000800e9c4                HAL_PCD_ISOOUTIncompleteCallback
 .text.HAL_PCD_ISOINIncompleteCallback
                0x000000000800e9e8       0x24 USB_DEVICE/Target/usbd_conf.o
                0x000000000800e9e8                HAL_PCD_ISOINIncompleteCallback
 .text.HAL_PCD_ConnectCallback
                0x000000000800ea0c       0x1c USB_DEVICE/Target/usbd_conf.o
                0x000000000800ea0c                HAL_PCD_ConnectCallback
 .text.HAL_PCD_DisconnectCallback
                0x000000000800ea28       0x1c USB_DEVICE/Target/usbd_conf.o
                0x000000000800ea28                HAL_PCD_DisconnectCallback
 .text.USBD_LL_Init
                0x000000000800ea44       0x98 USB_DEVICE/Target/usbd_conf.o
                0x000000000800ea44                USBD_LL_Init
 .text.USBD_LL_Start
                0x000000000800eadc       0x36 USB_DEVICE/Target/usbd_conf.o
                0x000000000800eadc                USBD_LL_Start
 .text.USBD_LL_OpenEP
                0x000000000800eb12       0x4c USB_DEVICE/Target/usbd_conf.o
                0x000000000800eb12                USBD_LL_OpenEP
 .text.USBD_LL_CloseEP
                0x000000000800eb5e       0x3e USB_DEVICE/Target/usbd_conf.o
                0x000000000800eb5e                USBD_LL_CloseEP
 .text.USBD_LL_StallEP
                0x000000000800eb9c       0x3e USB_DEVICE/Target/usbd_conf.o
                0x000000000800eb9c                USBD_LL_StallEP
 .text.USBD_LL_ClearStallEP
                0x000000000800ebda       0x3e USB_DEVICE/Target/usbd_conf.o
                0x000000000800ebda                USBD_LL_ClearStallEP
 .text.USBD_LL_IsStallEP
                0x000000000800ec18       0x58 USB_DEVICE/Target/usbd_conf.o
                0x000000000800ec18                USBD_LL_IsStallEP
 .text.USBD_LL_SetUSBAddress
                0x000000000800ec70       0x3e USB_DEVICE/Target/usbd_conf.o
                0x000000000800ec70                USBD_LL_SetUSBAddress
 .text.USBD_LL_Transmit
                0x000000000800ecae       0x42 USB_DEVICE/Target/usbd_conf.o
                0x000000000800ecae                USBD_LL_Transmit
 .text.USBD_LL_PrepareReceive
                0x000000000800ecf0       0x42 USB_DEVICE/Target/usbd_conf.o
                0x000000000800ecf0                USBD_LL_PrepareReceive
 .text.USBD_LL_GetRxDataSize
                0x000000000800ed32       0x26 USB_DEVICE/Target/usbd_conf.o
                0x000000000800ed32                USBD_LL_GetRxDataSize
 .text.USBD_Get_USB_Status
                0x000000000800ed58       0x58 USB_DEVICE/Target/usbd_conf.o
                0x000000000800ed58                USBD_Get_USB_Status
 .text.__errno  0x000000000800edb0        0xc c:/program files/st/stm32cubeide_1.4.0/stm32cubeide/plugins/com.st.stm32cube.ide.mcu.externaltools.gnu-tools-for-stm32.7-2018-q2-update.win32_1.4.0.202007081208/tools/bin/../lib/gcc/arm-none-eabi/7.3.1/../../../../arm-none-eabi/lib/thumb/v7e-m/fpv4-sp/hard\libc_nano.a(lib_a-errno.o)
                0x000000000800edb0                __errno
 .text.__libc_init_array
                0x000000000800edbc       0x48 c:/program files/st/stm32cubeide_1.4.0/stm32cubeide/plugins/com.st.stm32cube.ide.mcu.externaltools.gnu-tools-for-stm32.7-2018-q2-update.win32_1.4.0.202007081208/tools/bin/../lib/gcc/arm-none-eabi/7.3.1/../../../../arm-none-eabi/lib/thumb/v7e-m/fpv4-sp/hard\libc_nano.a(lib_a-init.o)
                0x000000000800edbc                __libc_init_array
 .text.malloc   0x000000000800ee04       0x10 c:/program files/st/stm32cubeide_1.4.0/stm32cubeide/plugins/com.st.stm32cube.ide.mcu.externaltools.gnu-tools-for-stm32.7-2018-q2-update.win32_1.4.0.202007081208/tools/bin/../lib/gcc/arm-none-eabi/7.3.1/../../../../arm-none-eabi/lib/thumb/v7e-m/fpv4-sp/hard\libc_nano.a(lib_a-malloc.o)
                0x000000000800ee04                malloc
 .text.free     0x000000000800ee14       0x10 c:/program files/st/stm32cubeide_1.4.0/stm32cubeide/plugins/com.st.stm32cube.ide.mcu.externaltools.gnu-tools-for-stm32.7-2018-q2-update.win32_1.4.0.202007081208/tools/bin/../lib/gcc/arm-none-eabi/7.3.1/../../../../arm-none-eabi/lib/thumb/v7e-m/fpv4-sp/hard\libc_nano.a(lib_a-malloc.o)
                0x000000000800ee14                free
 .text.memcpy   0x000000000800ee24       0x16 c:/program files/st/stm32cubeide_1.4.0/stm32cubeide/plugins/com.st.stm32cube.ide.mcu.externaltools.gnu-tools-for-stm32.7-2018-q2-update.win32_1.4.0.202007081208/tools/bin/../lib/gcc/arm-none-eabi/7.3.1/../../../../arm-none-eabi/lib/thumb/v7e-m/fpv4-sp/hard\libc_nano.a(lib_a-memcpy-stub.o)
                0x000000000800ee24                memcpy
 .text.memset   0x000000000800ee3a       0x10 c:/program files/st/stm32cubeide_1.4.0/stm32cubeide/plugins/com.st.stm32cube.ide.mcu.externaltools.gnu-tools-for-stm32.7-2018-q2-update.win32_1.4.0.202007081208/tools/bin/../lib/gcc/arm-none-eabi/7.3.1/../../../../arm-none-eabi/lib/thumb/v7e-m/fpv4-sp/hard\libc_nano.a(lib_a-memset.o)
                0x000000000800ee3a                memset
 *fill*         0x000000000800ee4a        0x2 
 .text._free_r  0x000000000800ee4c       0x9c c:/program files/st/stm32cubeide_1.4.0/stm32cubeide/plugins/com.st.stm32cube.ide.mcu.externaltools.gnu-tools-for-stm32.7-2018-q2-update.win32_1.4.0.202007081208/tools/bin/../lib/gcc/arm-none-eabi/7.3.1/../../../../arm-none-eabi/lib/thumb/v7e-m/fpv4-sp/hard\libc_nano.a(lib_a-nano-freer.o)
                0x000000000800ee4c                _free_r
 .text._malloc_r
                0x000000000800eee8       0xb4 c:/program files/st/stm32cubeide_1.4.0/stm32cubeide/plugins/com.st.stm32cube.ide.mcu.externaltools.gnu-tools-for-stm32.7-2018-q2-update.win32_1.4.0.202007081208/tools/bin/../lib/gcc/arm-none-eabi/7.3.1/../../../../arm-none-eabi/lib/thumb/v7e-m/fpv4-sp/hard\libc_nano.a(lib_a-nano-mallocr.o)
                0x000000000800eee8                _malloc_r
 .text.__cvt    0x000000000800ef9c       0xc2 c:/program files/st/stm32cubeide_1.4.0/stm32cubeide/plugins/com.st.stm32cube.ide.mcu.externaltools.gnu-tools-for-stm32.7-2018-q2-update.win32_1.4.0.202007081208/tools/bin/../lib/gcc/arm-none-eabi/7.3.1/../../../../arm-none-eabi/lib/thumb/v7e-m/fpv4-sp/hard\libc_nano.a(lib_a-nano-vfprintf_float.o)
                0x000000000800ef9c                __cvt
 .text.__exponent
                0x000000000800f05e       0x66 c:/program files/st/stm32cubeide_1.4.0/stm32cubeide/plugins/com.st.stm32cube.ide.mcu.externaltools.gnu-tools-for-stm32.7-2018-q2-update.win32_1.4.0.202007081208/tools/bin/../lib/gcc/arm-none-eabi/7.3.1/../../../../arm-none-eabi/lib/thumb/v7e-m/fpv4-sp/hard\libc_nano.a(lib_a-nano-vfprintf_float.o)
                0x000000000800f05e                __exponent
 .text._printf_float
                0x000000000800f0c4      0x480 c:/program files/st/stm32cubeide_1.4.0/stm32cubeide/plugins/com.st.stm32cube.ide.mcu.externaltools.gnu-tools-for-stm32.7-2018-q2-update.win32_1.4.0.202007081208/tools/bin/../lib/gcc/arm-none-eabi/7.3.1/../../../../arm-none-eabi/lib/thumb/v7e-m/fpv4-sp/hard\libc_nano.a(lib_a-nano-vfprintf_float.o)
                0x000000000800f0c4                _printf_float
 .text._printf_common
                0x000000000800f544       0xea c:/program files/st/stm32cubeide_1.4.0/stm32cubeide/plugins/com.st.stm32cube.ide.mcu.externaltools.gnu-tools-for-stm32.7-2018-q2-update.win32_1.4.0.202007081208/tools/bin/../lib/gcc/arm-none-eabi/7.3.1/../../../../arm-none-eabi/lib/thumb/v7e-m/fpv4-sp/hard\libc_nano.a(lib_a-nano-vfprintf_i.o)
                0x000000000800f544                _printf_common
 *fill*         0x000000000800f62e        0x2 
 .text._sbrk_r  0x000000000800f630       0x20 c:/program files/st/stm32cubeide_1.4.0/stm32cubeide/plugins/com.st.stm32cube.ide.mcu.externaltools.gnu-tools-for-stm32.7-2018-q2-update.win32_1.4.0.202007081208/tools/bin/../lib/gcc/arm-none-eabi/7.3.1/../../../../arm-none-eabi/lib/thumb/v7e-m/fpv4-sp/hard\libc_nano.a(lib_a-sbrkr.o)
                0x000000000800f630                _sbrk_r
 .text.quorem   0x000000000800f650      0x118 c:/program files/st/stm32cubeide_1.4.0/stm32cubeide/plugins/com.st.stm32cube.ide.mcu.externaltools.gnu-tools-for-stm32.7-2018-q2-update.win32_1.4.0.202007081208/tools/bin/../lib/gcc/arm-none-eabi/7.3.1/../../../../arm-none-eabi/lib/thumb/v7e-m/fpv4-sp/hard\libc_nano.a(lib_a-dtoa.o)
 .text._dtoa_r  0x000000000800f768      0xb70 c:/program files/st/stm32cubeide_1.4.0/stm32cubeide/plugins/com.st.stm32cube.ide.mcu.externaltools.gnu-tools-for-stm32.7-2018-q2-update.win32_1.4.0.202007081208/tools/bin/../lib/gcc/arm-none-eabi/7.3.1/../../../../arm-none-eabi/lib/thumb/v7e-m/fpv4-sp/hard\libc_nano.a(lib_a-dtoa.o)
                0x000000000800f768                _dtoa_r
 .text._localeconv_r
                0x00000000080102d8       0x1c c:/program files/st/stm32cubeide_1.4.0/stm32cubeide/plugins/com.st.stm32cube.ide.mcu.externaltools.gnu-tools-for-stm32.7-2018-q2-update.win32_1.4.0.202007081208/tools/bin/../lib/gcc/arm-none-eabi/7.3.1/../../../../arm-none-eabi/lib/thumb/v7e-m/fpv4-sp/hard\libc_nano.a(lib_a-localeconv.o)
                0x00000000080102d8                _localeconv_r
 .text.__malloc_lock
                0x00000000080102f4        0x2 c:/program files/st/stm32cubeide_1.4.0/stm32cubeide/plugins/com.st.stm32cube.ide.mcu.externaltools.gnu-tools-for-stm32.7-2018-q2-update.win32_1.4.0.202007081208/tools/bin/../lib/gcc/arm-none-eabi/7.3.1/../../../../arm-none-eabi/lib/thumb/v7e-m/fpv4-sp/hard\libc_nano.a(lib_a-mlock.o)
                0x00000000080102f4                __malloc_lock
 .text.__malloc_unlock
                0x00000000080102f6        0x2 c:/program files/st/stm32cubeide_1.4.0/stm32cubeide/plugins/com.st.stm32cube.ide.mcu.externaltools.gnu-tools-for-stm32.7-2018-q2-update.win32_1.4.0.202007081208/tools/bin/../lib/gcc/arm-none-eabi/7.3.1/../../../../arm-none-eabi/lib/thumb/v7e-m/fpv4-sp/hard\libc_nano.a(lib_a-mlock.o)
                0x00000000080102f6                __malloc_unlock