printf_override.h:9:5:_write	32	static
state_machine.h:23:6:shutdown	8	static
state_machine.h:36:6:doStateMachine	24	static
main.c:92:5:main	8	static
main.c:173:6:SystemClock_Config	88	static
main.c:217:13:MX_ADC1_Init	24	static
main.c:267:13:MX_TIM2_Init	64	static
main.c:326:13:MX_TIM3_Init	48	static
main.c:374:13:MX_TIM4_Init	48	static
main.c:427:13:MX_TIM5_Init	48	static
main.c:474:13:MX_DMA_Init	16	static
main.c:492:13:MX_GPIO_Init	48	static
main.c:566:6:HAL_TIM_PeriodElapsedCallback	16	static
main.c:588:6:Error_Handler	4	static
