pushbutton.c:38:18:pushbutton_init	80	static
pushbutton.c:63:6:pushbutton_led_on	8	static
pushbutton.c:64:6:pushbutton_led_off	8	static
pushbutton.c:65:6:pushbutton_led_fade	8	static
pushbutton.c:66:6:pushbutton_led_flash	8	static
pushbutton.c:68:6:pushbutton_released	24	static
pushbutton.c:74:6:pushbutton_bumped	24	static
pushbutton.c:80:6:pushbutton_short_pressed	24	static
pushbutton.c:86:6:pushbutton_long_pressed	24	static
pushbutton.c:92:10:pushbutton_stack_space	8	static
pushbutton.c:96:10:led_stack_space	8	static
pushbutton.c:101:13:button_thread	32	static
pushbutton.c:154:13:led_thread	16	static
pushbutton.c:186:13:do_led_on	4	static
pushbutton.c:190:13:do_led_off	4	static
pushbutton.c:194:13:do_led_fade	16	static
pushbutton.c:218:13:do_led_flash	8	static
