Archive member included to satisfy reference by file (symbol)

c:/program files/st/stm32cubeide_1.4.0/stm32cubeide/plugins/com.st.stm32cube.ide.mcu.externaltools.gnu-tools-for-stm32.7-2018-q2-update.win32_1.4.0.202007081208/tools/bin/../lib/gcc/arm-none-eabi/7.3.1/../../../../arm-none-eabi/lib/thumb/v7e-m/fpv4-sp/hard\libc_nano.a(lib_a-errno.o)
                              Core/Src/main.o (__errno)
c:/program files/st/stm32cubeide_1.4.0/stm32cubeide/plugins/com.st.stm32cube.ide.mcu.externaltools.gnu-tools-for-stm32.7-2018-q2-update.win32_1.4.0.202007081208/tools/bin/../lib/gcc/arm-none-eabi/7.3.1/../../../../arm-none-eabi/lib/thumb/v7e-m/fpv4-sp/hard\libc_nano.a(lib_a-exit.o)
                              c:/program files/st/stm32cubeide_1.4.0/stm32cubeide/plugins/com.st.stm32cube.ide.mcu.externaltools.gnu-tools-for-stm32.7-2018-q2-update.win32_1.4.0.202007081208/tools/bin/../lib/gcc/arm-none-eabi/7.3.1/../../../../arm-none-eabi/lib/thumb/v7e-m/fpv4-sp/hard/crt0.o (exit)
c:/program files/st/stm32cubeide_1.4.0/stm32cubeide/plugins/com.st.stm32cube.ide.mcu.externaltools.gnu-tools-for-stm32.7-2018-q2-update.win32_1.4.0.202007081208/tools/bin/../lib/gcc/arm-none-eabi/7.3.1/../../../../arm-none-eabi/lib/thumb/v7e-m/fpv4-sp/hard\libc_nano.a(lib_a-impure.o)
                              c:/program files/st/stm32cubeide_1.4.0/stm32cubeide/plugins/com.st.stm32cube.ide.mcu.externaltools.gnu-tools-for-stm32.7-2018-q2-update.win32_1.4.0.202007081208/tools/bin/../lib/gcc/arm-none-eabi/7.3.1/../../../../arm-none-eabi/lib/thumb/v7e-m/fpv4-sp/hard\libc_nano.a(lib_a-exit.o) (_global_impure_ptr)
c:/program files/st/stm32cubeide_1.4.0/stm32cubeide/plugins/com.st.stm32cube.ide.mcu.externaltools.gnu-tools-for-stm32.7-2018-q2-update.win32_1.4.0.202007081208/tools/bin/../lib/gcc/arm-none-eabi/7.3.1/../../../../arm-none-eabi/lib/thumb/v7e-m/fpv4-sp/hard\libc_nano.a(lib_a-init.o)
                              c:/program files/st/stm32cubeide_1.4.0/stm32cubeide/plugins/com.st.stm32cube.ide.mcu.externaltools.gnu-tools-for-stm32.7-2018-q2-update.win32_1.4.0.202007081208/tools/bin/../lib/gcc/arm-none-eabi/7.3.1/../../../../arm-none-eabi/lib/thumb/v7e-m/fpv4-sp/hard/crt0.o (__libc_init_array)
c:/program files/st/stm32cubeide_1.4.0/stm32cubeide/plugins/com.st.stm32cube.ide.mcu.externaltools.gnu-tools-for-stm32.7-2018-q2-update.win32_1.4.0.202007081208/tools/bin/../lib/gcc/arm-none-eabi/7.3.1/../../../../arm-none-eabi/lib/thumb/v7e-m/fpv4-sp/hard\libc_nano.a(lib_a-malloc.o)
                              Middlewares/ST/STM32_USB_Device_Library/Class/CDC/Src/usbd_cdc.o (malloc)
c:/program files/st/stm32cubeide_1.4.0/stm32cubeide/plugins/com.st.stm32cube.ide.mcu.externaltools.gnu-tools-for-stm32.7-2018-q2-update.win32_1.4.0.202007081208/tools/bin/../lib/gcc/arm-none-eabi/7.3.1/../../../../arm-none-eabi/lib/thumb/v7e-m/fpv4-sp/hard\libc_nano.a(lib_a-memcpy-stub.o)
                              Middlewares/Third_Party/FreeRTOS/Source/CMSIS_RTOS_V2/cmsis_os2.o (memcpy)
c:/program files/st/stm32cubeide_1.4.0/stm32cubeide/plugins/com.st.stm32cube.ide.mcu.externaltools.gnu-tools-for-stm32.7-2018-q2-update.win32_1.4.0.202007081208/tools/bin/../lib/gcc/arm-none-eabi/7.3.1/../../../../arm-none-eabi/lib/thumb/v7e-m/fpv4-sp/hard\libc_nano.a(lib_a-memset.o)
                              c:/program files/st/stm32cubeide_1.4.0/stm32cubeide/plugins/com.st.stm32cube.ide.mcu.externaltools.gnu-tools-for-stm32.7-2018-q2-update.win32_1.4.0.202007081208/tools/bin/../lib/gcc/arm-none-eabi/7.3.1/../../../../arm-none-eabi/lib/thumb/v7e-m/fpv4-sp/hard/crt0.o (memset)
c:/program files/st/stm32cubeide_1.4.0/stm32cubeide/plugins/com.st.stm32cube.ide.mcu.externaltools.gnu-tools-for-stm32.7-2018-q2-update.win32_1.4.0.202007081208/tools/bin/../lib/gcc/arm-none-eabi/7.3.1/../../../../arm-none-eabi/lib/thumb/v7e-m/fpv4-sp/hard\libc_nano.a(lib_a-nano-freer.o)
                              c:/program files/st/stm32cubeide_1.4.0/stm32cubeide/plugins/com.st.stm32cube.ide.mcu.externaltools.gnu-tools-for-stm32.7-2018-q2-update.win32_1.4.0.202007081208/tools/bin/../lib/gcc/arm-none-eabi/7.3.1/../../../../arm-none-eabi/lib/thumb/v7e-m/fpv4-sp/hard\libc_nano.a(lib_a-malloc.o) (_free_r)
c:/program files/st/stm32cubeide_1.4.0/stm32cubeide/plugins/com.st.stm32cube.ide.mcu.externaltools.gnu-tools-for-stm32.7-2018-q2-update.win32_1.4.0.202007081208/tools/bin/../lib/gcc/arm-none-eabi/7.3.1/../../../../arm-none-eabi/lib/thumb/v7e-m/fpv4-sp/hard\libc_nano.a(lib_a-nano-mallocr.o)
                              c:/program files/st/stm32cubeide_1.4.0/stm32cubeide/plugins/com.st.stm32cube.ide.mcu.externaltools.gnu-tools-for-stm32.7-2018-q2-update.win32_1.4.0.202007081208/tools/bin/../lib/gcc/arm-none-eabi/7.3.1/../../../../arm-none-eabi/lib/thumb/v7e-m/fpv4-sp/hard\libc_nano.a(lib_a-malloc.o) (_malloc_r)
[...]
Memory Configuration

Name             Origin             Length             Attributes
RAM              0x0000000020000000 0x0000000000018000 xrw
FLASH            0x0000000008000000 0x0000000000080000 xr
*default*        0x0000000000000000 0xffffffffffffffff

Linker script and memory map

LOAD c:/program files/st/stm32cubeide_1.4.0/stm32cubeide/plugins/com.st.stm32cube.ide.mcu.externaltools.gnu-tools-for-stm32.7-2018-q2-update.win32_1.4.0.202007081208/tools/bin/../lib/gcc/arm-none-eabi/7.3.1/thumb/v7e-m/fpv4-sp/hard/crti.o
LOAD c:/program files/st/stm32cubeide_1.4.0/stm32cubeide/plugins/com.st.stm32cube.ide.mcu.externaltools.gnu-tools-for-stm32.7-2018-q2-update.win32_1.4.0.202007081208/tools/bin/../lib/gcc/arm-none-eabi/7.3.1/thumb/v7e-m/fpv4-sp/hard/crtbegin.o
LOAD c:/program files/st/stm32cubeide_1.4.0/stm32cubeide/plugins/com.st.stm32cube.ide.mcu.externaltools.gnu-tools-for-stm32.7-2018-q2-update.win32_1.4.0.202007081208/tools/bin/../lib/gcc/arm-none-eabi/7.3.1/../../../../arm-none-eabi/lib/thumb/v7e-m/fpv4-sp/hard/crt0.o
LOAD Core/Src/bargraph.o
LOAD Core/Src/batt_monitor.o
LOAD Core/Src/buzzer.o
LOAD Core/Src/freertos.o
LOAD Core/Src/main.o
LOAD Core/Src/pushbutton.o
LOAD Core/Src/stm32f4xx_hal_msp.o
LOAD Core/Src/stm32f4xx_hal_timebase_tim.o
LOAD Core/Src/stm32f4xx_it.o
LOAD Core/Src/syscalls.o
LOAD Core/Src/sysmem.o
LOAD Core/Src/system_stm32f4xx.o
LOAD Core/Startup/startup_stm32f401retx.o
LOAD Drivers/STM32F4xx_HAL_Driver/Src/stm32f4xx_hal.o
LOAD Drivers/STM32F4xx_HAL_Driver/Src/stm32f4xx_hal_adc.o
LOAD Drivers/STM32F4xx_HAL_Driver/Src/stm32f4xx_hal_adc_ex.o
LOAD Drivers/STM32F4xx_HAL_Driver/Src/stm32f4xx_hal_cortex.o
LOAD Drivers/STM32F4xx_HAL_Driver/Src/stm32f4xx_hal_dma.o
LOAD Drivers/STM32F4xx_HAL_Driver/Src/stm32f4xx_hal_dma_ex.o
LOAD Drivers/STM32F4xx_HAL_Driver/Src/stm32f4xx_hal_exti.o
LOAD Drivers/STM32F4xx_HAL_Driver/Src/stm32f4xx_hal_flash.o
LOAD Drivers/STM32F4xx_HAL_Driver/Src/stm32f4xx_hal_flash_ex.o
LOAD Drivers/STM32F4xx_HAL_Driver/Src/stm32f4xx_hal_flash_ramfunc.o
LOAD Drivers/STM32F4xx_HAL_Driver/Src/stm32f4xx_hal_gpio.o
LOAD Drivers/STM32F4xx_HAL_Driver/Src/stm32f4xx_hal_pcd.o
LOAD Drivers/STM32F4xx_HAL_Driver/Src/stm32f4xx_hal_pcd_ex.o
LOAD Drivers/STM32F4xx_HAL_Driver/Src/stm32f4xx_hal_pwr.o
LOAD Drivers/STM32F4xx_HAL_Driver/Src/stm32f4xx_hal_pwr_ex.o
LOAD Drivers/STM32F4xx_HAL_Driver/Src/stm32f4xx_hal_rcc.o
LOAD Drivers/STM32F4xx_HAL_Driver/Src/stm32f4xx_hal_rcc_ex.o
LOAD Drivers/STM32F4xx_HAL_Driver/Src/stm32f4xx_hal_tim.o
LOAD Drivers/STM32F4xx_HAL_Driver/Src/stm32f4xx_hal_tim_ex.o
LOAD Drivers/STM32F4xx_HAL_Driver/Src/stm32f4xx_ll_usb.o
LOAD Middlewares/ST/STM32_USB_Device_Library/Class/CDC/Src/usbd_cdc.o
LOAD Middlewares/ST/STM32_USB_Device_Library/Core/Src/usbd_core.o
LOAD Middlewares/ST/STM32_USB_Device_Library/Core/Src/usbd_ctlreq.o
LOAD Middlewares/ST/STM32_USB_Device_Library/Core/Src/usbd_ioreq.o
LOAD Middlewares/Third_Party/FreeRTOS/Source/CMSIS_RTOS_V2/cmsis_os2.o
LOAD Middlewares/Third_Party/FreeRTOS/Source/croutine.o
LOAD Middlewares/Third_Party/FreeRTOS/Source/event_groups.o
LOAD Middlewares/Third_Party/FreeRTOS/Source/list.o
LOAD Middlewares/Third_Party/FreeRTOS/Source/queue.o
LOAD Middlewares/Third_Party/FreeRTOS/Source/stream_buffer.o
LOAD Middlewares/Third_Party/FreeRTOS/Source/tasks.o
LOAD Middlewares/Third_Party/FreeRTOS/Source/timers.o
LOAD Middlewares/Third_Party/FreeRTOS/Source/portable/GCC/ARM_CM4F/port.o
LOAD Middlewares/Third_Party/FreeRTOS/Source/portable/MemMang/heap_4.o
LOAD USB_DEVICE/App/usb_device.o
LOAD USB_DEVICE/App/usbd_cdc_if.o
LOAD USB_DEVICE/App/usbd_desc.o
LOAD USB_DEVICE/Target/usbd_conf.o
START GROUP
LOAD c:/program files/st/stm32cubeide_1.4.0/stm32cubeide/plugins/com.st.stm32cube.ide.mcu.externaltools.gnu-tools-for-stm32.7-2018-q2-update.win32_1.4.0.202007081208/tools/bin/../lib/gcc/arm-none-eabi/7.3.1/../../../../arm-none-eabi/lib/thumb/v7e-m/fpv4-sp/hard\libc_nano.a
LOAD c:/program files/st/stm32cubeide_1.4.0/stm32cubeide/plugins/com.st.stm32cube.ide.mcu.externaltools.gnu-tools-for-stm32.7-2018-q2-update.win32_1.4.0.202007081208/tools/bin/../lib/gcc/arm-none-eabi/7.3.1/../../../../arm-none-eabi/lib/thumb/v7e-m/fpv4-sp/hard\libm.a
END GROUP
START GROUP
LOAD c:/program files/st/stm32cubeide_1.4.0/stm32cubeide/plugins/com.st.stm32cube.ide.mcu.externaltools.gnu-tools-for-stm32.7-2018-q2-update.win32_1.4.0.202007081208/tools/bin/../lib/gcc/arm-none-eabi/7.3.1/thumb/v7e-m/fpv4-sp/hard\libgcc.a
LOAD c:/program files/st/stm32cubeide_1.4.0/stm32cubeide/plugins/com.st.stm32cube.ide.mcu.externaltools.gnu-tools-for-stm32.7-2018-q2-update.win32_1.4.0.202007081208/tools/bin/../lib/gcc/arm-none-eabi/7.3.1/../../../../arm-none-eabi/lib/thumb/v7e-m/fpv4-sp/hard\libc_nano.a
END GROUP
START GROUP
LOAD c:/program files/st/stm32cubeide_1.4.0/stm32cubeide/plugins/com.st.stm32cube.ide.mcu.externaltools.gnu-tools-for-stm32.7-2018-q2-update.win32_1.4.0.202007081208/tools/bin/../lib/gcc/arm-none-eabi/7.3.1/thumb/v7e-m/fpv4-sp/hard\libgcc.a
LOAD c:/program files/st/stm32cubeide_1.4.0/stm32cubeide/plugins/com.st.stm32cube.ide.mcu.externaltools.gnu-tools-for-stm32.7-2018-q2-update.win32_1.4.0.202007081208/tools/bin/../lib/gcc/arm-none-eabi/7.3.1/../../../../arm-none-eabi/lib/thumb/v7e-m/fpv4-sp/hard\libc_nano.a
LOAD c:/program files/st/stm32cubeide_1.4.0/stm32cubeide/plugins/com.st.stm32cube.ide.mcu.externaltools.gnu-tools-for-stm32.7-2018-q2-update.win32_1.4.0.202007081208/tools/bin/../lib/gcc/arm-none-eabi/7.3.1/../../../../arm-none-eabi/lib/thumb/v7e-m/fpv4-sp/hard\libnosys.a
END GROUP
START GROUP
LOAD c:/program files/st/stm32cubeide_1.4.0/stm32cubeide/plugins/com.st.stm32cube.ide.mcu.externaltools.gnu-tools-for-stm32.7-2018-q2-update.win32_1.4.0.202007081208/tools/bin/../lib/gcc/arm-none-eabi/7.3.1/thumb/v7e-m/fpv4-sp/hard\libgcc.a
LOAD c:/program files/st/stm32cubeide_1.4.0/stm32cubeide/plugins/com.st.stm32cube.ide.mcu.externaltools.gnu-tools-for-stm32.7-2018-q2-update.win32_1.4.0.202007081208/tools/bin/../lib/gcc/arm-none-eabi/7.3.1/../../../../arm-none-eabi/lib/thumb/v7e-m/fpv4-sp/hard\libc_nano.a
LOAD c:/program files/st/stm32cubeide_1.4.0/stm32cubeide/plugins/com.st.stm32cube.ide.mcu.externaltools.gnu-tools-for-stm32.7-2018-q2-update.win32_1.4.0.202007081208/tools/bin/../lib/gcc/arm-none-eabi/7.3.1/../../../../arm-none-eabi/lib/thumb/v7e-m/fpv4-sp/hard\libnosys.a
END GROUP
LOAD c:/program files/st/stm32cubeide_1.4.0/stm32cubeide/plugins/com.st.stm32cube.ide.mcu.externaltools.gnu-tools-for-stm32.7-2018-q2-update.win32_1.4.0.202007081208/tools/bin/../lib/gcc/arm-none-eabi/7.3.1/thumb/v7e-m/fpv4-sp/hard/crtend.o
LOAD c:/program files/st/stm32cubeide_1.4.0/stm32cubeide/plugins/com.st.stm32cube.ide.mcu.externaltools.gnu-tools-for-stm32.7-2018-q2-update.win32_1.4.0.202007081208/tools/bin/../lib/gcc/arm-none-eabi/7.3.1/thumb/v7e-m/fpv4-sp/hard/crtn.o
                0x0000000020018000                _estack = (ORIGIN (RAM) + LENGTH (RAM))
                0x0000000000000400                _Min_Heap_Size = 0x400
                0x0000000000000800                _Min_Stack_Size = 0x800

.isr_vector     0x0000000008000000      0x194
                0x0000000008000000                . = ALIGN (0x4)
 *(.isr_vector)
 .isr_vector    0x0000000008000000      0x194 Core/Startup/startup_stm32f401retx.o
                0x0000000008000000                g_pfnVectors
                0x0000000008000194                . = ALIGN (0x4)

.text           0x00000000080001a0     0xfcf4
                0x00000000080001a0                . = ALIGN (0x4)
 *(.text)
 .text          0x00000000080001a0       0x40 c:/program files/st/stm32cubeide_1.4.0/stm32cubeide/plugins/com.st.stm32cube.ide.mcu.externaltools.gnu-tools-for-stm32.7-2018-q2-update.win32_1.4.0.202007081208/tools/bin/../lib/gcc/arm-none-eabi/7.3.1/thumb/v7e-m/fpv4-sp/hard/crtbegin.o
 .text          0x00000000080001e0       0x10 c:/program files/st/stm32cubeide_1.4.0/stm32cubeide/plugins/com.st.stm32cube.ide.mcu.externaltools.gnu-tools-for-stm32.7-2018-q2-update.win32_1.4.0.202007081208/tools/bin/../lib/gcc/arm-none-eabi/7.3.1/../../../../arm-none-eabi/lib/thumb/v7e-m/fpv4-sp/hard\libc_nano.a(lib_a-strlen.o)
                0x00000000080001e0                strlen
 .text          0x00000000080001f0      0x378 c:/program files/st/stm32cubeide_1.4.0/stm32cubeide/plugins/com.st.stm32cube.ide.mcu.externaltools.gnu-tools-for-stm32.7-2018-q2-update.win32_1.4.0.202007081208/tools/bin/../lib/gcc/arm-none-eabi/7.3.1/thumb/v7e-m/fpv4-sp/hard\libgcc.a(_arm_addsubdf3.o)
                0x00000000080001f0                __aeabi_drsub
                0x00000000080001f8                __aeabi_dsub
                0x00000000080001f8                __subdf3
                0x00000000080001fc                __aeabi_dadd
                0x00000000080001fc                __adddf3
                0x0000000008000474                __floatunsidf
                0x0000000008000474                __aeabi_ui2d
                0x0000000008000494                __floatsidf
                0x0000000008000494                __aeabi_i2d
                0x00000000080004b8                __aeabi_f2d
                0x00000000080004b8                __extendsfdf2
                0x00000000080004fc                __floatundidf
                0x00000000080004fc                __aeabi_ul2d
                0x000000000800050c                __floatdidf
                0x000000000800050c                __aeabi_l2d
 .text          0x0000000008000568      0x424 c:/program files/st/stm32cubeide_1.4.0/stm32cubeide/plugins/com.st.stm32cube.ide.mcu.externaltools.gnu-tools-for-stm32.7-2018-q2-update.win32_1.4.0.202007081208/tools/bin/../lib/gcc/arm-none-eabi/7.3.1/thumb/v7e-m/fpv4-sp/hard\libgcc.a(_arm_muldivdf3.o)
                0x0000000008000568                __aeabi_dmul
                0x0000000008000568                __muldf3
                0x00000000080007bc                __divdf3
                0x00000000080007bc                __aeabi_ddiv
 .text          0x000000000800098c      0x110 c:/program files/st/stm32cubeide_1.4.0/stm32cubeide/plugins/com.st.stm32cube.ide.mcu.externaltools.gnu-tools-for-stm32.7-2018-q2-update.win32_1.4.0.202007081208/tools/bin/../lib/gcc/arm-none-eabi/7.3.1/thumb/v7e-m/fpv4-sp/hard\libgcc.a(_arm_cmpdf2.o)
                0x000000000800098c                __gtdf2
                0x000000000800098c                __gedf2
                0x0000000008000994                __ltdf2
                0x0000000008000994                __ledf2
                0x000000000800099c                __nedf2
                0x000000000800099c                __eqdf2
                0x000000000800099c                __cmpdf2
                0x0000000008000a18                __aeabi_cdrcmple
                0x0000000008000a28                __aeabi_cdcmpeq
                0x0000000008000a28                __aeabi_cdcmple
                0x0000000008000a38                __aeabi_dcmpeq
                0x0000000008000a4c                __aeabi_dcmplt
                0x0000000008000a60                __aeabi_dcmple
                0x0000000008000a74                __aeabi_dcmpge
                0x0000000008000a88                __aeabi_dcmpgt
 .text          0x0000000008000a9c       0x2c c:/program files/st/stm32cubeide_1.4.0/stm32cubeide/plugins/com.st.stm32cube.ide.mcu.externaltools.gnu-tools-for-stm32.7-2018-q2-update.win32_1.4.0.202007081208/tools/bin/../lib/gcc/arm-none-eabi/7.3.1/thumb/v7e-m/fpv4-sp/hard\libgcc.a(_arm_unorddf2.o)
                0x0000000008000a9c                __unorddf2
                0x0000000008000a9c                __aeabi_dcmpun
 .text          0x0000000008000ac8       0x50 c:/program files/st/stm32cubeide_1.4.0/stm32cubeide/plugins/com.st.stm32cube.ide.mcu.externaltools.gnu-tools-for-stm32.7-2018-q2-update.win32_1.4.0.202007081208/tools/bin/../lib/gcc/arm-none-eabi/7.3.1/thumb/v7e-m/fpv4-sp/hard\libgcc.a(_arm_fixdfsi.o)
                0x0000000008000ac8                __aeabi_d2iz
                0x0000000008000ac8                __fixdfsi
 .text          0x0000000008000b18       0xa0 c:/program files/st/stm32cubeide_1.4.0/stm32cubeide/plugins/com.st.stm32cube.ide.mcu.externaltools.gnu-tools-for-stm32.7-2018-q2-update.win32_1.4.0.202007081208/tools/bin/../lib/gcc/arm-none-eabi/7.3.1/thumb/v7e-m/fpv4-sp/hard\libgcc.a(_arm_truncdfsf2.o)
                0x0000000008000b18                __truncdfsf2
                0x0000000008000b18                __aeabi_d2f
 .text          0x0000000008000bb8       0x30 c:/program files/st/stm32cubeide_1.4.0/stm32cubeide/plugins/com.st.stm32cube.ide.mcu.externaltools.gnu-tools-for-stm32.7-2018-q2-update.win32_1.4.0.202007081208/tools/bin/../lib/gcc/arm-none-eabi/7.3.1/thumb/v7e-m/fpv4-sp/hard\libgcc.a(_aeabi_uldivmod.o)
                0x0000000008000bb8                __aeabi_uldivmod
 .text          0x0000000008000be8      0x2cc c:/program files/st/stm32cubeide_1.4.0/stm32cubeide/plugins/com.st.stm32cube.ide.mcu.externaltools.gnu-tools-for-stm32.7-2018-q2-update.win32_1.4.0.202007081208/tools/bin/../lib/gcc/arm-none-eabi/7.3.1/thumb/v7e-m/fpv4-sp/hard\libgcc.a(_udivmoddi4.o)
                0x0000000008000be8                __udivmoddi4
 .text          0x0000000008000eb4        0x4 c:/program files/st/stm32cubeide_1.4.0/stm32cubeide/plugins/com.st.stm32cube.ide.mcu.externaltools.gnu-tools-for-stm32.7-2018-q2-update.win32_1.4.0.202007081208/tools/bin/../lib/gcc/arm-none-eabi/7.3.1/thumb/v7e-m/fpv4-sp/hard\libgcc.a(_dvmd_tls.o)
                0x0000000008000eb4                __aeabi_idiv0
                0x0000000008000eb4                __aeabi_ldiv0
 *(.text*)
 .text.bargraph_output
                0x0000000008000eb8      0x108 Core/Src/bargraph.o
                0x0000000008000eb8                bargraph_output
 .text.bargraph_init
                0x0000000008000fc0       0xac Core/Src/bargraph.o
                0x0000000008000fc0                bargraph_init
 .text.bargraph_draw_soc
                0x000000000800106c       0x38 Core/Src/bargraph.o
                0x000000000800106c                bargraph_draw_soc
 .text.animate_bargraph
                0x00000000080010a4      0x240 Core/Src/bargraph.o
 .text.draw_bargraph
                0x00000000080012e4       0x90 Core/Src/bargraph.o
 .text.monitor_init
                0x0000000008001374       0x3c Core/Src/batt_monitor.o
                0x0000000008001374                monitor_init
 .text.monitor_start
                0x00000000080013b0       0x4c Core/Src/batt_monitor.o
                0x00000000080013b0                monitor_start
 *fill*         0x00000000080013fc        0x4 
 .text.v_sys_check
                0x0000000008001400       0xf4 Core/Src/batt_monitor.o
                0x0000000008001400                v_sys_check
 .text.monitor_soc_low
                0x00000000080014f4       0x4c Core/Src/batt_monitor.o
                0x00000000080014f4                monitor_soc_low
 .text.monitor_soc_crit
                0x0000000008001540       0x4c Core/Src/batt_monitor.o
                0x0000000008001540                monitor_soc_crit
 .text.monitor_read_fail
                0x000000000800158c       0x4c Core/Src/batt_monitor.o
                0x000000000800158c                monitor_read_fail
 .text.run_monitor
                0x00000000080015d8      0x294 Core/Src/batt_monitor.o
 .text.do_adc_dma
                0x000000000800186c       0x84 Core/Src/batt_monitor.o
 .text.HAL_ADC_ConvCpltCallback
                0x00000000080018f0       0x20 Core/Src/batt_monitor.o
                0x00000000080018f0                HAL_ADC_ConvCpltCallback
 .text.buzzer_init
                0x0000000008001910       0x64 Core/Src/buzzer.o
                0x0000000008001910                buzzer_init
 .text.buzz_done_init
                0x0000000008001974       0x18 Core/Src/buzzer.o
                0x0000000008001974                buzz_done_init
 .text.buzz_warn_low
                0x000000000800198c       0x18 Core/Src/buzzer.o
                0x000000000800198c                buzz_warn_low
 .text.buzz_warn_critical
                0x00000000080019a4       0x18 Core/Src/buzzer.o
                0x00000000080019a4                buzz_warn_critical
 .text.buzz_shutdown
                0x00000000080019bc       0x18 Core/Src/buzzer.o
                0x00000000080019bc                buzz_shutdown
 .text.buzzer_thread
                0x00000000080019d4       0xdc Core/Src/buzzer.o
 .text.do_buzz_boot_up
                0x0000000008001ab0       0x74 Core/Src/buzzer.o
 .text.do_buzz_done_init
                0x0000000008001b24       0x8c Core/Src/buzzer.o
 .text.do_buzz_warn_low
                0x0000000008001bb0       0x70 Core/Src/buzzer.o
 .text.do_buzz_warn_critical
                0x0000000008001c20       0x50 Core/Src/buzzer.o
 .text.do_buzz_shutdown
                0x0000000008001c70       0x74 Core/Src/buzzer.o
 .text.vApplicationStackOverflowHook
                0x0000000008001ce4       0x16 Core/Src/freertos.o
                0x0000000008001ce4                vApplicationStackOverflowHook
 *fill*         0x0000000008001cfa        0x2 
 .text.shutdown
                0x0000000008001cfc       0x28 Core/Src/main.o
                0x0000000008001cfc                shutdown
 .text.doStateMachine
                0x0000000008001d24      0x154 Core/Src/main.o
                0x0000000008001d24                doStateMachine
 .text.main     0x0000000008001e78       0x54 Core/Src/main.o
                0x0000000008001e78                main
 .text.SystemClock_Config
                0x0000000008001ecc       0xd4 Core/Src/main.o
                0x0000000008001ecc                SystemClock_Config
 .text.MX_ADC1_Init
                0x0000000008001fa0       0xa4 Core/Src/main.o
 .text.MX_TIM2_Init
                0x0000000008002044       0xec Core/Src/main.o
 .text.MX_TIM5_Init
                0x0000000008002130       0xb4 Core/Src/main.o
 .text.MX_DMA_Init
                0x00000000080021e4       0x40 Core/Src/main.o
 .text.MX_GPIO_Init
                0x0000000008002224      0x134 Core/Src/main.o
 .text.HAL_TIM_PeriodElapsedCallback
                0x0000000008002358       0x24 Core/Src/main.o
                0x0000000008002358                HAL_TIM_PeriodElapsedCallback
 .text.Error_Handler
                0x000000000800237c        0xe Core/Src/main.o
                0x000000000800237c                Error_Handler
 *fill*         0x000000000800238a        0x2 
 .text.pushbutton_init
                0x000000000800238c       0xa8 Core/Src/pushbutton.o
                0x000000000800238c                pushbutton_init
 .text.pushbutton_led_on
                0x0000000008002434       0x18 Core/Src/pushbutton.o
                0x0000000008002434                pushbutton_led_on
 .text.pushbutton_led_off
                0x000000000800244c       0x18 Core/Src/pushbutton.o
                0x000000000800244c                pushbutton_led_off
 .text.pushbutton_led_fade
                0x0000000008002464       0x18 Core/Src/pushbutton.o
                0x0000000008002464                pushbutton_led_fade
 .text.pushbutton_led_flash
                0x000000000800247c       0x18 Core/Src/pushbutton.o
                0x000000000800247c                pushbutton_led_flash
 .text.pushbutton_released
                0x0000000008002494       0x4c Core/Src/pushbutton.o
                0x0000000008002494                pushbutton_released
 .text.pushbutton_bumped
                0x00000000080024e0       0x4c Core/Src/pushbutton.o
                0x00000000080024e0                pushbutton_bumped
 .text.pushbutton_short_pressed
                0x000000000800252c       0x4c Core/Src/pushbutton.o
                0x000000000800252c                pushbutton_short_pressed
 .text.pushbutton_long_pressed
                0x0000000008002578       0x4c Core/Src/pushbutton.o
                0x0000000008002578                pushbutton_long_pressed
 .text.button_thread
                0x00000000080025c4       0xe4 Core/Src/pushbutton.o
 .text.led_thread
                0x00000000080026a8       0xc0 Core/Src/pushbutton.o
 .text.do_led_on
                0x0000000008002768       0x1c Core/Src/pushbutton.o
 .text.do_led_off
                0x0000000008002784       0x1c Core/Src/pushbutton.o
 .text.do_led_fade
                0x00000000080027a0       0x78 Core/Src/pushbutton.o
 .text.do_led_flash
                0x0000000008002818       0x28 Core/Src/pushbutton.o
 .text.HAL_MspInit
                0x0000000008002840       0x58 Core/Src/stm32f4xx_hal_msp.o
                0x0000000008002840                HAL_MspInit
 .text.HAL_ADC_MspInit
                0x0000000008002898       0xf0 Core/Src/stm32f4xx_hal_msp.o
                0x0000000008002898                HAL_ADC_MspInit
 .text.HAL_TIM_Base_MspInit
                0x0000000008002988       0x40 Core/Src/stm32f4xx_hal_msp.o
                0x0000000008002988                HAL_TIM_Base_MspInit
 .text.HAL_TIM_PWM_MspInit
                0x00000000080029c8       0x44 Core/Src/stm32f4xx_hal_msp.o
                0x00000000080029c8                HAL_TIM_PWM_MspInit
 .text.HAL_TIM_MspPostInit
                0x0000000008002a0c       0xc0 Core/Src/stm32f4xx_hal_msp.o
                0x0000000008002a0c                HAL_TIM_MspPostInit
 .text.HAL_InitTick
                0x0000000008002acc       0xb0 Core/Src/stm32f4xx_hal_timebase_tim.o
                0x0000000008002acc                HAL_InitTick
 .text.NMI_Handler
                0x0000000008002b7c        0xe Core/Src/stm32f4xx_it.o
                0x0000000008002b7c                NMI_Handler
 .text.HardFault_Handler
                0x0000000008002b8a        0x6 Core/Src/stm32f4xx_it.o
                0x0000000008002b8a                HardFault_Handler
 .text.MemManage_Handler
                0x0000000008002b90        0x6 Core/Src/stm32f4xx_it.o
                0x0000000008002b90                MemManage_Handler
 .text.BusFault_Handler
                0x0000000008002b96        0x6 Core/Src/stm32f4xx_it.o
                0x0000000008002b96                BusFault_Handler
 .text.UsageFault_Handler
                0x0000000008002b9c        0x6 Core/Src/stm32f4xx_it.o
                0x0000000008002b9c                UsageFault_Handler
 .text.DebugMon_Handler
                0x0000000008002ba2        0xe Core/Src/stm32f4xx_it.o
                0x0000000008002ba2                DebugMon_Handler
 .text.TIM1_TRG_COM_TIM11_IRQHandler
                0x0000000008002bb0       0x14 Core/Src/stm32f4xx_it.o
                0x0000000008002bb0                TIM1_TRG_COM_TIM11_IRQHandler
 .text.DMA2_Stream0_IRQHandler
                0x0000000008002bc4       0x14 Core/Src/stm32f4xx_it.o
                0x0000000008002bc4                DMA2_Stream0_IRQHandler
 .text.OTG_FS_IRQHandler
                0x0000000008002bd8       0x14 Core/Src/stm32f4xx_it.o
                0x0000000008002bd8                OTG_FS_IRQHandler
 .text._sbrk    0x0000000008002bec       0x6c Core/Src/sysmem.o
                0x0000000008002bec                _sbrk
 .text.SystemInit
                0x0000000008002c58       0x2c Core/Src/system_stm32f4xx.o
                0x0000000008002c58                SystemInit
 .text.Reset_Handler
                0x0000000008002c84       0x50 Core/Startup/startup_stm32f401retx.o
                0x0000000008002c84                Reset_Handler
 .text.Default_Handler
                0x0000000008002cd4        0x2 Core/Startup/startup_stm32f401retx.o
                0x0000000008002cd4                RTC_Alarm_IRQHandler
                0x0000000008002cd4                EXTI2_IRQHandler
                0x0000000008002cd4                SPI4_IRQHandler
                0x0000000008002cd4                TIM1_CC_IRQHandler
                0x0000000008002cd4                DMA2_Stream5_IRQHandler
                0x0000000008002cd4                DMA1_Stream5_IRQHandler
                0x0000000008002cd4                PVD_IRQHandler
                0x0000000008002cd4                SDIO_IRQHandler
                0x0000000008002cd4                TAMP_STAMP_IRQHandler
                0x0000000008002cd4                EXTI3_IRQHandler
                0x0000000008002cd4                TIM1_UP_TIM10_IRQHandler
                0x0000000008002cd4                I2C3_ER_IRQHandler
                0x0000000008002cd4                EXTI0_IRQHandler
                0x0000000008002cd4                I2C2_EV_IRQHandler
                0x0000000008002cd4                DMA1_Stream2_IRQHandler
                0x0000000008002cd4                FPU_IRQHandler
                0x0000000008002cd4                DMA2_Stream2_IRQHandler
                0x0000000008002cd4                SPI1_IRQHandler
                0x0000000008002cd4                TIM1_BRK_TIM9_IRQHandler
                0x0000000008002cd4                DMA2_Stream3_IRQHandler
                0x0000000008002cd4                USART6_IRQHandler
                0x0000000008002cd4                TIM4_IRQHandler
                0x0000000008002cd4                I2C1_EV_IRQHandler
                0x0000000008002cd4                DMA1_Stream6_IRQHandler
                0x0000000008002cd4                DMA1_Stream1_IRQHandler
                0x0000000008002cd4                TIM3_IRQHandler
                0x0000000008002cd4                RCC_IRQHandler
                0x0000000008002cd4                Default_Handler
                0x0000000008002cd4                EXTI15_10_IRQHandler
                0x0000000008002cd4                ADC_IRQHandler
                0x0000000008002cd4                DMA1_Stream7_IRQHandler
                0x0000000008002cd4                TIM5_IRQHandler
                0x0000000008002cd4                DMA2_Stream7_IRQHandler
                0x0000000008002cd4                I2C3_EV_IRQHandler
                0x0000000008002cd4                EXTI9_5_IRQHandler
                0x0000000008002cd4                RTC_WKUP_IRQHandler
                0x0000000008002cd4                SPI2_IRQHandler
                0x0000000008002cd4                DMA1_Stream0_IRQHandler
                0x0000000008002cd4                EXTI4_IRQHandler
                0x0000000008002cd4                WWDG_IRQHandler
                0x0000000008002cd4                TIM2_IRQHandler
                0x0000000008002cd4                OTG_FS_WKUP_IRQHandler
                0x0000000008002cd4                EXTI1_IRQHandler
                0x0000000008002cd4                USART2_IRQHandler
                0x0000000008002cd4                I2C2_ER_IRQHandler
                0x0000000008002cd4                DMA2_Stream1_IRQHandler
                0x0000000008002cd4                FLASH_IRQHandler
                0x0000000008002cd4                DMA2_Stream4_IRQHandler
                0x0000000008002cd4                USART1_IRQHandler
                0x0000000008002cd4                SPI3_IRQHandler
                0x0000000008002cd4                DMA1_Stream4_IRQHandler
                0x0000000008002cd4                I2C1_ER_IRQHandler
                0x0000000008002cd4                DMA2_Stream6_IRQHandler
                0x0000000008002cd4                DMA1_Stream3_IRQHandler
 *fill*         0x0000000008002cd6        0x2 
 .text.HAL_Init
                0x0000000008002cd8       0x44 Drivers/STM32F4xx_HAL_Driver/Src/stm32f4xx_hal.o
                0x0000000008002cd8                HAL_Init
 .text.HAL_DeInit
                0x0000000008002d1c       0x58 Drivers/STM32F4xx_HAL_Driver/Src/stm32f4xx_hal.o
                0x0000000008002d1c                HAL_DeInit
 .text.HAL_MspDeInit
                0x0000000008002d74        0xe Drivers/STM32F4xx_HAL_Driver/Src/stm32f4xx_hal.o
                0x0000000008002d74                HAL_MspDeInit
 *fill*         0x0000000008002d82        0x2 
 .text.HAL_IncTick
                0x0000000008002d84       0x28 Drivers/STM32F4xx_HAL_Driver/Src/stm32f4xx_hal.o
                0x0000000008002d84                HAL_IncTick
 .text.HAL_GetTick
                0x0000000008002dac       0x18 Drivers/STM32F4xx_HAL_Driver/Src/stm32f4xx_hal.o
                0x0000000008002dac                HAL_GetTick
 .text.HAL_Delay
                0x0000000008002dc4       0x44 Drivers/STM32F4xx_HAL_Driver/Src/stm32f4xx_hal.o
                0x0000000008002dc4                HAL_Delay
 .text.HAL_ADC_Init
                0x0000000008002e08       0x86 Drivers/STM32F4xx_HAL_Driver/Src/stm32f4xx_hal_adc.o
                0x0000000008002e08                HAL_ADC_Init
 *fill*         0x0000000008002e8e        0x2 
 .text.HAL_ADC_Start_DMA
                0x0000000008002e90      0x1a8 Drivers/STM32F4xx_HAL_Driver/Src/stm32f4xx_hal_adc.o
                0x0000000008002e90                HAL_ADC_Start_DMA
 .text.HAL_ADC_Stop_DMA
                0x0000000008003038       0x94 Drivers/STM32F4xx_HAL_Driver/Src/stm32f4xx_hal_adc.o
                0x0000000008003038                HAL_ADC_Stop_DMA
 .text.HAL_ADC_ConvHalfCpltCallback
                0x00000000080030cc       0x14 Drivers/STM32F4xx_HAL_Driver/Src/stm32f4xx_hal_adc.o
                0x00000000080030cc                HAL_ADC_ConvHalfCpltCallback
 .text.HAL_ADC_ErrorCallback
                0x00000000080030e0       0x14 Drivers/STM32F4xx_HAL_Driver/Src/stm32f4xx_hal_adc.o
                0x00000000080030e0                HAL_ADC_ErrorCallback
 .text.HAL_ADC_ConfigChannel
                0x00000000080030f4      0x244 Drivers/STM32F4xx_HAL_Driver/Src/stm32f4xx_hal_adc.o
                0x00000000080030f4                HAL_ADC_ConfigChannel
 .text.ADC_Init
                0x0000000008003338      0x1f8 Drivers/STM32F4xx_HAL_Driver/Src/stm32f4xx_hal_adc.o
 .text.ADC_DMAConvCplt
                0x0000000008003530       0xba Drivers/STM32F4xx_HAL_Driver/Src/stm32f4xx_hal_adc.o
 .text.ADC_DMAHalfConvCplt
                0x00000000080035ea       0x1c Drivers/STM32F4xx_HAL_Driver/Src/stm32f4xx_hal_adc.o
 .text.ADC_DMAError
                0x0000000008003606       0x2e Drivers/STM32F4xx_HAL_Driver/Src/stm32f4xx_hal_adc.o
 .text.__NVIC_SetPriorityGrouping
                0x0000000008003634       0x48 Drivers/STM32F4xx_HAL_Driver/Src/stm32f4xx_hal_cortex.o
 .text.__NVIC_GetPriorityGrouping
                0x000000000800367c       0x1c Drivers/STM32F4xx_HAL_Driver/Src/stm32f4xx_hal_cortex.o
 .text.__NVIC_EnableIRQ
                0x0000000008003698       0x3c Drivers/STM32F4xx_HAL_Driver/Src/stm32f4xx_hal_cortex.o
 .text.__NVIC_SetPriority
                0x00000000080036d4       0x54 Drivers/STM32F4xx_HAL_Driver/Src/stm32f4xx_hal_cortex.o
 .text.NVIC_EncodePriority
                0x0000000008003728       0x66 Drivers/STM32F4xx_HAL_Driver/Src/stm32f4xx_hal_cortex.o
 .text.HAL_NVIC_SetPriorityGrouping
                0x000000000800378e       0x16 Drivers/STM32F4xx_HAL_Driver/Src/stm32f4xx_hal_cortex.o
                0x000000000800378e                HAL_NVIC_SetPriorityGrouping
 .text.HAL_NVIC_SetPriority
                0x00000000080037a4       0x38 Drivers/STM32F4xx_HAL_Driver/Src/stm32f4xx_hal_cortex.o
                0x00000000080037a4                HAL_NVIC_SetPriority
 .text.HAL_NVIC_EnableIRQ
                0x00000000080037dc       0x1c Drivers/STM32F4xx_HAL_Driver/Src/stm32f4xx_hal_cortex.o
                0x00000000080037dc                HAL_NVIC_EnableIRQ
 .text.HAL_DMA_Init
                0x00000000080037f8      0x15c Drivers/STM32F4xx_HAL_Driver/Src/stm32f4xx_hal_dma.o
                0x00000000080037f8                HAL_DMA_Init
 .text.HAL_DMA_Start_IT
                0x0000000008003954       0xb0 Drivers/STM32F4xx_HAL_Driver/Src/stm32f4xx_hal_dma.o
                0x0000000008003954                HAL_DMA_Start_IT
 .text.HAL_DMA_Abort
                0x0000000008003a04       0xe0 Drivers/STM32F4xx_HAL_Driver/Src/stm32f4xx_hal_dma.o
                0x0000000008003a04                HAL_DMA_Abort
 .text.HAL_DMA_IRQHandler
                0x0000000008003ae4      0x314 Drivers/STM32F4xx_HAL_Driver/Src/stm32f4xx_hal_dma.o
                0x0000000008003ae4                HAL_DMA_IRQHandler
 .text.DMA_SetConfig
                0x0000000008003df8       0x5c Drivers/STM32F4xx_HAL_Driver/Src/stm32f4xx_hal_dma.o
 .text.DMA_CalcBaseAndBitshift
                0x0000000008003e54       0x6c Drivers/STM32F4xx_HAL_Driver/Src/stm32f4xx_hal_dma.o
 .text.DMA_CheckFifoParam
                0x0000000008003ec0       0xf4 Drivers/STM32F4xx_HAL_Driver/Src/stm32f4xx_hal_dma.o
 .text.HAL_GPIO_Init
                0x0000000008003fb4      0x304 Drivers/STM32F4xx_HAL_Driver/Src/stm32f4xx_hal_gpio.o
                0x0000000008003fb4                HAL_GPIO_Init
 .text.HAL_GPIO_ReadPin
                0x00000000080042b8       0x30 Drivers/STM32F4xx_HAL_Driver/Src/stm32f4xx_hal_gpio.o
                0x00000000080042b8                HAL_GPIO_ReadPin
 .text.HAL_GPIO_WritePin
                0x00000000080042e8       0x32 Drivers/STM32F4xx_HAL_Driver/Src/stm32f4xx_hal_gpio.o
                0x00000000080042e8                HAL_GPIO_WritePin
 .text.HAL_PCD_Init
                0x000000000800431a      0x23a Drivers/STM32F4xx_HAL_Driver/Src/stm32f4xx_hal_pcd.o
                0x000000000800431a                HAL_PCD_Init
 .text.HAL_PCD_Start
                0x0000000008004554       0x66 Drivers/STM32F4xx_HAL_Driver/Src/stm32f4xx_hal_pcd.o
                0x0000000008004554                HAL_PCD_Start
 .text.HAL_PCD_IRQHandler
                0x00000000080045ba      0x764 Drivers/STM32F4xx_HAL_Driver/Src/stm32f4xx_hal_pcd.o
                0x00000000080045ba                HAL_PCD_IRQHandler
 .text.HAL_PCD_SetAddress
                0x0000000008004d1e       0x4a Drivers/STM32F4xx_HAL_Driver/Src/stm32f4xx_hal_pcd.o
                0x0000000008004d1e                HAL_PCD_SetAddress
 .text.HAL_PCD_EP_Open
                0x0000000008004d68       0xd0 Drivers/STM32F4xx_HAL_Driver/Src/stm32f4xx_hal_pcd.o
                0x0000000008004d68                HAL_PCD_EP_Open
 .text.HAL_PCD_EP_Close
                0x0000000008004e38       0x94 Drivers/STM32F4xx_HAL_Driver/Src/stm32f4xx_hal_pcd.o
                0x0000000008004e38                HAL_PCD_EP_Close
 .text.HAL_PCD_EP_Receive
                0x0000000008004ecc       0x96 Drivers/STM32F4xx_HAL_Driver/Src/stm32f4xx_hal_pcd.o
                0x0000000008004ecc                HAL_PCD_EP_Receive
 .text.HAL_PCD_EP_GetRxCount
                0x0000000008004f62       0x30 Drivers/STM32F4xx_HAL_Driver/Src/stm32f4xx_hal_pcd.o
                0x0000000008004f62                HAL_PCD_EP_GetRxCount
 .text.HAL_PCD_EP_Transmit
                0x0000000008004f92       0x94 Drivers/STM32F4xx_HAL_Driver/Src/stm32f4xx_hal_pcd.o
                0x0000000008004f92                HAL_PCD_EP_Transmit
 .text.HAL_PCD_EP_SetStall
                0x0000000008005026       0xc8 Drivers/STM32F4xx_HAL_Driver/Src/stm32f4xx_hal_pcd.o
                0x0000000008005026                HAL_PCD_EP_SetStall
 .text.HAL_PCD_EP_ClrStall
                0x00000000080050ee       0xac Drivers/STM32F4xx_HAL_Driver/Src/stm32f4xx_hal_pcd.o
                0x00000000080050ee                HAL_PCD_EP_ClrStall
 .text.PCD_WriteEmptyTxFifo
                0x000000000800519a      0x11a Drivers/STM32F4xx_HAL_Driver/Src/stm32f4xx_hal_pcd.o
 .text.PCD_EP_OutXfrComplete_int
                0x00000000080052b4      0x218 Drivers/STM32F4xx_HAL_Driver/Src/stm32f4xx_hal_pcd.o
 .text.PCD_EP_OutSetupPacket_int
                0x00000000080054cc       0x8c Drivers/STM32F4xx_HAL_Driver/Src/stm32f4xx_hal_pcd.o
 .text.HAL_PCDEx_SetTxFiFo
                0x0000000008005558       0x8e Drivers/STM32F4xx_HAL_Driver/Src/stm32f4xx_hal_pcd_ex.o
                0x0000000008005558                HAL_PCDEx_SetTxFiFo
 .text.HAL_PCDEx_SetRxFiFo
                0x00000000080055e6       0x22 Drivers/STM32F4xx_HAL_Driver/Src/stm32f4xx_hal_pcd_ex.o
                0x00000000080055e6                HAL_PCDEx_SetRxFiFo
 .text.HAL_PCDEx_LPM_Callback
                0x0000000008005608       0x18 Drivers/STM32F4xx_HAL_Driver/Src/stm32f4xx_hal_pcd_ex.o
                0x0000000008005608                HAL_PCDEx_LPM_Callback
 .text.HAL_RCC_OscConfig
                0x0000000008005620      0x4e0 Drivers/STM32F4xx_HAL_Driver/Src/stm32f4xx_hal_rcc.o
                0x0000000008005620                HAL_RCC_OscConfig
 .text.HAL_RCC_ClockConfig
                0x0000000008005b00      0x1cc Drivers/STM32F4xx_HAL_Driver/Src/stm32f4xx_hal_rcc.o
                0x0000000008005b00                HAL_RCC_ClockConfig
 .text.HAL_RCC_GetSysClockFreq
                0x0000000008005ccc      0x1b0 Drivers/STM32F4xx_HAL_Driver/Src/stm32f4xx_hal_rcc.o
                0x0000000008005ccc                HAL_RCC_GetSysClockFreq
 .text.HAL_RCC_GetHCLKFreq
                0x0000000008005e7c       0x18 Drivers/STM32F4xx_HAL_Driver/Src/stm32f4xx_hal_rcc.o
                0x0000000008005e7c                HAL_RCC_GetHCLKFreq
 .text.HAL_RCC_GetPCLK2Freq
                0x0000000008005e94       0x28 Drivers/STM32F4xx_HAL_Driver/Src/stm32f4xx_hal_rcc.o
                0x0000000008005e94                HAL_RCC_GetPCLK2Freq
 .text.HAL_RCC_GetClockConfig
                0x0000000008005ebc       0x64 Drivers/STM32F4xx_HAL_Driver/Src/stm32f4xx_hal_rcc.o
                0x0000000008005ebc                HAL_RCC_GetClockConfig
 .text.HAL_TIM_Base_Init
                0x0000000008005f20       0x56 Drivers/STM32F4xx_HAL_Driver/Src/stm32f4xx_hal_tim.o
                0x0000000008005f20                HAL_TIM_Base_Init
 .text.HAL_TIM_Base_Start_IT
                0x0000000008005f76       0x48 Drivers/STM32F4xx_HAL_Driver/Src/stm32f4xx_hal_tim.o
                0x0000000008005f76                HAL_TIM_Base_Start_IT
 .text.HAL_TIM_OC_Init
                0x0000000008005fbe       0x56 Drivers/STM32F4xx_HAL_Driver/Src/stm32f4xx_hal_tim.o
                0x0000000008005fbe                HAL_TIM_OC_Init
 .text.HAL_TIM_OC_MspInit
                0x0000000008006014       0x14 Drivers/STM32F4xx_HAL_Driver/Src/stm32f4xx_hal_tim.o
                0x0000000008006014                HAL_TIM_OC_MspInit
 .text.HAL_TIM_OC_Start
                0x0000000008006028       0x64 Drivers/STM32F4xx_HAL_Driver/Src/stm32f4xx_hal_tim.o
                0x0000000008006028                HAL_TIM_OC_Start
 .text.HAL_TIM_OC_Stop
                0x000000000800608c       0x90 Drivers/STM32F4xx_HAL_Driver/Src/stm32f4xx_hal_tim.o
                0x000000000800608c                HAL_TIM_OC_Stop
 .text.HAL_TIM_PWM_Init
                0x000000000800611c       0x56 Drivers/STM32F4xx_HAL_Driver/Src/stm32f4xx_hal_tim.o
                0x000000000800611c                HAL_TIM_PWM_Init
 *fill*         0x0000000008006172        0x2 
 .text.HAL_TIM_PWM_Start
                0x0000000008006174       0x64 Drivers/STM32F4xx_HAL_Driver/Src/stm32f4xx_hal_tim.o
                0x0000000008006174                HAL_TIM_PWM_Start
 .text.HAL_TIM_IRQHandler
                0x00000000080061d8      0x210 Drivers/STM32F4xx_HAL_Driver/Src/stm32f4xx_hal_tim.o
                0x00000000080061d8                HAL_TIM_IRQHandler
 .text.HAL_TIM_OC_ConfigChannel
                0x00000000080063e8       0xc0 Drivers/STM32F4xx_HAL_Driver/Src/stm32f4xx_hal_tim.o
                0x00000000080063e8                HAL_TIM_OC_ConfigChannel
 .text.HAL_TIM_PWM_ConfigChannel
                0x00000000080064a8      0x18c Drivers/STM32F4xx_HAL_Driver/Src/stm32f4xx_hal_tim.o
                0x00000000080064a8                HAL_TIM_PWM_ConfigChannel
 .text.HAL_TIM_ConfigClockSource
                0x0000000008006634      0x16e Drivers/STM32F4xx_HAL_Driver/Src/stm32f4xx_hal_tim.o
                0x0000000008006634                HAL_TIM_ConfigClockSource
 .text.HAL_TIM_OC_DelayElapsedCallback
                0x00000000080067a2       0x14 Drivers/STM32F4xx_HAL_Driver/Src/stm32f4xx_hal_tim.o
                0x00000000080067a2                HAL_TIM_OC_DelayElapsedCallback
 .text.HAL_TIM_IC_CaptureCallback
                0x00000000080067b6       0x14 Drivers/STM32F4xx_HAL_Driver/Src/stm32f4xx_hal_tim.o
                0x00000000080067b6                HAL_TIM_IC_CaptureCallback
 .text.HAL_TIM_PWM_PulseFinishedCallback
                0x00000000080067ca       0x14 Drivers/STM32F4xx_HAL_Driver/Src/stm32f4xx_hal_tim.o
                0x00000000080067ca                HAL_TIM_PWM_PulseFinishedCallback
 .text.HAL_TIM_TriggerCallback
                0x00000000080067de       0x14 Drivers/STM32F4xx_HAL_Driver/Src/stm32f4xx_hal_tim.o
                0x00000000080067de                HAL_TIM_TriggerCallback
 *fill*         0x00000000080067f2        0x2 
 .text.TIM_Base_SetConfig
                0x00000000080067f4      0x100 Drivers/STM32F4xx_HAL_Driver/Src/stm32f4xx_hal_tim.o
                0x00000000080067f4                TIM_Base_SetConfig
 .text.TIM_OC1_SetConfig
                0x00000000080068f4       0xcc Drivers/STM32F4xx_HAL_Driver/Src/stm32f4xx_hal_tim.o
 .text.TIM_OC2_SetConfig
                0x00000000080069c0       0xd8 Drivers/STM32F4xx_HAL_Driver/Src/stm32f4xx_hal_tim.o
                0x00000000080069c0                TIM_OC2_SetConfig
 .text.TIM_OC3_SetConfig
                0x0000000008006a98       0xd4 Drivers/STM32F4xx_HAL_Driver/Src/stm32f4xx_hal_tim.o
 .text.TIM_OC4_SetConfig
                0x0000000008006b6c       0xa0 Drivers/STM32F4xx_HAL_Driver/Src/stm32f4xx_hal_tim.o
 .text.TIM_TI1_ConfigInputStage
                0x0000000008006c0c       0x5e Drivers/STM32F4xx_HAL_Driver/Src/stm32f4xx_hal_tim.o
 .text.TIM_TI2_ConfigInputStage
                0x0000000008006c6a       0x60 Drivers/STM32F4xx_HAL_Driver/Src/stm32f4xx_hal_tim.o
 .text.TIM_ITRx_SetConfig
                0x0000000008006cca       0x36 Drivers/STM32F4xx_HAL_Driver/Src/stm32f4xx_hal_tim.o
 .text.TIM_ETR_SetConfig
                0x0000000008006d00       0x40 Drivers/STM32F4xx_HAL_Driver/Src/stm32f4xx_hal_tim.o
                0x0000000008006d00                TIM_ETR_SetConfig
 .text.TIM_CCxChannelCmd
                0x0000000008006d40       0x4a Drivers/STM32F4xx_HAL_Driver/Src/stm32f4xx_hal_tim.o
                0x0000000008006d40                TIM_CCxChannelCmd
 *fill*         0x0000000008006d8a        0x2 
 .text.HAL_TIMEx_MasterConfigSynchronization
                0x0000000008006d8c       0xdc Drivers/STM32F4xx_HAL_Driver/Src/stm32f4xx_hal_tim_ex.o
                0x0000000008006d8c                HAL_TIMEx_MasterConfigSynchronization
 .text.HAL_TIMEx_CommutCallback
                0x0000000008006e68       0x14 Drivers/STM32F4xx_HAL_Driver/Src/stm32f4xx_hal_tim_ex.o
                0x0000000008006e68                HAL_TIMEx_CommutCallback
 .text.HAL_TIMEx_BreakCallback
                0x0000000008006e7c       0x14 Drivers/STM32F4xx_HAL_Driver/Src/stm32f4xx_hal_tim_ex.o
                0x0000000008006e7c                HAL_TIMEx_BreakCallback
 .text.USB_CoreInit
                0x0000000008006e90       0xc2 Drivers/STM32F4xx_HAL_Driver/Src/stm32f4xx_ll_usb.o
                0x0000000008006e90                USB_CoreInit
 *fill*         0x0000000008006f52        0x2 
 .text.USB_SetTurnaroundTime
                0x0000000008006f54      0x144 Drivers/STM32F4xx_HAL_Driver/Src/stm32f4xx_ll_usb.o
                0x0000000008006f54                USB_SetTurnaroundTime
 .text.USB_EnableGlobalInt
                0x0000000008007098       0x22 Drivers/STM32F4xx_HAL_Driver/Src/stm32f4xx_ll_usb.o
                0x0000000008007098                USB_EnableGlobalInt
 .text.USB_DisableGlobalInt
                0x00000000080070ba       0x22 Drivers/STM32F4xx_HAL_Driver/Src/stm32f4xx_ll_usb.o
                0x00000000080070ba                USB_DisableGlobalInt
 .text.USB_SetCurrentMode
                0x00000000080070dc       0x54 Drivers/STM32F4xx_HAL_Driver/Src/stm32f4xx_ll_usb.o
                0x00000000080070dc                USB_SetCurrentMode
 .text.USB_DevInit
                0x0000000008007130      0x2c8 Drivers/STM32F4xx_HAL_Driver/Src/stm32f4xx_ll_usb.o
                0x0000000008007130                USB_DevInit
 .text.USB_FlushTxFifo
                0x00000000080073f8       0x4c Drivers/STM32F4xx_HAL_Driver/Src/stm32f4xx_ll_usb.o
                0x00000000080073f8                USB_FlushTxFifo
 .text.USB_FlushRxFifo
                0x0000000008007444       0x44 Drivers/STM32F4xx_HAL_Driver/Src/stm32f4xx_ll_usb.o
                0x0000000008007444                USB_FlushRxFifo
 .text.USB_SetDevSpeed
                0x0000000008007488       0x32 Drivers/STM32F4xx_HAL_Driver/Src/stm32f4xx_ll_usb.o
                0x0000000008007488                USB_SetDevSpeed
 .text.USB_GetDevSpeed
                0x00000000080074ba       0x4a Drivers/STM32F4xx_HAL_Driver/Src/stm32f4xx_ll_usb.o
                0x00000000080074ba                USB_GetDevSpeed
 .text.USB_ActivateEndpoint
                0x0000000008007504      0x10e Drivers/STM32F4xx_HAL_Driver/Src/stm32f4xx_ll_usb.o
                0x0000000008007504                USB_ActivateEndpoint
 *fill*         0x0000000008007612        0x2 
 .text.USB_DeactivateEndpoint
                0x0000000008007614      0x1b8 Drivers/STM32F4xx_HAL_Driver/Src/stm32f4xx_ll_usb.o
                0x0000000008007614                USB_DeactivateEndpoint
 .text.USB_EPStartXfer
                0x00000000080077cc      0x488 Drivers/STM32F4xx_HAL_Driver/Src/stm32f4xx_ll_usb.o
                0x00000000080077cc                USB_EPStartXfer
 .text.USB_EP0StartXfer
                0x0000000008007c54      0x2a6 Drivers/STM32F4xx_HAL_Driver/Src/stm32f4xx_ll_usb.o
                0x0000000008007c54                USB_EP0StartXfer
 .text.USB_WritePacket
                0x0000000008007efa       0x6a Drivers/STM32F4xx_HAL_Driver/Src/stm32f4xx_ll_usb.o
                0x0000000008007efa                USB_WritePacket
 .text.USB_ReadPacket
                0x0000000008007f64       0x52 Drivers/STM32F4xx_HAL_Driver/Src/stm32f4xx_ll_usb.o
                0x0000000008007f64                USB_ReadPacket
 .text.USB_EPSetStall
                0x0000000008007fb6       0xdc Drivers/STM32F4xx_HAL_Driver/Src/stm32f4xx_ll_usb.o
                0x0000000008007fb6                USB_EPSetStall
 .text.USB_EPClearStall
                0x0000000008008092       0xcc Drivers/STM32F4xx_HAL_Driver/Src/stm32f4xx_ll_usb.o
                0x0000000008008092                USB_EPClearStall
 .text.USB_SetDevAddress
                0x000000000800815e       0x4c Drivers/STM32F4xx_HAL_Driver/Src/stm32f4xx_ll_usb.o
                0x000000000800815e                USB_SetDevAddress
 .text.USB_DevConnect
                0x00000000080081aa       0x42 Drivers/STM32F4xx_HAL_Driver/Src/stm32f4xx_ll_usb.o
                0x00000000080081aa                USB_DevConnect
 .text.USB_DevDisconnect
                0x00000000080081ec       0x42 Drivers/STM32F4xx_HAL_Driver/Src/stm32f4xx_ll_usb.o
                0x00000000080081ec                USB_DevDisconnect
 .text.USB_ReadInterrupts
                0x000000000800822e       0x26 Drivers/STM32F4xx_HAL_Driver/Src/stm32f4xx_ll_usb.o
                0x000000000800822e                USB_ReadInterrupts
 .text.USB_ReadDevAllOutEpInterrupt
                0x0000000008008254       0x34 Drivers/STM32F4xx_HAL_Driver/Src/stm32f4xx_ll_usb.o
                0x0000000008008254                USB_ReadDevAllOutEpInterrupt
 .text.USB_ReadDevAllInEpInterrupt
                0x0000000008008288       0x34 Drivers/STM32F4xx_HAL_Driver/Src/stm32f4xx_ll_usb.o
                0x0000000008008288                USB_ReadDevAllInEpInterrupt
 .text.USB_ReadDevOutEPInterrupt
                0x00000000080082bc       0x3c Drivers/STM32F4xx_HAL_Driver/Src/stm32f4xx_ll_usb.o
                0x00000000080082bc                USB_ReadDevOutEPInterrupt
 .text.USB_ReadDevInEPInterrupt
                0x00000000080082f8       0x5c Drivers/STM32F4xx_HAL_Driver/Src/stm32f4xx_ll_usb.o
                0x00000000080082f8                USB_ReadDevInEPInterrupt
 .text.USB_GetMode
                0x0000000008008354       0x1c Drivers/STM32F4xx_HAL_Driver/Src/stm32f4xx_ll_usb.o
                0x0000000008008354                USB_GetMode
 .text.USB_ActivateSetup
                0x0000000008008370       0x46 Drivers/STM32F4xx_HAL_Driver/Src/stm32f4xx_ll_usb.o
                0x0000000008008370                USB_ActivateSetup
 *fill*         0x00000000080083b6        0x2 
 .text.USB_EP0_OutStart
                0x00000000080083b8       0xbc Drivers/STM32F4xx_HAL_Driver/Src/stm32f4xx_ll_usb.o
                0x00000000080083b8                USB_EP0_OutStart
 .text.USB_CoreReset
                0x0000000008008474       0x68 Drivers/STM32F4xx_HAL_Driver/Src/stm32f4xx_ll_usb.o
 .text.USBD_CDC_Init
                0x00000000080084dc      0x100 Middlewares/ST/STM32_USB_Device_Library/Class/CDC/Src/usbd_cdc.o
 .text.USBD_CDC_DeInit
                0x00000000080085dc       0x78 Middlewares/ST/STM32_USB_Device_Library/Class/CDC/Src/usbd_cdc.o
 .text.USBD_CDC_Setup
                0x0000000008008654      0x178 Middlewares/ST/STM32_USB_Device_Library/Class/CDC/Src/usbd_cdc.o
 .text.USBD_CDC_DataIn
                0x00000000080087cc       0xbe Middlewares/ST/STM32_USB_Device_Library/Class/CDC/Src/usbd_cdc.o
 .text.USBD_CDC_DataOut
                0x000000000800888a       0x56 Middlewares/ST/STM32_USB_Device_Library/Class/CDC/Src/usbd_cdc.o
 .text.USBD_CDC_EP0_RxReady
                0x00000000080088e0       0x50 Middlewares/ST/STM32_USB_Device_Library/Class/CDC/Src/usbd_cdc.o
 .text.USBD_CDC_GetFSCfgDesc
                0x0000000008008930       0x20 Middlewares/ST/STM32_USB_Device_Library/Class/CDC/Src/usbd_cdc.o
 .text.USBD_CDC_GetHSCfgDesc
                0x0000000008008950       0x20 Middlewares/ST/STM32_USB_Device_Library/Class/CDC/Src/usbd_cdc.o
 .text.USBD_CDC_GetOtherSpeedCfgDesc
                0x0000000008008970       0x20 Middlewares/ST/STM32_USB_Device_Library/Class/CDC/Src/usbd_cdc.o
 .text.USBD_CDC_GetDeviceQualifierDescriptor
                0x0000000008008990       0x20 Middlewares/ST/STM32_USB_Device_Library/Class/CDC/Src/usbd_cdc.o
                0x0000000008008990                USBD_CDC_GetDeviceQualifierDescriptor
 .text.USBD_CDC_RegisterInterface
                0x00000000080089b0       0x2a Middlewares/ST/STM32_USB_Device_Library/Class/CDC/Src/usbd_cdc.o
                0x00000000080089b0                USBD_CDC_RegisterInterface
 .text.USBD_CDC_SetTxBuffer
                0x00000000080089da       0x32 Middlewares/ST/STM32_USB_Device_Library/Class/CDC/Src/usbd_cdc.o
                0x00000000080089da                USBD_CDC_SetTxBuffer
 .text.USBD_CDC_SetRxBuffer
                0x0000000008008a0c       0x28 Middlewares/ST/STM32_USB_Device_Library/Class/CDC/Src/usbd_cdc.o
                0x0000000008008a0c                USBD_CDC_SetRxBuffer
 .text.USBD_CDC_ReceivePacket
                0x0000000008008a34       0x54 Middlewares/ST/STM32_USB_Device_Library/Class/CDC/Src/usbd_cdc.o
                0x0000000008008a34                USBD_CDC_ReceivePacket
 .text.USBD_Init
                0x0000000008008a88       0x6c Middlewares/ST/STM32_USB_Device_Library/Core/Src/usbd_core.o
                0x0000000008008a88                USBD_Init
 .text.USBD_RegisterClass
                0x0000000008008af4       0x42 Middlewares/ST/STM32_USB_Device_Library/Core/Src/usbd_core.o
                0x0000000008008af4                USBD_RegisterClass
 .text.USBD_Start
                0x0000000008008b36       0x18 Middlewares/ST/STM32_USB_Device_Library/Core/Src/usbd_core.o
                0x0000000008008b36                USBD_Start
 .text.USBD_RunTestMode
                0x0000000008008b4e       0x16 Middlewares/ST/STM32_USB_Device_Library/Core/Src/usbd_core.o
                0x0000000008008b4e                USBD_RunTestMode
 .text.USBD_SetClassConfig
                0x0000000008008b64       0x38 Middlewares/ST/STM32_USB_Device_Library/Core/Src/usbd_core.o
                0x0000000008008b64                USBD_SetClassConfig
 .text.USBD_ClrClassConfig
                0x0000000008008b9c       0x30 Middlewares/ST/STM32_USB_Device_Library/Core/Src/usbd_core.o
                0x0000000008008b9c                USBD_ClrClassConfig
 .text.USBD_LL_SetupStage
                0x0000000008008bcc       0xa6 Middlewares/ST/STM32_USB_Device_Library/Core/Src/usbd_core.o
                0x0000000008008bcc                USBD_LL_SetupStage
 .text.USBD_LL_DataOutStage
                0x0000000008008c72       0xc6 Middlewares/ST/STM32_USB_Device_Library/Core/Src/usbd_core.o
                0x0000000008008c72                USBD_LL_DataOutStage
 .text.USBD_LL_DataInStage
                0x0000000008008d38      0x12c Middlewares/ST/STM32_USB_Device_Library/Core/Src/usbd_core.o
                0x0000000008008d38                USBD_LL_DataInStage
 .text.USBD_LL_Reset
                0x0000000008008e64       0x82 Middlewares/ST/STM32_USB_Device_Library/Core/Src/usbd_core.o
                0x0000000008008e64                USBD_LL_Reset
 .text.USBD_LL_SetSpeed
                0x0000000008008ee6       0x20 Middlewares/ST/STM32_USB_Device_Library/Core/Src/usbd_core.o
                0x0000000008008ee6                USBD_LL_SetSpeed
 .text.USBD_LL_Suspend
                0x0000000008008f06       0x2a Middlewares/ST/STM32_USB_Device_Library/Core/Src/usbd_core.o
                0x0000000008008f06                USBD_LL_Suspend
 .text.USBD_LL_Resume
                0x0000000008008f30       0x2c Middlewares/ST/STM32_USB_Device_Library/Core/Src/usbd_core.o
                0x0000000008008f30                USBD_LL_Resume
 .text.USBD_LL_SOF
                0x0000000008008f5c       0x34 Middlewares/ST/STM32_USB_Device_Library/Core/Src/usbd_core.o
                0x0000000008008f5c                USBD_LL_SOF
 .text.USBD_LL_IsoINIncomplete
                0x0000000008008f90       0x1a Middlewares/ST/STM32_USB_Device_Library/Core/Src/usbd_core.o
                0x0000000008008f90                USBD_LL_IsoINIncomplete
 .text.USBD_LL_IsoOUTIncomplete
                0x0000000008008faa       0x1a Middlewares/ST/STM32_USB_Device_Library/Core/Src/usbd_core.o
                0x0000000008008faa                USBD_LL_IsoOUTIncomplete
 .text.USBD_LL_DevConnected
                0x0000000008008fc4       0x16 Middlewares/ST/STM32_USB_Device_Library/Core/Src/usbd_core.o
                0x0000000008008fc4                USBD_LL_DevConnected
 .text.USBD_LL_DevDisconnected
                0x0000000008008fda       0x38 Middlewares/ST/STM32_USB_Device_Library/Core/Src/usbd_core.o
                0x0000000008008fda                USBD_LL_DevDisconnected
 .text.SWAPBYTE
                0x0000000008009012       0x3c Middlewares/ST/STM32_USB_Device_Library/Core/Src/usbd_ctlreq.o
 *fill*         0x000000000800904e        0x2 
 .text.USBD_StdDevReq
                0x0000000008009050       0xdc Middlewares/ST/STM32_USB_Device_Library/Core/Src/usbd_ctlreq.o
                0x0000000008009050                USBD_StdDevReq
 .text.USBD_StdItfReq
                0x000000000800912c       0x8c Middlewares/ST/STM32_USB_Device_Library/Core/Src/usbd_ctlreq.o
                0x000000000800912c                USBD_StdItfReq
 .text.USBD_StdEPReq
                0x00000000080091b8      0x2aa Middlewares/ST/STM32_USB_Device_Library/Core/Src/usbd_ctlreq.o
                0x00000000080091b8                USBD_StdEPReq
 *fill*         0x0000000008009462        0x2 
 .text.USBD_GetDescriptor
                0x0000000008009464      0x2d4 Middlewares/ST/STM32_USB_Device_Library/Core/Src/usbd_ctlreq.o
 .text.USBD_SetAddress
                0x0000000008009738       0x84 Middlewares/ST/STM32_USB_Device_Library/Core/Src/usbd_ctlreq.o
 .text.USBD_SetConfig
                0x00000000080097bc      0x148 Middlewares/ST/STM32_USB_Device_Library/Core/Src/usbd_ctlreq.o
 .text.USBD_GetConfig
                0x0000000008009904       0x68 Middlewares/ST/STM32_USB_Device_Library/Core/Src/usbd_ctlreq.o
 .text.USBD_GetStatus
                0x000000000800996c       0x66 Middlewares/ST/STM32_USB_Device_Library/Core/Src/usbd_ctlreq.o
 .text.USBD_SetFeature
                0x00000000080099d2       0x28 Middlewares/ST/STM32_USB_Device_Library/Core/Src/usbd_ctlreq.o
 .text.USBD_ClrFeature
                0x00000000080099fa       0x42 Middlewares/ST/STM32_USB_Device_Library/Core/Src/usbd_ctlreq.o
 .text.USBD_ParseSetupRequest
                0x0000000008009a3c       0x74 Middlewares/ST/STM32_USB_Device_Library/Core/Src/usbd_ctlreq.o
                0x0000000008009a3c                USBD_ParseSetupRequest
 .text.USBD_CtlError
                0x0000000008009ab0       0x22 Middlewares/ST/STM32_USB_Device_Library/Core/Src/usbd_ctlreq.o
                0x0000000008009ab0                USBD_CtlError
 .text.USBD_GetString
                0x0000000008009ad2       0x8c Middlewares/ST/STM32_USB_Device_Library/Core/Src/usbd_ctlreq.o
                0x0000000008009ad2                USBD_GetString
 .text.USBD_GetLen
                0x0000000008009b5e       0x34 Middlewares/ST/STM32_USB_Device_Library/Core/Src/usbd_ctlreq.o
 .text.USBD_CtlSendData
                0x0000000008009b92       0x36 Middlewares/ST/STM32_USB_Device_Library/Core/Src/usbd_ioreq.o
                0x0000000008009b92                USBD_CtlSendData
 .text.USBD_CtlContinueSendData
                0x0000000008009bc8       0x22 Middlewares/ST/STM32_USB_Device_Library/Core/Src/usbd_ioreq.o
                0x0000000008009bc8                USBD_CtlContinueSendData
 .text.USBD_CtlPrepareRx
                0x0000000008009bea       0x3a Middlewares/ST/STM32_USB_Device_Library/Core/Src/usbd_ioreq.o
                0x0000000008009bea                USBD_CtlPrepareRx
 .text.USBD_CtlContinueRx
                0x0000000008009c24       0x22 Middlewares/ST/STM32_USB_Device_Library/Core/Src/usbd_ioreq.o
                0x0000000008009c24                USBD_CtlContinueRx
 .text.USBD_CtlSendStatus
                0x0000000008009c46       0x26 Middlewares/ST/STM32_USB_Device_Library/Core/Src/usbd_ioreq.o
                0x0000000008009c46                USBD_CtlSendStatus
 .text.USBD_CtlReceiveStatus
                0x0000000008009c6c       0x26 Middlewares/ST/STM32_USB_Device_Library/Core/Src/usbd_ioreq.o
                0x0000000008009c6c                USBD_CtlReceiveStatus
 .text.SVC_Setup
                0x0000000008009c92        0xe Middlewares/Third_Party/FreeRTOS/Source/CMSIS_RTOS_V2/cmsis_os2.o
 .text.osKernelInitialize
                0x0000000008009ca0       0x68 Middlewares/Third_Party/FreeRTOS/Source/CMSIS_RTOS_V2/cmsis_os2.o
                0x0000000008009ca0                osKernelInitialize
 .text.osKernelStart
                0x0000000008009d08       0x6c Middlewares/Third_Party/FreeRTOS/Source/CMSIS_RTOS_V2/cmsis_os2.o
                0x0000000008009d08                osKernelStart
 .text.osThreadNew
                0x0000000008009d74      0x14c Middlewares/Third_Party/FreeRTOS/Source/CMSIS_RTOS_V2/cmsis_os2.o
                0x0000000008009d74                osThreadNew
 .text.osThreadSuspend
                0x0000000008009ec0       0x68 Middlewares/Third_Party/FreeRTOS/Source/CMSIS_RTOS_V2/cmsis_os2.o
                0x0000000008009ec0                osThreadSuspend
 .text.osThreadResume
                0x0000000008009f28       0x68 Middlewares/Third_Party/FreeRTOS/Source/CMSIS_RTOS_V2/cmsis_os2.o
                0x0000000008009f28                osThreadResume
 .text.osDelay  0x0000000008009f90       0x5c Middlewares/Third_Party/FreeRTOS/Source/CMSIS_RTOS_V2/cmsis_os2.o
                0x0000000008009f90                osDelay
 .text.osEventFlagsNew
                0x0000000008009fec       0xa4 Middlewares/Third_Party/FreeRTOS/Source/CMSIS_RTOS_V2/cmsis_os2.o
                0x0000000008009fec                osEventFlagsNew
 .text.osEventFlagsSet
                0x000000000800a090       0xb0 Middlewares/Third_Party/FreeRTOS/Source/CMSIS_RTOS_V2/cmsis_os2.o
                0x000000000800a090                osEventFlagsSet
 .text.osEventFlagsClear
                0x000000000800a140       0x88 Middlewares/Third_Party/FreeRTOS/Source/CMSIS_RTOS_V2/cmsis_os2.o
                0x000000000800a140                osEventFlagsClear
 .text.osEventFlagsGet
                0x000000000800a1c8       0x68 Middlewares/Third_Party/FreeRTOS/Source/CMSIS_RTOS_V2/cmsis_os2.o
                0x000000000800a1c8                osEventFlagsGet
 .text.osEventFlagsWait
                0x000000000800a230       0xec Middlewares/Third_Party/FreeRTOS/Source/CMSIS_RTOS_V2/cmsis_os2.o
                0x000000000800a230                osEventFlagsWait
 .text.osMessageQueueNew
                0x000000000800a31c      0x10c Middlewares/Third_Party/FreeRTOS/Source/CMSIS_RTOS_V2/cmsis_os2.o
                0x000000000800a31c                osMessageQueueNew
 .text.osMessageQueuePut
                0x000000000800a428       0xe8 Middlewares/Third_Party/FreeRTOS/Source/CMSIS_RTOS_V2/cmsis_os2.o
                0x000000000800a428                osMessageQueuePut
 .text.osMessageQueueGet
                0x000000000800a510       0xe4 Middlewares/Third_Party/FreeRTOS/Source/CMSIS_RTOS_V2/cmsis_os2.o
                0x000000000800a510                osMessageQueueGet
 .text.osMessageQueueGetCount
                0x000000000800a5f4       0x64 Middlewares/Third_Party/FreeRTOS/Source/CMSIS_RTOS_V2/cmsis_os2.o
                0x000000000800a5f4                osMessageQueueGetCount
 .text.osMessageQueueReset
                0x000000000800a658       0x68 Middlewares/Third_Party/FreeRTOS/Source/CMSIS_RTOS_V2/cmsis_os2.o
                0x000000000800a658                osMessageQueueReset
 .text.vApplicationGetIdleTaskMemory
                0x000000000800a6c0       0x34 Middlewares/Third_Party/FreeRTOS/Source/CMSIS_RTOS_V2/cmsis_os2.o
                0x000000000800a6c0                vApplicationGetIdleTaskMemory
 .text.vApplicationGetTimerTaskMemory
                0x000000000800a6f4       0x34 Middlewares/Third_Party/FreeRTOS/Source/CMSIS_RTOS_V2/cmsis_os2.o
                0x000000000800a6f4                vApplicationGetTimerTaskMemory
 .text.xEventGroupCreateStatic
                0x000000000800a728       0x6a Middlewares/Third_Party/FreeRTOS/Source/event_groups.o
                0x000000000800a728                xEventGroupCreateStatic
 .text.xEventGroupCreate
                0x000000000800a792       0x34 Middlewares/Third_Party/FreeRTOS/Source/event_groups.o
                0x000000000800a792                xEventGroupCreate
 *fill*         0x000000000800a7c6        0x2 
 .text.xEventGroupWaitBits
                0x000000000800a7c8      0x194 Middlewares/Third_Party/FreeRTOS/Source/event_groups.o
                0x000000000800a7c8                xEventGroupWaitBits
 .text.xEventGroupClearBits
                0x000000000800a95c       0x6c Middlewares/Third_Party/FreeRTOS/Source/event_groups.o
                0x000000000800a95c                xEventGroupClearBits
 .text.xEventGroupClearBitsFromISR
                0x000000000800a9c8       0x28 Middlewares/Third_Party/FreeRTOS/Source/event_groups.o
                0x000000000800a9c8                xEventGroupClearBitsFromISR
 .text.xEventGroupGetBitsFromISR
                0x000000000800a9f0       0x46 Middlewares/Third_Party/FreeRTOS/Source/event_groups.o
                0x000000000800a9f0                xEventGroupGetBitsFromISR
 .text.xEventGroupSetBits
                0x000000000800aa36      0x112 Middlewares/Third_Party/FreeRTOS/Source/event_groups.o
                0x000000000800aa36                xEventGroupSetBits
 .text.vEventGroupSetBitsCallback
                0x000000000800ab48       0x1a Middlewares/Third_Party/FreeRTOS/Source/event_groups.o
                0x000000000800ab48                vEventGroupSetBitsCallback
 .text.vEventGroupClearBitsCallback
                0x000000000800ab62       0x1a Middlewares/Third_Party/FreeRTOS/Source/event_groups.o
                0x000000000800ab62                vEventGroupClearBitsCallback
 .text.prvTestWaitCondition
                0x000000000800ab7c       0x44 Middlewares/Third_Party/FreeRTOS/Source/event_groups.o
 .text.xEventGroupSetBitsFromISR
                0x000000000800abc0       0x28 Middlewares/Third_Party/FreeRTOS/Source/event_groups.o
                0x000000000800abc0                xEventGroupSetBitsFromISR
 .text.vListInitialise
                0x000000000800abe8       0x40 Middlewares/Third_Party/FreeRTOS/Source/list.o
                0x000000000800abe8                vListInitialise
 .text.vListInitialiseItem
                0x000000000800ac28       0x1a Middlewares/Third_Party/FreeRTOS/Source/list.o
                0x000000000800ac28                vListInitialiseItem
 .text.vListInsertEnd
                0x000000000800ac42       0x48 Middlewares/Third_Party/FreeRTOS/Source/list.o
                0x000000000800ac42                vListInsertEnd
 .text.vListInsert
                0x000000000800ac8a       0x72 Middlewares/Third_Party/FreeRTOS/Source/list.o
                0x000000000800ac8a                vListInsert
 .text.uxListRemove
                0x000000000800acfc       0x54 Middlewares/Third_Party/FreeRTOS/Source/list.o
                0x000000000800acfc                uxListRemove
 .text.xQueueGenericReset
                0x000000000800ad50       0xd0 Middlewares/Third_Party/FreeRTOS/Source/queue.o
                0x000000000800ad50                xQueueGenericReset
 .text.xQueueGenericCreateStatic
                0x000000000800ae20       0xe6 Middlewares/Third_Party/FreeRTOS/Source/queue.o
                0x000000000800ae20                xQueueGenericCreateStatic
 .text.xQueueGenericCreate
                0x000000000800af06       0x7e Middlewares/Third_Party/FreeRTOS/Source/queue.o
                0x000000000800af06                xQueueGenericCreate
 .text.prvInitialiseNewQueue
                0x000000000800af84       0x46 Middlewares/Third_Party/FreeRTOS/Source/queue.o
 *fill*         0x000000000800afca        0x2 
 .text.xQueueGenericSend
                0x000000000800afcc      0x1f4 Middlewares/Third_Party/FreeRTOS/Source/queue.o
                0x000000000800afcc                xQueueGenericSend
 .text.xQueueGenericSendFromISR
                0x000000000800b1c0      0x128 Middlewares/Third_Party/FreeRTOS/Source/queue.o
                0x000000000800b1c0                xQueueGenericSendFromISR
 .text.xQueueReceive
                0x000000000800b2e8      0x1b8 Middlewares/Third_Party/FreeRTOS/Source/queue.o
                0x000000000800b2e8                xQueueReceive
 .text.xQueueReceiveFromISR
                0x000000000800b4a0       0xfa Middlewares/Third_Party/FreeRTOS/Source/queue.o
                0x000000000800b4a0                xQueueReceiveFromISR
 .text.uxQueueMessagesWaiting
                0x000000000800b59a       0x3a Middlewares/Third_Party/FreeRTOS/Source/queue.o
                0x000000000800b59a                uxQueueMessagesWaiting
 .text.uxQueueMessagesWaitingFromISR
                0x000000000800b5d4       0x3a Middlewares/Third_Party/FreeRTOS/Source/queue.o
                0x000000000800b5d4                uxQueueMessagesWaitingFromISR
 .text.prvCopyDataToQueue
                0x000000000800b60e       0xd4 Middlewares/Third_Party/FreeRTOS/Source/queue.o
 .text.prvCopyDataFromQueue
                0x000000000800b6e2       0x4c Middlewares/Third_Party/FreeRTOS/Source/queue.o
 .text.prvUnlockQueue
                0x000000000800b72e       0xa4 Middlewares/Third_Party/FreeRTOS/Source/queue.o
 .text.prvIsQueueEmpty
                0x000000000800b7d2       0x2c Middlewares/Third_Party/FreeRTOS/Source/queue.o
 .text.prvIsQueueFull
                0x000000000800b7fe       0x30 Middlewares/Third_Party/FreeRTOS/Source/queue.o
 *fill*         0x000000000800b82e        0x2 
 .text.vQueueAddToRegistry
                0x000000000800b830       0x50 Middlewares/Third_Party/FreeRTOS/Source/queue.o
                0x000000000800b830                vQueueAddToRegistry
 .text.vQueueWaitForMessageRestricted
                0x000000000800b880       0x68 Middlewares/Third_Party/FreeRTOS/Source/queue.o
                0x000000000800b880                vQueueWaitForMessageRestricted
 .text.xTaskCreateStatic
                0x000000000800b8e8       0xb4 Middlewares/Third_Party/FreeRTOS/Source/tasks.o
                0x000000000800b8e8                xTaskCreateStatic
 .text.xTaskCreate
                0x000000000800b99c       0x8a Middlewares/Third_Party/FreeRTOS/Source/tasks.o
                0x000000000800b99c                xTaskCreate
 .text.prvInitialiseNewTask
                0x000000000800ba26      0x122 Middlewares/Third_Party/FreeRTOS/Source/tasks.o
 .text.prvAddNewTaskToReadyList
                0x000000000800bb48       0xe0 Middlewares/Third_Party/FreeRTOS/Source/tasks.o
 .text.vTaskDelay
                0x000000000800bc28       0x68 Middlewares/Third_Party/FreeRTOS/Source/tasks.o
                0x000000000800bc28                vTaskDelay
 .text.vTaskSuspend
                0x000000000800bc90       0xe8 Middlewares/Third_Party/FreeRTOS/Source/tasks.o
                0x000000000800bc90                vTaskSuspend
 .text.prvTaskIsTaskSuspended
                0x000000000800bd78       0x60 Middlewares/Third_Party/FreeRTOS/Source/tasks.o
 .text.vTaskResume
                0x000000000800bdd8       0xbc Middlewares/Third_Party/FreeRTOS/Source/tasks.o
                0x000000000800bdd8                vTaskResume
 .text.vTaskStartScheduler
                0x000000000800be94       0xc8 Middlewares/Third_Party/FreeRTOS/Source/tasks.o
                0x000000000800be94                vTaskStartScheduler
 .text.vTaskSuspendAll
                0x000000000800bf5c       0x1c Middlewares/Third_Party/FreeRTOS/Source/tasks.o
                0x000000000800bf5c                vTaskSuspendAll
 .text.xTaskResumeAll
                0x000000000800bf78      0x138 Middlewares/Third_Party/FreeRTOS/Source/tasks.o
                0x000000000800bf78                xTaskResumeAll
 .text.xTaskGetTickCount
                0x000000000800c0b0       0x20 Middlewares/Third_Party/FreeRTOS/Source/tasks.o
                0x000000000800c0b0                xTaskGetTickCount
 .text.xTaskIncrementTick
                0x000000000800c0d0      0x170 Middlewares/Third_Party/FreeRTOS/Source/tasks.o
                0x000000000800c0d0                xTaskIncrementTick
 .text.vTaskSwitchContext
                0x000000000800c240      0x104 Middlewares/Third_Party/FreeRTOS/Source/tasks.o
                0x000000000800c240                vTaskSwitchContext
 .text.vTaskPlaceOnEventList
                0x000000000800c344       0x48 Middlewares/Third_Party/FreeRTOS/Source/tasks.o
                0x000000000800c344                vTaskPlaceOnEventList
 .text.vTaskPlaceOnUnorderedEventList
                0x000000000800c38c       0x74 Middlewares/Third_Party/FreeRTOS/Source/tasks.o
                0x000000000800c38c                vTaskPlaceOnUnorderedEventList
 .text.vTaskPlaceOnEventListRestricted
                0x000000000800c400       0x54 Middlewares/Third_Party/FreeRTOS/Source/tasks.o
                0x000000000800c400                vTaskPlaceOnEventListRestricted
 .text.xTaskRemoveFromEventList
                0x000000000800c454       0xc4 Middlewares/Third_Party/FreeRTOS/Source/tasks.o
                0x000000000800c454                xTaskRemoveFromEventList
 .text.vTaskRemoveFromUnorderedEventList
                0x000000000800c518       0xc0 Middlewares/Third_Party/FreeRTOS/Source/tasks.o
                0x000000000800c518                vTaskRemoveFromUnorderedEventList
 .text.vTaskInternalSetTimeOutState
                0x000000000800c5d8       0x2c Middlewares/Third_Party/FreeRTOS/Source/tasks.o
                0x000000000800c5d8                vTaskInternalSetTimeOutState
 .text.xTaskCheckForTimeOut
                0x000000000800c604       0xc0 Middlewares/Third_Party/FreeRTOS/Source/tasks.o
                0x000000000800c604                xTaskCheckForTimeOut
 .text.vTaskMissedYield
                0x000000000800c6c4       0x18 Middlewares/Third_Party/FreeRTOS/Source/tasks.o
                0x000000000800c6c4                vTaskMissedYield
 .text.prvIdleTask
                0x000000000800c6dc       0x30 Middlewares/Third_Party/FreeRTOS/Source/tasks.o
 .text.prvInitialiseTaskLists
                0x000000000800c70c       0x80 Middlewares/Third_Party/FreeRTOS/Source/tasks.o
 .text.prvCheckTasksWaitingTermination
                0x000000000800c78c       0x58 Middlewares/Third_Party/FreeRTOS/Source/tasks.o
 .text.prvDeleteTCB
                0x000000000800c7e4       0x5c Middlewares/Third_Party/FreeRTOS/Source/tasks.o
 .text.prvResetNextTaskUnblockTime
                0x000000000800c840       0x40 Middlewares/Third_Party/FreeRTOS/Source/tasks.o
 .text.xTaskGetSchedulerState
                0x000000000800c880       0x3c Middlewares/Third_Party/FreeRTOS/Source/tasks.o
                0x000000000800c880                xTaskGetSchedulerState
 .text.xTaskPriorityDisinherit
                0x000000000800c8bc       0xd8 Middlewares/Third_Party/FreeRTOS/Source/tasks.o
                0x000000000800c8bc                xTaskPriorityDisinherit
 .text.uxTaskResetEventItemValue
                0x000000000800c994       0x30 Middlewares/Third_Party/FreeRTOS/Source/tasks.o
                0x000000000800c994                uxTaskResetEventItemValue
 .text.prvAddCurrentTaskToDelayedList
                0x000000000800c9c4       0xa8 Middlewares/Third_Party/FreeRTOS/Source/tasks.o
 .text.xTimerCreateTimerTask
                0x000000000800ca6c       0x90 Middlewares/Third_Party/FreeRTOS/Source/timers.o
                0x000000000800ca6c                xTimerCreateTimerTask
 .text.xTimerGenericCommand
                0x000000000800cafc       0x98 Middlewares/Third_Party/FreeRTOS/Source/timers.o
                0x000000000800cafc                xTimerGenericCommand
 .text.prvProcessExpiredTimer
                0x000000000800cb94       0x98 Middlewares/Third_Party/FreeRTOS/Source/timers.o
 .text.prvTimerTask
                0x000000000800cc2c       0x24 Middlewares/Third_Party/FreeRTOS/Source/timers.o
 .text.prvProcessTimerOrBlockTask
                0x000000000800cc50       0x9c Middlewares/Third_Party/FreeRTOS/Source/timers.o
 .text.prvGetNextExpireTime
                0x000000000800ccec       0x48 Middlewares/Third_Party/FreeRTOS/Source/timers.o
 .text.prvSampleTimeNow
                0x000000000800cd34       0x40 Middlewares/Third_Party/FreeRTOS/Source/timers.o
 .text.prvInsertTimerInActiveList
                0x000000000800cd74       0x84 Middlewares/Third_Party/FreeRTOS/Source/timers.o
 .text.prvProcessReceivedCommands
                0x000000000800cdf8      0x1b8 Middlewares/Third_Party/FreeRTOS/Source/timers.o
 .text.prvSwitchTimerLists
                0x000000000800cfb0       0xc8 Middlewares/Third_Party/FreeRTOS/Source/timers.o
 .text.prvCheckForValidListAndQueue
                0x000000000800d078       0x80 Middlewares/Third_Party/FreeRTOS/Source/timers.o
 .text.xTimerPendFunctionCallFromISR
                0x000000000800d0f8       0x40 Middlewares/Third_Party/FreeRTOS/Source/timers.o
                0x000000000800d0f8                xTimerPendFunctionCallFromISR
 .text.pxPortInitialiseStack
                0x000000000800d138       0x68 Middlewares/Third_Party/FreeRTOS/Source/portable/GCC/ARM_CM4F/port.o
                0x000000000800d138                pxPortInitialiseStack
 .text.prvTaskExitError
                0x000000000800d1a0       0x54 Middlewares/Third_Party/FreeRTOS/Source/portable/GCC/ARM_CM4F/port.o
 *fill*         0x000000000800d1f4        0xc 
 .text.SVC_Handler
                0x000000000800d200       0x28 Middlewares/Third_Party/FreeRTOS/Source/portable/GCC/ARM_CM4F/port.o
                0x000000000800d200                SVC_Handler
 .text.prvPortStartFirstTask
                0x000000000800d228       0x28 Middlewares/Third_Party/FreeRTOS/Source/portable/GCC/ARM_CM4F/port.o
 .text.xPortStartScheduler
                0x000000000800d250      0x13c Middlewares/Third_Party/FreeRTOS/Source/portable/GCC/ARM_CM4F/port.o
                0x000000000800d250                xPortStartScheduler
 .text.vPortEnterCritical
                0x000000000800d38c       0x5c Middlewares/Third_Party/FreeRTOS/Source/portable/GCC/ARM_CM4F/port.o
                0x000000000800d38c                vPortEnterCritical
 .text.vPortExitCritical
                0x000000000800d3e8       0x50 Middlewares/Third_Party/FreeRTOS/Source/portable/GCC/ARM_CM4F/port.o
                0x000000000800d3e8                vPortExitCritical
 *fill*         0x000000000800d438        0x8 
 .text.PendSV_Handler
                0x000000000800d440       0x68 Middlewares/Third_Party/FreeRTOS/Source/portable/GCC/ARM_CM4F/port.o
                0x000000000800d440                PendSV_Handler
 .text.SysTick_Handler
                0x000000000800d4a8       0x40 Middlewares/Third_Party/FreeRTOS/Source/portable/GCC/ARM_CM4F/port.o
                0x000000000800d4a8                SysTick_Handler
 .text.vPortSetupTimerInterrupt
                0x000000000800d4e8       0x48 Middlewares/Third_Party/FreeRTOS/Source/portable/GCC/ARM_CM4F/port.o
                0x000000000800d4e8                vPortSetupTimerInterrupt
 .text.vPortEnableVFP
                0x000000000800d530       0x14 Middlewares/Third_Party/FreeRTOS/Source/portable/GCC/ARM_CM4F/port.o
 .text.vPortValidateInterruptPriority
                0x000000000800d544       0x7c Middlewares/Third_Party/FreeRTOS/Source/portable/GCC/ARM_CM4F/port.o
                0x000000000800d544                vPortValidateInterruptPriority
 .text.pvPortMalloc
                0x000000000800d5c0      0x184 Middlewares/Third_Party/FreeRTOS/Source/portable/MemMang/heap_4.o
                0x000000000800d5c0                pvPortMalloc
 .text.vPortFree
                0x000000000800d744       0xb0 Middlewares/Third_Party/FreeRTOS/Source/portable/MemMang/heap_4.o
                0x000000000800d744                vPortFree
 .text.prvHeapInit
                0x000000000800d7f4       0xc4 Middlewares/Third_Party/FreeRTOS/Source/portable/MemMang/heap_4.o
 .text.prvInsertBlockIntoFreeList
                0x000000000800d8b8       0xb4 Middlewares/Third_Party/FreeRTOS/Source/portable/MemMang/heap_4.o
 .text.MX_USB_DEVICE_Init
                0x000000000800d96c       0x60 USB_DEVICE/App/usb_device.o
                0x000000000800d96c                MX_USB_DEVICE_Init
 .text.CDC_Init_FS
                0x000000000800d9cc       0x28 USB_DEVICE/App/usbd_cdc_if.o
 .text.CDC_DeInit_FS
                0x000000000800d9f4       0x10 USB_DEVICE/App/usbd_cdc_if.o
 .text.CDC_Control_FS
                0x000000000800da04       0xbc USB_DEVICE/App/usbd_cdc_if.o
 .text.CDC_Receive_FS
                0x000000000800dac0       0x28 USB_DEVICE/App/usbd_cdc_if.o
 .text.CDC_TransmitCplt_FS
                0x000000000800dae8       0x22 USB_DEVICE/App/usbd_cdc_if.o
 *fill*         0x000000000800db0a        0x2 
 .text.USBD_FS_DeviceDescriptor
                0x000000000800db0c       0x24 USB_DEVICE/App/usbd_desc.o
                0x000000000800db0c                USBD_FS_DeviceDescriptor
 .text.USBD_FS_LangIDStrDescriptor
                0x000000000800db30       0x24 USB_DEVICE/App/usbd_desc.o
                0x000000000800db30                USBD_FS_LangIDStrDescriptor
 .text.USBD_FS_ProductStrDescriptor
                0x000000000800db54       0x3c USB_DEVICE/App/usbd_desc.o
                0x000000000800db54                USBD_FS_ProductStrDescriptor
 .text.USBD_FS_ManufacturerStrDescriptor
                0x000000000800db90       0x28 USB_DEVICE/App/usbd_desc.o
                0x000000000800db90                USBD_FS_ManufacturerStrDescriptor
 .text.USBD_FS_SerialStrDescriptor
                0x000000000800dbb8       0x24 USB_DEVICE/App/usbd_desc.o
                0x000000000800dbb8                USBD_FS_SerialStrDescriptor
 .text.USBD_FS_ConfigStrDescriptor
                0x000000000800dbdc       0x3c USB_DEVICE/App/usbd_desc.o
                0x000000000800dbdc                USBD_FS_ConfigStrDescriptor
 .text.USBD_FS_InterfaceStrDescriptor
                0x000000000800dc18       0x3c USB_DEVICE/App/usbd_desc.o
                0x000000000800dc18                USBD_FS_InterfaceStrDescriptor
 .text.Get_SerialNum
                0x000000000800dc54       0x58 USB_DEVICE/App/usbd_desc.o
 .text.IntToUnicode
                0x000000000800dcac       0x7c USB_DEVICE/App/usbd_desc.o
 .text.HAL_PCD_MspInit
                0x000000000800dd28       0xa8 USB_DEVICE/Target/usbd_conf.o
                0x000000000800dd28                HAL_PCD_MspInit
 .text.HAL_PCD_SetupStageCallback
                0x000000000800ddd0       0x24 USB_DEVICE/Target/usbd_conf.o
                0x000000000800ddd0                HAL_PCD_SetupStageCallback
 .text.HAL_PCD_DataOutStageCallback
                0x000000000800ddf4       0x36 USB_DEVICE/Target/usbd_conf.o
                0x000000000800ddf4                HAL_PCD_DataOutStageCallback
 .text.HAL_PCD_DataInStageCallback
                0x000000000800de2a       0x34 USB_DEVICE/Target/usbd_conf.o
                0x000000000800de2a                HAL_PCD_DataInStageCallback
 .text.HAL_PCD_SOFCallback
                0x000000000800de5e       0x1c USB_DEVICE/Target/usbd_conf.o
                0x000000000800de5e                HAL_PCD_SOFCallback
 .text.HAL_PCD_ResetCallback
                0x000000000800de7a       0x50 USB_DEVICE/Target/usbd_conf.o
                0x000000000800de7a                HAL_PCD_ResetCallback
 *fill*         0x000000000800deca        0x2 
 .text.HAL_PCD_SuspendCallback
                0x000000000800decc       0x4c USB_DEVICE/Target/usbd_conf.o
                0x000000000800decc                HAL_PCD_SuspendCallback
 .text.HAL_PCD_ResumeCallback
                0x000000000800df18       0x1c USB_DEVICE/Target/usbd_conf.o
                0x000000000800df18                HAL_PCD_ResumeCallback
 .text.HAL_PCD_ISOOUTIncompleteCallback
                0x000000000800df34       0x24 USB_DEVICE/Target/usbd_conf.o
                0x000000000800df34                HAL_PCD_ISOOUTIncompleteCallback
 .text.HAL_PCD_ISOINIncompleteCallback
                0x000000000800df58       0x24 USB_DEVICE/Target/usbd_conf.o
                0x000000000800df58                HAL_PCD_ISOINIncompleteCallback
 .text.HAL_PCD_ConnectCallback
                0x000000000800df7c       0x1c USB_DEVICE/Target/usbd_conf.o
                0x000000000800df7c                HAL_PCD_ConnectCallback
 .text.HAL_PCD_DisconnectCallback
                0x000000000800df98       0x1c USB_DEVICE/Target/usbd_conf.o
                0x000000000800df98                HAL_PCD_DisconnectCallback
 .text.USBD_LL_Init
                0x000000000800dfb4       0x98 USB_DEVICE/Target/usbd_conf.o
                0x000000000800dfb4                USBD_LL_Init
 .text.USBD_LL_Start
                0x000000000800e04c       0x36 USB_DEVICE/Target/usbd_conf.o
                0x000000000800e04c                USBD_LL_Start
 .text.USBD_LL_OpenEP
                0x000000000800e082       0x4c USB_DEVICE/Target/usbd_conf.o
                0x000000000800e082                USBD_LL_OpenEP
 .text.USBD_LL_CloseEP
                0x000000000800e0ce       0x3e USB_DEVICE/Target/usbd_conf.o
                0x000000000800e0ce                USBD_LL_CloseEP
 .text.USBD_LL_StallEP
                0x000000000800e10c       0x3e USB_DEVICE/Target/usbd_conf.o
                0x000000000800e10c                USBD_LL_StallEP
 .text.USBD_LL_ClearStallEP
                0x000000000800e14a       0x3e USB_DEVICE/Target/usbd_conf.o
                0x000000000800e14a                USBD_LL_ClearStallEP
 .text.USBD_LL_IsStallEP
                0x000000000800e188       0x58 USB_DEVICE/Target/usbd_conf.o
                0x000000000800e188                USBD_LL_IsStallEP
 .text.USBD_LL_SetUSBAddress
                0x000000000800e1e0       0x3e USB_DEVICE/Target/usbd_conf.o
                0x000000000800e1e0                USBD_LL_SetUSBAddress
 .text.USBD_LL_Transmit
                0x000000000800e21e       0x42 USB_DEVICE/Target/usbd_conf.o
                0x000000000800e21e                USBD_LL_Transmit
 .text.USBD_LL_PrepareReceive
                0x000000000800e260       0x42 USB_DEVICE/Target/usbd_conf.o
                0x000000000800e260                USBD_LL_PrepareReceive
 .text.USBD_LL_GetRxDataSize
                0x000000000800e2a2       0x26 USB_DEVICE/Target/usbd_conf.o
                0x000000000800e2a2                USBD_LL_GetRxDataSize
 .text.USBD_Get_USB_Status
                0x000000000800e2c8       0x58 USB_DEVICE/Target/usbd_conf.o
                0x000000000800e2c8                USBD_Get_USB_Status
 .text.__errno  0x000000000800e320        0xc c:/program files/st/stm32cubeide_1.4.0/stm32cubeide/plugins/com.st.stm32cube.ide.mcu.externaltools.gnu-tools-for-stm32.7-2018-q2-update.win32_1.4.0.202007081208/tools/bin/../lib/gcc/arm-none-eabi/7.3.1/../../../../arm-none-eabi/lib/thumb/v7e-m/fpv4-sp/hard\libc_nano.a(lib_a-errno.o)
                0x000000000800e320                __errno
 .text.__libc_init_array
                0x000000000800e32c       0x48 c:/program files/st/stm32cubeide_1.4.0/stm32cubeide/plugins/com.st.stm32cube.ide.mcu.externaltools.gnu-tools-for-stm32.7-2018-q2-update.win32_1.4.0.202007081208/tools/bin/../lib/gcc/arm-none-eabi/7.3.1/../../../../arm-none-eabi/lib/thumb/v7e-m/fpv4-sp/hard\libc_nano.a(lib_a-init.o)
                0x000000000800e32c                __libc_init_array
 .text.malloc   0x000000000800e374       0x10 c:/program files/st/stm32cubeide_1.4.0/stm32cubeide/plugins/com.st.stm32cube.ide.mcu.externaltools.gnu-tools-for-stm32.7-2018-q2-update.win32_1.4.0.202007081208/tools/bin/../lib/gcc/arm-none-eabi/7.3.1/../../../../arm-none-eabi/lib/thumb/v7e-m/fpv4-sp/hard\libc_nano.a(lib_a-malloc.o)
                0x000000000800e374                malloc
 .text.free     0x000000000800e384       0x10 c:/program files/st/stm32cubeide_1.4.0/stm32cubeide/plugins/com.st.stm32cube.ide.mcu.externaltools.gnu-tools-for-stm32.7-2018-q2-update.win32_1.4.0.202007081208/tools/bin/../lib/gcc/arm-none-eabi/7.3.1/../../../../arm-none-eabi/lib/thumb/v7e-m/fpv4-sp/hard\libc_nano.a(lib_a-malloc.o)
                0x000000000800e384                free
 .text.memcpy   0x000000000800e394       0x16 c:/program files/st/stm32cubeide_1.4.0/stm32cubeide/plugins/com.st.stm32cube.ide.mcu.externaltools.gnu-tools-for-stm32.7-2018-q2-update.win32_1.4.0.202007081208/tools/bin/../lib/gcc/arm-none-eabi/7.3.1/../../../../arm-none-eabi/lib/thumb/v7e-m/fpv4-sp/hard\libc_nano.a(lib_a-memcpy-stub.o)
                0x000000000800e394                memcpy
 .text.memset   0x000000000800e3aa       0x10 c:/program files/st/stm32cubeide_1.4.0/stm32cubeide/plugins/com.st.stm32cube.ide.mcu.externaltools.gnu-tools-for-stm32.7-2018-q2-update.win32_1.4.0.202007081208/tools/bin/../lib/gcc/arm-none-eabi/7.3.1/../../../../arm-none-eabi/lib/thumb/v7e-m/fpv4-sp/hard\libc_nano.a(lib_a-memset.o)
                0x000000000800e3aa                memset
 *fill*         0x000000000800e3ba        0x2 
 .text._free_r  0x000000000800e3bc       0x9c c:/program files/st/stm32cubeide_1.4.0/stm32cubeide/plugins/com.st.stm32cube.ide.mcu.externaltools.gnu-tools-for-stm32.7-2018-q2-update.win32_1.4.0.202007081208/tools/bin/../lib/gcc/arm-none-eabi/7.3.1/../../../../arm-none-eabi/lib/thumb/v7e-m/fpv4-sp/hard\libc_nano.a(lib_a-nano-freer.o)
                0x000000000800e3bc                _free_r
 .text._malloc_r
                0x000000000800e458       0xb4 c:/program files/st/stm32cubeide_1.4.0/stm32cubeide/plugins/com.st.stm32cube.ide.mcu.externaltools.gnu-tools-for-stm32.7-2018-q2-update.win32_1.4.0.202007081208/tools/bin/../lib/gcc/arm-none-eabi/7.3.1/../../../../arm-none-eabi/lib/thumb/v7e-m/fpv4-sp/hard\libc_nano.a(lib_a-nano-mallocr.o)
                0x000000000800e458                _malloc_r
 .text.__cvt    0x000000000800e50c       0xc2 c:/program files/st/stm32cubeide_1.4.0/stm32cubeide/plugins/com.st.stm32cube.ide.mcu.externaltools.gnu-tools-for-stm32.7-2018-q2-update.win32_1.4.0.202007081208/tools/bin/../lib/gcc/arm-none-eabi/7.3.1/../../../../arm-none-eabi/lib/thumb/v7e-m/fpv4-sp/hard\libc_nano.a(lib_a-nano-vfprintf_float.o)
                0x000000000800e50c                __cvt
 .text.__exponent
                0x000000000800e5ce       0x66 c:/program files/st/stm32cubeide_1.4.0/stm32cubeide/plugins/com.st.stm32cube.ide.mcu.externaltools.gnu-tools-for-stm32.7-2018-q2-update.win32_1.4.0.202007081208/tools/bin/../lib/gcc/arm-none-eabi/7.3.1/../../../../arm-none-eabi/lib/thumb/v7e-m/fpv4-sp/hard\libc_nano.a(lib_a-nano-vfprintf_float.o)
                0x000000000800e5ce                __exponent
 .text._printf_float
                0x000000000800e634      0x480 c:/program files/st/stm32cubeide_1.4.0/stm32cubeide/plugins/com.st.stm32cube.ide.mcu.externaltools.gnu-tools-for-stm32.7-2018-q2-update.win32_1.4.0.202007081208/tools/bin/../lib/gcc/arm-none-eabi/7.3.1/../../../../arm-none-eabi/lib/thumb/v7e-m/fpv4-sp/hard\libc_nano.a(lib_a-nano-vfprintf_float.o)
                0x000000000800e634                _printf_float
 .text._printf_common
                0x000000000800eab4       0xea c:/program files/st/stm32cubeide_1.4.0/stm32cubeide/plugins/com.st.stm32cube.ide.mcu.externaltools.gnu-tools-for-stm32.7-2018-q2-update.win32_1.4.0.202007081208/tools/bin/../lib/gcc/arm-none-eabi/7.3.1/../../../../arm-none-eabi/lib/thumb/v7e-m/fpv4-sp/hard\libc_nano.a(lib_a-nano-vfprintf_i.o)
                0x000000000800eab4                _printf_common
 *fill*         0x000000000800eb9e        0x2 
 .text._sbrk_r  0x000000000800eba0       0x20 c:/program files/st/stm32cubeide_1.4.0/stm32cubeide/plugins/com.st.stm32cube.ide.mcu.externaltools.gnu-tools-for-stm32.7-2018-q2-update.win32_1.4.0.202007081208/tools/bin/../lib/gcc/arm-none-eabi/7.3.1/../../../../arm-none-eabi/lib/thumb/v7e-m/fpv4-sp/hard\libc_nano.a(lib_a-sbrkr.o)
                0x000000000800eba0                _sbrk_r
 .text.quorem   0x000000000800ebc0      0x118 c:/program files/st/stm32cubeide_1.4.0/stm32cubeide/plugins/com.st.stm32cube.ide.mcu.externaltools.gnu-tools-for-stm32.7-2018-q2-update.win32_1.4.0.202007081208/tools/bin/../lib/gcc/arm-none-eabi/7.3.1/../../../../arm-none-eabi/lib/thumb/v7e-m/fpv4-sp/hard\libc_nano.a(lib_a-dtoa.o)
 .text._dtoa_r  0x000000000800ecd8      0xb70 c:/program files/st/stm32cubeide_1.4.0/stm32cubeide/plugins/com.st.stm32cube.ide.mcu.externaltools.gnu-tools-for-stm32.7-2018-q2-update.win32_1.4.0.202007081208/tools/bin/../lib/gcc/arm-none-eabi/7.3.1/../../../../arm-none-eabi/lib/thumb/v7e-m/fpv4-sp/hard\libc_nano.a(lib_a-dtoa.o)
                0x000000000800ecd8                _dtoa_r
 .text._localeconv_r
                0x000000000800f848       0x1c c:/program files/st/stm32cubeide_1.4.0/stm32cubeide/plugins/com.st.stm32cube.ide.mcu.externaltools.gnu-tools-for-stm32.7-2018-q2-update.win32_1.4.0.202007081208/tools/bin/../lib/gcc/arm-none-eabi/7.3.1/../../../../arm-none-eabi/lib/thumb/v7e-m/fpv4-sp/hard\libc_nano.a(lib_a-localeconv.o)
                0x000000000800f848                _localeconv_r
 .text.__malloc_lock
                0x000000000800f864        0x2 c:/program files/st/stm32cubeide_1.4.0/stm32cubeide/plugins/com.st.stm32cube.ide.mcu.externaltools.gnu-tools-for-stm32.7-2018-q2-update.win32_1.4.0.202007081208/tools/bin/../lib/gcc/arm-none-eabi/7.3.1/../../../../arm-none-eabi/lib/thumb/v7e-m/fpv4-sp/hard\libc_nano.a(lib_a-mlock.o)
                0x000000000800f864                __malloc_lock
 .text.__malloc_unlock
                0x000000000800f866        0x2 c:/program files/st/stm32cubeide_1.4.0/stm32cubeide/plugins/com.st.stm32cube.ide.mcu.externaltools.gnu-tools-for-stm32.7-2018-q2-update.win32_1.4.0.202007081208/tools/bin/../lib/gcc/arm-none-eabi/7.3.1/../../../../arm-none-eabi/lib/thumb/v7e-m/fpv4-sp/hard\libc_nano.a(lib_a-mlock.o)
                0x000000000800f866                __malloc_unlock
 .text._Balloc  0x000000000800f868       0x68 c:/program files/st/stm32cubeide_1.4.0/stm32cubeide/plugins/com.st.stm32cube.ide.mcu.externaltools.gnu-tools-for-stm32.7-2018-q2-update.win32_1.4.0.202007081208/tools/bin/../lib/gcc/arm-none-eabi/7.3.1/../../../../arm-none-eabi/lib/thumb/v7e-m/fpv4-sp/hard\libc_nano.a(lib_a-mprec.o)
                0x000000000800f868                _Balloc
 .text._Bfree   0x000000000800f8d0       0x2e c:/program files/st/stm32cubeide_1.4.0/stm32cubeide/plugins/com.st.stm32cube.ide.mcu.externaltools.gnu-tools-for-stm32.7-2018-q2-update.win32_1.4.0.202007081208/tools/bin/../lib/gcc/arm-none-eabi/7.3.1/../../../../arm-none-eabi/lib/thumb/v7e-m/fpv4-sp/hard\libc_nano.a(lib_a-mprec.o)
                0x000000000800f8d0                _Bfree
 .text.__multadd
                0x000000000800f8fe       0x76 c:/program files/st/stm32cubeide_1.4.0/stm32cubeide/plugins/com.st.stm32cube.ide.mcu.externaltools.gnu-tools-for-stm32.7-2018-q2-update.win32_1.4.0.202007081208/tools/bin/../lib/gcc/arm-none-eabi/7.3.1/../../../../arm-none-eabi/lib/thumb/v7e-m/fpv4-sp/hard\libc_nano.a(lib_a-mprec.o)
                0x000000000800f8fe                __multadd
 .text.__hi0bits
                0x000000000800f974       0x3e c:/program files/st/stm32cubeide_1.4.0/stm32cubeide/plugins/com.st.stm32cube.ide.mcu.externaltools.gnu-tools-for-stm32.7-2018-q2-update.win32_1.4.0.202007081208/tools/bin/../lib/gcc/arm-none-eabi/7.3.1/../../../../arm-none-eabi/lib/thumb/v7e-m/fpv4-sp/hard\libc_nano.a(lib_a-mprec.o)
                0x000000000800f974                __hi0bits
 .text.__lo0bits
                0x000000000800f9b2       0x5e c:/program files/st/stm32cubeide_1.4.0/stm32cubeide/plugins/com.st.stm32cube.ide.mcu.externaltools.gnu-tools-for-stm32.7-2018-q2-update.win32_1.4.0.202007081208/tools/bin/../lib/gcc/arm-none-eabi/7.3.1/../../../../arm-none-eabi/lib/thumb/v7e-m/fpv4-sp/hard\libc_nano.a(lib_a-mprec.o)
                0x000000000800f9b2                __lo0bits
 .text.__i2b    0x000000000800fa10       0x12 c:/program files/st/stm32cubeide_1.4.0/stm32cubeide/plugins/com.st.stm32cube.ide.mcu.externaltools.gnu-tools-for-stm32.7-2018-q2-update.win32_1.4.0.202007081208/tools/bin/../lib/gcc/arm-none-eabi/7.3.1/../../../../arm-none-eabi/lib/thumb/v7e-m/fpv4-sp/hard\libc_nano.a(lib_a-mprec.o)
                0x000000000800fa10                __i2b
 .text.__multiply
                0x000000000800fa22      0x12c c:/program files/st/stm32cubeide_1.4.0/stm32cubeide/plugins/com.st.stm32cube.ide.mcu.externaltools.gnu-tools-for-stm32.7-2018-q2-update.win32_1.4.0.202007081208/tools/bin/../lib/gcc/arm-none-eabi/7.3.1/../../../../arm-none-eabi/lib/thumb/v7e-m/fpv4-sp/hard\libc_nano.a(lib_a-mprec.o)