23:57:27 **** Incremental Build of configuration Debug for project Eboard Sidecar Firmware ****
make -j8 all 
arm-none-eabi-gcc "../Core/Src/board_lights.c" -mcpu=cortex-m4 -std=gnu11 -g3 -DUSE_HAL_DRIVER -DSTM32F401xE -DDEBUG -c -I../Core/Inc -I../Drivers/STM32F4xx_HAL_Driver/Inc -I../Drivers/STM32F4xx_HAL_Driver/Inc/Legacy -I../Middlewares/Third_Party/FreeRTOS/Source/include -I../Middlewares/Third_Party/FreeRTOS/Source/CMSIS_RTOS_V2 -I../Middlewares/Third_Party/FreeRTOS/Source/portable/GCC/ARM_CM4F -I../Drivers/CMSIS/Device/ST/STM32F4xx/Include -I../Drivers/CMSIS/Include -I../USB_DEVICE/App -I../USB_DEVICE/Target -I../Middlewares/ST/STM32_USB_Device_Library/Core/Inc -I../Middlewares/ST/STM32_USB_Device_Library/Class/CDC/Inc -O0 -ffunction-sections -fdata-sections -Wall -fstack-usage -MMD -MP -MF"Core/Src/board_lights.d" -MT"Core/Src/board_lights.o" --specs=nano.specs -mfpu=fpv4-sp-d16 -mfloat-abi=hard -mthumb -o "Core/Src/board_lights.o"
arm-none-eabi-gcc -o "Eboard Sidecar Firmware.elf" @"objects.list"   -mcpu=cortex-m4 -T"D:\Documents\Projects\EBoard-Sidecar-Firmware\Eboard Sidecar Firmware\STM32F401RETX_FLASH.ld" --specs=nosys.specs -Wl,-Map="Eboard Sidecar Firmware.map" -Wl,--gc-sections -static -u _printf_float --specs=nano.specs -mfpu=fpv4-sp-d16 -mfloat-abi=hard -mthumb -Wl,--start-group -lc -lm -Wl,--end-group
Finished building target: Eboard Sidecar Firmware.elf
 
arm-none-eabi-objdump -h -S  Eboard\ Sidecar\ Firmware.elf  > "Eboard Sidecar Firmware.list"
arm-none-eabi-objcopy  -O binary  Eboard\ Sidecar\ Firmware.elf  "Eboard Sidecar Firmware.bin"
arm-none-eabi-size   Eboard\ Sidecar\ Firmware.elf 
   text	   data	    bss	    dec	    hex	filename
  72372	    860	  46300	 119532	  1d2ec	Eboard Sidecar Firmware.elf
Finished building: default.size.stdout
 
Finished building: Eboard Sidecar Firmware.bin
 
Finished building: Eboard Sidecar Firmware.list
 
23:57:36 **** Incremental Build of configuration Debug for project Eboard Sidecar Firmware ****
make -j8 all 
arm-none-eabi-size   Eboard\ Sidecar\ Firmware.elf 
   text	   data	    bss	    dec	    hex	filename
  72372	    860	  46300	 119532	  1d2ec	Eboard Sidecar Firmware.elf
Finished building: default.size.stdout
 
23:59:33 **** Incremental Build of configuration Debug for project Eboard Sidecar Firmware ****
make -j8 all 
arm-none-eabi-gcc "../Core/Src/board_lights.c" -mcpu=cortex-m4 -std=gnu11 -g3 -DUSE_HAL_DRIVER -DSTM32F401xE -DDEBUG -c -I../Core/Inc -I../Drivers/STM32F4xx_HAL_Driver/Inc -I../Drivers/STM32F4xx_HAL_Driver/Inc/Legacy -I../Middlewares/Third_Party/FreeRTOS/Source/include -I../Middlewares/Third_Party/FreeRTOS/Source/CMSIS_RTOS_V2 -I../Middlewares/Third_Party/FreeRTOS/Source/portable/GCC/ARM_CM4F -I../Drivers/CMSIS/Device/ST/STM32F4xx/Include -I../Drivers/CMSIS/Include -I../USB_DEVICE/App -I../USB_DEVICE/Target -I../Middlewares/ST/STM32_USB_Device_Library/Core/Inc -I../Middlewares/ST/STM32_USB_Device_Library/Class/CDC/Inc -O0 -ffunction-sections -fdata-sections -Wall -fstack-usage -MMD -MP -MF"Core/Src/board_lights.d" -MT"Core/Src/board_lights.o" --specs=nano.specs -mfpu=fpv4-sp-d16 -mfloat-abi=hard -mthumb -o "Core/Src/board_lights.o"
arm-none-eabi-gcc -o "Eboard Sidecar Firmware.elf" @"objects.list"   -mcpu=cortex-m4 -T"D:\Documents\Projects\EBoard-Sidecar-Firmware\Eboard Sidecar Firmware\STM32F401RETX_FLASH.ld" --specs=nosys.specs -Wl,-Map="Eboard Sidecar Firmware.map" -Wl,--gc-sections -static -u _printf_float --specs=nano.specs -mfpu=fpv4-sp-d16 -mfloat-abi=hard -mthumb -Wl,--start-group -lc -lm -Wl,--end-group
Finished building target: Eboard Sidecar Firmware.elf
 
arm-none-eabi-objdump -h -S  Eboard\ Sidecar\ Firmware.elf  > "Eboard Sidecar Firmware.list"
arm-none-eabi-objcopy  -O binary  Eboard\ Sidecar\ Firmware.elf  "Eboard Sidecar Firmware.bin"
arm-none-eabi-size   Eboard\ Sidecar\ Firmware.elf 
   text	   data	    bss	    dec	    hex	filename
  68680	    860	  46300	 115840	  1c480	Eboard Sidecar Firmware.elf
Finished building: default.size.stdout
 
Finished building: Eboard Sidecar Firmware.bin
 
Finished building: Eboard Sidecar Firmware.list
 
00:01:07 **** Incremental Build of configuration Debug for project Eboard Sidecar Firmware ****
make -j8 all 
arm-none-eabi-gcc "../Core/Src/buzzer.c" -mcpu=cortex-m4 -std=gnu11 -g3 -DUSE_HAL_DRIVER -DSTM32F401xE -DDEBUG -c -I../Core/Inc -I../Drivers/STM32F4xx_HAL_Driver/Inc -I../Drivers/STM32F4xx_HAL_Driver/Inc/Legacy -I../Middlewares/Third_Party/FreeRTOS/Source/include -I../Middlewares/Third_Party/FreeRTOS/Source/CMSIS_RTOS_V2 -I../Middlewares/Third_Party/FreeRTOS/Source/portable/GCC/ARM_CM4F -I../Drivers/CMSIS/Device/ST/STM32F4xx/Include -I../Drivers/CMSIS/Include -I../USB_DEVICE/App -I../USB_DEVICE/Target -I../Middlewares/ST/STM32_USB_Device_Library/Core/Inc -I../Middlewares/ST/STM32_USB_Device_Library/Class/CDC/Inc -O0 -ffunction-sections -fdata-sections -Wall -fstack-usage -MMD -MP -MF"Core/Src/buzzer.d" -MT"Core/Src/buzzer.o" --specs=nano.specs -mfpu=fpv4-sp-d16 -mfloat-abi=hard -mthumb -o "Core/Src/buzzer.o"
arm-none-eabi-gcc -o "Eboard Sidecar Firmware.elf" @"objects.list"   -mcpu=cortex-m4 -T"D:\Documents\Projects\EBoard-Sidecar-Firmware\Eboard Sidecar Firmware\STM32F401RETX_FLASH.ld" --specs=nosys.specs -Wl,-Map="Eboard Sidecar Firmware.map" -Wl,--gc-sections -static -u _printf_float --specs=nano.specs -mfpu=fpv4-sp-d16 -mfloat-abi=hard -mthumb -Wl,--start-group -lc -lm -Wl,--end-group
Finished building target: Eboard Sidecar Firmware.elf
 
arm-none-eabi-objdump -h -S  Eboard\ Sidecar\ Firmware.elf  > "Eboard Sidecar Firmware.list"
arm-none-eabi-objcopy  -O binary  Eboard\ Sidecar\ Firmware.elf  "Eboard Sidecar Firmware.bin"
arm-none-eabi-size   Eboard\ Sidecar\ Firmware.elf 
   text	   data	    bss	    dec	    hex	filename
  68680	    860	  46300	 115840	  1c480	Eboard Sidecar Firmware.elf
Finished building: default.size.stdout
 
Finished building: Eboard Sidecar Firmware.bin
 
Finished building: Eboard Sidecar Firmware.list
 
