14:27:51 **** Incremental Build of configuration Debug for project USB VCP Test ****
make -j8 all 
arm-none-eabi-gcc "../Core/Src/batt_monitor.c" -mcpu=cortex-m4 -std=gnu11 -g3 -DUSE_HAL_DRIVER -DSTM32F401xE -DDEBUG -c -I../Core/Inc -I../Drivers/STM32F4xx_HAL_Driver/Inc -I../Drivers/STM32F4xx_HAL_Driver/Inc/Legacy -I../Middlewares/Third_Party/FreeRTOS/Source/include -I../Middlewares/Third_Party/FreeRTOS/Source/CMSIS_RTOS_V2 -I../Middlewares/Third_Party/FreeRTOS/Source/portable/GCC/ARM_CM4F -I../Drivers/CMSIS/Device/ST/STM32F4xx/Include -I../Drivers/CMSIS/Include -I../USB_DEVICE/App -I../USB_DEVICE/Target -I../Middlewares/ST/STM32_USB_Device_Library/Core/Inc -I../Middlewares/ST/STM32_USB_Device_Library/Class/CDC/Inc -O0 -ffunction-sections -fdata-sections -Wall -fstack-usage -MMD -MP -MF"Core/Src/batt_monitor.d" -MT"Core/Src/batt_monitor.o" --specs=nano.specs -mfpu=fpv4-sp-d16 -mfloat-abi=hard -mthumb -o "Core/Src/batt_monitor.o"
arm-none-eabi-gcc -o "USB VCP Test.elf" @"objects.list"   -mcpu=cortex-m4 -T"D:\Documents\Projects\EBoard-Sidecar-Firmware\USB VCP Test\STM32F401RETX_FLASH.ld" --specs=nosys.specs -Wl,-Map="USB VCP Test.map" -Wl,--gc-sections -static -u _printf_float --specs=nano.specs -mfpu=fpv4-sp-d16 -mfloat-abi=hard -mthumb -Wl,--start-group -lc -lm -Wl,--end-group
Finished building target: USB VCP Test.elf
 
arm-none-eabi-objdump -h -S  USB\ VCP\ Test.elf  > "USB VCP Test.list"
arm-none-eabi-objcopy  -O binary  USB\ VCP\ Test.elf  "USB VCP Test.bin"
arm-none-eabi-size   USB\ VCP\ Test.elf 
   text	   data	    bss	    dec	    hex	filename
  65944	    860	  46148	 112952	  1b938	USB VCP Test.elf
Finished building: default.size.stdout
 
Finished building: USB VCP Test.bin
 
Finished building: USB VCP Test.list
 

14:27:52 Build Finished. 0 errors, 0 warnings. (took 1s.322ms)

